stm32f4xx_ll_spi.h:298:22:LL_SPI_Enable	16	static
stm32f4xx_ll_spi.h:366:22:LL_SPI_SetStandard	16	static
stm32f4xx_ll_spi.h:732:26:LL_SPI_IsActiveFlag_RXNE	16	static
stm32f4xx_ll_spi.h:743:26:LL_SPI_IsActiveFlag_TXE	16	static
stm32f4xx_ll_spi.h:1076:25:LL_SPI_ReceiveData8	16	static
stm32f4xx_ll_spi.h:1099:22:LL_SPI_TransmitData8	24	static
stm32f4xx_ll_gpio.h:801:26:LL_GPIO_IsInputPinSet	16	static
stm32f4xx_ll_gpio.h:882:22:LL_GPIO_SetOutputPin	16	static
stm32f4xx_ll_gpio.h:911:22:LL_GPIO_ResetOutputPin	16	static
stm32f4xx_ll_bus.h:411:22:LL_AHB1_GRP1_EnableClock	24	static
stm32f4xx_ll_bus.h:1706:22:LL_APB2_GRP1_EnableClock	24	static
ICM20602.c:29:6:ICM20602_GPIO_SPI_Initialization	72	static
ICM20602.c:92:15:SPI1_SendByte	16	static
ICM20602.c:103:9:ICM20602_Readbyte	24	static
ICM20602.c:115:6:ICM20602_Readbytes	32	static
ICM20602.c:128:6:ICM20602_Writebyte	16	static
ICM20602.c:136:6:ICM20602_Writebytes	24	static
ICM20602.c:149:5:ICM20602_Initialization	24	static
ICM20602.c:237:6:ICM20602_Get6AxisRawData	32	static
ICM20602.c:251:6:ICM20602_Get3AxisGyroRawData	24	static
ICM20602.c:261:6:ICM20602_Get3AxisAccRawData	24	static
ICM20602.c:271:5:ICM20602_DataReady	8	static
