stm32f4xx_ll_tim.h:1070:22:LL_TIM_EnableCounter	16	static
stm32f4xx_ll_tim.h:1553:22:LL_TIM_CC_EnableChannel	16	static
stm32f4xx_ll_tim.h:1578:22:LL_TIM_CC_DisableChannel	16	static
stm32f4xx_ll_tim.h:3395:22:LL_TIM_EnableIT_UPDATE	16	static
stm32f4xx_ll_usart.h:1813:26:LL_USART_IsActiveFlag_TXE	16	static
stm32f4xx_ll_usart.h:2034:22:LL_USART_EnableIT_RXNE	16	static
stm32f4xx_ll_usart.h:2425:22:LL_USART_TransmitData8	16	static
stm32f4xx_ll_gpio.h:882:22:LL_GPIO_SetOutputPin	16	static
stm32f4xx_ll_gpio.h:911:22:LL_GPIO_ResetOutputPin	16	static
stm32f4xx_ll_gpio.h:940:22:LL_GPIO_TogglePin	24	static
main.c:45:5:_write	32	static
main.c:137:5:main	104	static
main.c:975:6:SystemClock_Config	88	static
main.c:1015:5:Is_iBus_Throttle_min	8	static
main.c:1030:6:ESC_Calibration	8	static
main.c:1045:5:Is_iBus_Received	8	static
main.c:1059:6:BNO080_Calibration	96	static
main.c:1181:6:HAL_UART_RxCpltCallback	16	static
main.c:1222:6:Encode_Msg_AHRS	24	static
main.c:1260:6:Encode_Msg_GPS	32	static
main.c:1296:6:Encode_Msg_PID_Gain	40	static
main.c:1323:7:Sensor_fusion	24	static
main.c:1328:6:Encode_Msg_Motor	16	static
main.c:1382:6:Encode_Msg_Altitude	16	static
main.c:1402:6:Error_Handler	4	static,ignoring_inline_asm
