stm32f4xx_ll_tim.h:3124:22:LL_TIM_ClearFlag_UPDATE	16	static
stm32f4xx_ll_tim.h:3135:26:LL_TIM_IsActiveFlag_UPDATE	16	static
stm32f4xx_ll_usart.h:1791:26:LL_USART_IsActiveFlag_RXNE	16	static
stm32f4xx_ll_usart.h:1978:22:LL_USART_ClearFlag_RXNE	16	static
stm32f4xx_ll_usart.h:2402:25:LL_USART_ReceiveData8	16	static
stm32f4xx_it.c:95:6:NMI_Handler	4	static
stm32f4xx_it.c:110:6:HardFault_Handler	4	static
stm32f4xx_it.c:125:6:MemManage_Handler	4	static
stm32f4xx_it.c:140:6:BusFault_Handler	4	static
stm32f4xx_it.c:155:6:UsageFault_Handler	4	static
stm32f4xx_it.c:170:6:SVC_Handler	4	static
stm32f4xx_it.c:183:6:DebugMon_Handler	4	static
stm32f4xx_it.c:196:6:PendSV_Handler	4	static
stm32f4xx_it.c:209:6:SysTick_Handler	8	static
stm32f4xx_it.c:230:6:USART1_IRQHandler	8	static
stm32f4xx_it.c:244:6:UART4_IRQHandler	8	static
stm32f4xx_it.c:296:6:UART5_IRQHandler	8	static
stm32f4xx_it.c:348:6:TIM7_IRQHandler	8	static
stm32f4xx_it.c:394:6:DMA2_Stream7_IRQHandler	8	static
stm32f4xx_it.c:408:6:USART6_IRQHandler	8	static
