17:06:42 **** Incremental Build of configuration Debug for project Flight Contoroller ****
make -j8 all 
arm-none-eabi-gcc "../Core/Src/main.c" -mcpu=cortex-m4 -std=gnu11 -g3 -DDEBUG -DUSE_HAL_DRIVER -DSTM32F405xx -DUSE_FULL_LL_DRIVER -c -I../Core/Inc -I../Drivers/STM32F4xx_HAL_Driver/Inc -I../Drivers/STM32F4xx_HAL_Driver/Inc/Legacy -I../Drivers/CMSIS/Device/ST/STM32F4xx/Include -I../Drivers/CMSIS/Include -O0 -ffunction-sections -fdata-sections -Wall -fstack-usage -MMD -MP -MF"Core/Src/main.d" -MT"Core/Src/main.o" --specs=nano.specs -mfpu=fpv4-sp-d16 -mfloat-abi=hard -mthumb -o "Core/Src/main.o"
In file included from ../Core/Src/main.c:33:
../Core/Inc/icm20602.h:64: warning: "CHIP_SELECT" redefined
   64 | #define CHIP_SELECT(ICM20602)  LL_GPIO_ResetOutputPin(ICM20602_SPI_CS_PORT, ICM20602_SPI_CS_PIN)
      | 
In file included from ../Core/Src/main.c:31:
../Core/Inc/bno080.h:87: note: this is the location of the previous definition
   87 | #define CHIP_SELECT(BNO080)  LL_GPIO_ResetOutputPin(BNO080_SPI_CS_PORT, BNO080_SPI_CS_PIN)
      | 
In file included from ../Core/Src/main.c:33:
../Core/Inc/icm20602.h:65: warning: "CHIP_DESELECT" redefined
   65 | #define CHIP_DESELECT(ICM20602)  LL_GPIO_SetOutputPin(ICM20602_SPI_CS_PORT, ICM20602_SPI_CS_PIN)
      | 
In file included from ../Core/Src/main.c:31:
../Core/Inc/bno080.h:88: note: this is the location of the previous definition
   88 | #define CHIP_DESELECT(BNO080) LL_GPIO_SetOutputPin(BNO080_SPI_CS_PORT, BNO080_SPI_CS_PIN)
      | 
In file included from ../Core/Src/main.c:38:
../Core/Inc/lps22hh.h:65: warning: "CHIP_SELECT" redefined
   65 | #define CHIP_SELECT(LPS22HH)  LL_GPIO_ResetOutputPin(LPS22HH_SPI_CS_PORT, LPS22HH_SPI_CS_PIN)
      | 
In file included from ../Core/Src/main.c:33:
../Core/Inc/icm20602.h:64: note: this is the location of the previous definition
   64 | #define CHIP_SELECT(ICM20602)  LL_GPIO_ResetOutputPin(ICM20602_SPI_CS_PORT, ICM20602_SPI_CS_PIN)
      | 
In file included from ../Core/Src/main.c:38:
../Core/Inc/lps22hh.h:66: warning: "CHIP_DESELECT" redefined
   66 | #define CHIP_DESELECT(LPS22HH)  LL_GPIO_SetOutputPin(LPS22HH_SPI_CS_PORT, LPS22HH_SPI_CS_PIN)
      | 
In file included from ../Core/Src/main.c:33:
../Core/Inc/icm20602.h:65: note: this is the location of the previous definition
   65 | #define CHIP_DESELECT(ICM20602)  LL_GPIO_SetOutputPin(ICM20602_SPI_CS_PORT, ICM20602_SPI_CS_PIN)
      | 
In file included from ../Core/Src/main.c:38:
../Core/Inc/lps22hh.h:79: warning: "WHO_AM_I" redefined
   79 | #define WHO_AM_I  0x0F
      | 
In file included from ../Core/Src/main.c:33:
../Core/Inc/icm20602.h:132: note: this is the location of the previous definition
  132 | #define WHO_AM_I 0x75 //The default value of the register is 0x12.
      | 
In file included from ../Core/Src/main.c:38:
../Core/Inc/lps22hh.h:98: warning: "TEMP_OUT_L" redefined
   98 | #define TEMP_OUT_L  0x2B
      | 
In file included from ../Core/Src/main.c:33:
../Core/Inc/icm20602.h:111: note: this is the location of the previous definition
  111 | #define TEMP_OUT_L 0x42
      | 
In file included from ../Core/Src/main.c:38:
../Core/Inc/lps22hh.h:99: warning: "TEMP_OUT_H" redefined
   99 | #define TEMP_OUT_H  0x2C
      | 
In file included from ../Core/Src/main.c:33:
../Core/Inc/icm20602.h:110: note: this is the location of the previous definition
  110 | #define TEMP_OUT_H 0x41
      | 
../Core/Src/main.c: In function 'main':
../Core/Src/main.c:222:3: warning: implicit declaration of function 'printf' [-Wimplicit-function-declaration]
  222 |   printf("Checking sensor connection!\n");
      |   ^~~~~~
../Core/Src/main.c:222:3: warning: incompatible implicit declaration of built-in function 'printf'
../Core/Src/main.c:41:1: note: include '<stdio.h>' or provide a declaration of 'printf'
   40 | #include "XAVIER.h"
  +++ |+#include <stdio.h>
   41 | /* USER CODE END Includes */
../Core/Src/main.c:331:3: warning: implicit declaration of function 'ICM20602_Writebyte' [-Wimplicit-function-declaration]
  331 |   ICM20602_Writebyte(0x13, (gyro_x_offset*-2)>>8);
      |   ^~~~~~~~~~~~~~~~~~
../Core/Src/main.c:543:22: warning: statement with no effect [-Wunused-value]
  543 |     m8n_rx_cplt_flag == 0;
      |     ~~~~~~~~~~~~~~~~~^~~~
../Core/Src/main.c:947:19: warning: passing argument 1 of 'iBus_Parsing' from incompatible pointer type [-Wincompatible-pointer-types]
  947 |      iBus_Parsing(&ibus_rx_buf, &iBus);
      |                   ^~~~~~~~~~~~
      |                   |
      |                   uint8_t (*)[32] {aka unsigned char (*)[32]}
In file included from ../Core/Src/main.c:34:
../Core/Inc/FS-iA6B.h:28:34: note: expected 'unsigned char *' but argument is of type 'uint8_t (*)[32]' {aka 'unsigned char (*)[32]'}
   28 | void iBus_Parsing(unsigned char* data, FSiA6B_iBus* iBus);
      |                   ~~~~~~~~~~~~~~~^~~~
../Core/Src/main.c:156:9: warning: unused variable 'mode' [-Wunused-variable]
  156 | uint8_t mode = 0;
      |         ^~~~
../Core/Src/main.c:151:5: warning: unused variable 'gps_cnt' [-Wunused-variable]
  151 | int gps_cnt = 0;
      |     ^~~~~~~
../Core/Src/main.c:150:5: warning: unused variable 'manual_throttle' [-Wunused-variable]
  150 | int manual_throttle;
      |     ^~~~~~~~~~~~~~~
../Core/Src/main.c:142:7: warning: variable 'quatRadianAccuracy' set but not used [-Wunused-but-set-variable]
  142 | float quatRadianAccuracy;
      |       ^~~~~~~~~~~~~~~~~~
../Core/Src/main.c: In function 'Is_iBus_Throttle_min':
../Core/Src/main.c:1034:17: warning: passing argument 1 of 'iBus_Parsing' from incompatible pointer type [-Wincompatible-pointer-types]
 1034 |    iBus_Parsing(&ibus_rx_buf, &iBus);
      |                 ^~~~~~~~~~~~
      |                 |
      |                 uint8_t (*)[32] {aka unsigned char (*)[32]}
In file included from ../Core/Src/main.c:34:
../Core/Inc/FS-iA6B.h:28:34: note: expected 'unsigned char *' but argument is of type 'uint8_t (*)[32]' {aka 'unsigned char (*)[32]'}
   28 | void iBus_Parsing(unsigned char* data, FSiA6B_iBus* iBus);
      |                   ~~~~~~~~~~~~~~~^~~~
../Core/Src/main.c: In function 'Is_iBus_Received':
../Core/Src/main.c:1064:18: warning: passing argument 1 of 'iBus_Parsing' from incompatible pointer type [-Wincompatible-pointer-types]
 1064 |     iBus_Parsing(&ibus_rx_buf, &iBus);
      |                  ^~~~~~~~~~~~
      |                  |
      |                  uint8_t (*)[32] {aka unsigned char (*)[32]}
In file included from ../Core/Src/main.c:34:
../Core/Inc/FS-iA6B.h:28:34: note: expected 'unsigned char *' but argument is of type 'uint8_t (*)[32]' {aka 'unsigned char (*)[32]'}
   28 | void iBus_Parsing(unsigned char* data, FSiA6B_iBus* iBus);
      |                   ~~~~~~~~~~~~~~~^~~~
../Core/Src/main.c: In function 'BNO080_Calibration':
../Core/Src/main.c:1085:4: warning: incompatible implicit declaration of built-in function 'printf'
 1085 |    printf("Calibrating BNO080. Pull up FS-i6 SWC to end calibration and save to flash\n");
      |    ^~~~~~
../Core/Src/main.c:1085:4: note: include '<stdio.h>' or provide a declaration of 'printf'
../Core/Src/main.c:1103:10: warning: unused variable 'quatK' [-Wunused-variable]
 1103 |    float quatK = BNO080_getQuatK();
      |          ^~~~~
../Core/Src/main.c:1102:10: warning: unused variable 'quatJ' [-Wunused-variable]
 1102 |    float quatJ = BNO080_getQuatJ();
      |          ^~~~~
../Core/Src/main.c: In function 'HAL_UART_RxCpltCallback':
../Core/Src/main.c:1196:5: warning: suggest parentheses around assignment used as truth value [-Wparentheses]
 1196 |  if(huart->Instance = USART1)
      |     ^~~~~
../Core/Src/main.c: In function '_write':
../Core/Src/main.c:53:1: warning: control reaches end of non-void function [-Wreturn-type]
   53 | }
      | ^
arm-none-eabi-gcc -o "Flight Contoroller.elf" @"objects.list"   -mcpu=cortex-m4 -T"C:\Users\jngeun\Desktop\KUAV\STM32F4\Flight Contoroller\STM32F405RGTX_FLASH.ld" --specs=nosys.specs -Wl,-Map="Flight Contoroller.map" -Wl,--gc-sections -static -u _printf_float --specs=nano.specs -mfpu=fpv4-sp-d16 -mfloat-abi=hard -mthumb -Wl,--start-group -lc -lm -Wl,--end-group
Finished building target: Flight Contoroller.elf
 
arm-none-eabi-objdump -h -S  Flight\ Contoroller.elf  > "Flight Contoroller.list"
arm-none-eabi-objcopy  -O binary  Flight\ Contoroller.elf  "Flight Contoroller.bin"
arm-none-eabi-size   Flight\ Contoroller.elf 
   text	   data	    bss	    dec	    hex	filename
  67916	    492	   3296	  71704	  11818	Flight Contoroller.elf
Finished building: default.size.stdout
 
Finished building: Flight Contoroller.bin
 
Finished building: Flight Contoroller.list
 

17:06:44 Build Finished. 0 errors, 23 warnings. (took 1s.497ms)

