Archive member included to satisfy reference by file (symbol)

c:/st/stm32cubeide_1.6.0/stm32cubeide/plugins/com.st.stm32cube.ide.mcu.externaltools.gnu-tools-for-stm32.9-2020-q2-update.win32_1.5.0.202011040924/tools/bin/../lib/gcc/arm-none-eabi/9.3.1/../../../../arm-none-eabi/lib/thumb/v7e-m+fp/hard\libc_nano.a(lib_a-errno.o)
                              Core/Src/syscalls.o (__errno)
c:/st/stm32cubeide_1.6.0/stm32cubeide/plugins/com.st.stm32cube.ide.mcu.externaltools.gnu-tools-for-stm32.9-2020-q2-update.win32_1.5.0.202011040924/tools/bin/../lib/gcc/arm-none-eabi/9.3.1/../../../../arm-none-eabi/lib/thumb/v7e-m+fp/hard\libc_nano.a(lib_a-exit.o)
                              c:/st/stm32cubeide_1.6.0/stm32cubeide/plugins/com.st.stm32cube.ide.mcu.externaltools.gnu-tools-for-stm32.9-2020-q2-update.win32_1.5.0.202011040924/tools/bin/../lib/gcc/arm-none-eabi/9.3.1/../../../../arm-none-eabi/lib/thumb/v7e-m+fp/hard/crt0.o (exit)
c:/st/stm32cubeide_1.6.0/stm32cubeide/plugins/com.st.stm32cube.ide.mcu.externaltools.gnu-tools-for-stm32.9-2020-q2-update.win32_1.5.0.202011040924/tools/bin/../lib/gcc/arm-none-eabi/9.3.1/../../../../arm-none-eabi/lib/thumb/v7e-m+fp/hard\libc_nano.a(lib_a-impure.o)
                              c:/st/stm32cubeide_1.6.0/stm32cubeide/plugins/com.st.stm32cube.ide.mcu.externaltools.gnu-tools-for-stm32.9-2020-q2-update.win32_1.5.0.202011040924/tools/bin/../lib/gcc/arm-none-eabi/9.3.1/../../../../arm-none-eabi/lib/thumb/v7e-m+fp/hard\libc_nano.a(lib_a-exit.o) (_global_impure_ptr)
c:/st/stm32cubeide_1.6.0/stm32cubeide/plugins/com.st.stm32cube.ide.mcu.externaltools.gnu-tools-for-stm32.9-2020-q2-update.win32_1.5.0.202011040924/tools/bin/../lib/gcc/arm-none-eabi/9.3.1/../../../../arm-none-eabi/lib/thumb/v7e-m+fp/hard\libc_nano.a(lib_a-init.o)
                              c:/st/stm32cubeide_1.6.0/stm32cubeide/plugins/com.st.stm32cube.ide.mcu.externaltools.gnu-tools-for-stm32.9-2020-q2-update.win32_1.5.0.202011040924/tools/bin/../lib/gcc/arm-none-eabi/9.3.1/../../../../arm-none-eabi/lib/thumb/v7e-m+fp/hard/crt0.o (__libc_init_array)
c:/st/stm32cubeide_1.6.0/stm32cubeide/plugins/com.st.stm32cube.ide.mcu.externaltools.gnu-tools-for-stm32.9-2020-q2-update.win32_1.5.0.202011040924/tools/bin/../lib/gcc/arm-none-eabi/9.3.1/../../../../arm-none-eabi/lib/thumb/v7e-m+fp/hard\libc_nano.a(lib_a-memset.o)
                              c:/st/stm32cubeide_1.6.0/stm32cubeide/plugins/com.st.stm32cube.ide.mcu.externaltools.gnu-tools-for-stm32.9-2020-q2-update.win32_1.5.0.202011040924/tools/bin/../lib/gcc/arm-none-eabi/9.3.1/../../../../arm-none-eabi/lib/thumb/v7e-m+fp/hard/crt0.o (memset)
c:/st/stm32cubeide_1.6.0/stm32cubeide/plugins/com.st.stm32cube.ide.mcu.externaltools.gnu-tools-for-stm32.9-2020-q2-update.win32_1.5.0.202011040924/tools/bin/../lib/gcc/arm-none-eabi/9.3.1/../../../../arm-none-eabi/lib/thumb/v7e-m+fp/hard\libc_nano.a(lib_a-nano-vfprintf_float.o)
                              (_printf_float)
c:/st/stm32cubeide_1.6.0/stm32cubeide/plugins/com.st.stm32cube.ide.mcu.externaltools.gnu-tools-for-stm32.9-2020-q2-update.win32_1.5.0.202011040924/tools/bin/../lib/gcc/arm-none-eabi/9.3.1/../../../../arm-none-eabi/lib/thumb/v7e-m+fp/hard\libc_nano.a(lib_a-nano-vfprintf_i.o)
                              c:/st/stm32cubeide_1.6.0/stm32cubeide/plugins/com.st.stm32cube.ide.mcu.externaltools.gnu-tools-for-stm32.9-2020-q2-update.win32_1.5.0.202011040924/tools/bin/../lib/gcc/arm-none-eabi/9.3.1/../../../../arm-none-eabi/lib/thumb/v7e-m+fp/hard\libc_nano.a(lib_a-nano-vfprintf_float.o) (_printf_common)
c:/st/stm32cubeide_1.6.0/stm32cubeide/plugins/com.st.stm32cube.ide.mcu.externaltools.gnu-tools-for-stm32.9-2020-q2-update.win32_1.5.0.202011040924/tools/bin/../lib/gcc/arm-none-eabi/9.3.1/../../../../arm-none-eabi/lib/thumb/v7e-m+fp/hard\libc_nano.a(lib_a-printf.o)
                              Core/Src/BNO080.o (printf)
c:/st/stm32cubeide_1.6.0/stm32cubeide/plugins/com.st.stm32cube.ide.mcu.externaltools.gnu-tools-for-stm32.9-2020-q2-update.win32_1.5.0.202011040924/tools/bin/../lib/gcc/arm-none-eabi/9.3.1/../../../../arm-none-eabi/lib/thumb/v7e-m+fp/hard\libc_nano.a(lib_a-puts.o)
                              Core/Src/BNO080.o (puts)
c:/st/stm32cubeide_1.6.0/stm32cubeide/plugins/com.st.stm32cube.ide.mcu.externaltools.gnu-tools-for-stm32.9-2020-q2-update.win32_1.5.0.202011040924/tools/bin/../lib/gcc/arm-none-eabi/9.3.1/../../../../arm-none-eabi/lib/thumb/v7e-m+fp/hard\libc_nano.a(lib_a-strlen.o)
                              c:/st/stm32cubeide_1.6.0/stm32cubeide/plugins/com.st.stm32cube.ide.mcu.externaltools.gnu-tools-for-stm32.9-2020-q2-update.win32_1.5.0.202011040924/tools/bin/../lib/gcc/arm-none-eabi/9.3.1/../../../../arm-none-eabi/lib/thumb/v7e-m+fp/hard\libc_nano.a(lib_a-nano-vfprintf_float.o) (strlen)
[...]
Memory Configuration

Name             Origin             Length             Attributes
CCMRAM           0x0000000010000000 0x0000000000010000 xrw
RAM              0x0000000020000000 0x0000000000020000 xrw
FLASH            0x0000000008000000 0x0000000000100000 xr
*default*        0x0000000000000000 0xffffffffffffffff

Linker script and memory map

LOAD c:/st/stm32cubeide_1.6.0/stm32cubeide/plugins/com.st.stm32cube.ide.mcu.externaltools.gnu-tools-for-stm32.9-2020-q2-update.win32_1.5.0.202011040924/tools/bin/../lib/gcc/arm-none-eabi/9.3.1/thumb/v7e-m+fp/hard/crti.o
LOAD c:/st/stm32cubeide_1.6.0/stm32cubeide/plugins/com.st.stm32cube.ide.mcu.externaltools.gnu-tools-for-stm32.9-2020-q2-update.win32_1.5.0.202011040924/tools/bin/../lib/gcc/arm-none-eabi/9.3.1/thumb/v7e-m+fp/hard/crtbegin.o
LOAD c:/st/stm32cubeide_1.6.0/stm32cubeide/plugins/com.st.stm32cube.ide.mcu.externaltools.gnu-tools-for-stm32.9-2020-q2-update.win32_1.5.0.202011040924/tools/bin/../lib/gcc/arm-none-eabi/9.3.1/../../../../arm-none-eabi/lib/thumb/v7e-m+fp/hard/crt0.o
LOAD Core/Src/AT24C08.o
LOAD Core/Src/BNO080.o
LOAD Core/Src/FS_iA6B.o
LOAD Core/Src/ICM20602.o
LOAD Core/Src/LPS22HH.o
LOAD Core/Src/M8N.o
LOAD Core/Src/PID control.o
LOAD Core/Src/Quaternion.o
LOAD Core/Src/XAVIER.o
LOAD Core/Src/dma.o
LOAD Core/Src/gpio.o
LOAD Core/Src/i2c.o
LOAD Core/Src/main.o
LOAD Core/Src/spi.o
LOAD Core/Src/stm32f4xx_hal_msp.o
LOAD Core/Src/stm32f4xx_it.o
LOAD Core/Src/syscalls.o
LOAD Core/Src/sysmem.o
LOAD Core/Src/system_stm32f4xx.o
LOAD Core/Src/tim.o
LOAD Core/Src/usart.o
LOAD Core/Startup/startup_stm32f405rgtx.o
LOAD Drivers/STM32F4xx_HAL_Driver/Src/stm32f4xx_hal.o
LOAD Drivers/STM32F4xx_HAL_Driver/Src/stm32f4xx_hal_cortex.o
LOAD Drivers/STM32F4xx_HAL_Driver/Src/stm32f4xx_hal_dma.o
LOAD Drivers/STM32F4xx_HAL_Driver/Src/stm32f4xx_hal_dma_ex.o
LOAD Drivers/STM32F4xx_HAL_Driver/Src/stm32f4xx_hal_exti.o
LOAD Drivers/STM32F4xx_HAL_Driver/Src/stm32f4xx_hal_flash.o
LOAD Drivers/STM32F4xx_HAL_Driver/Src/stm32f4xx_hal_flash_ex.o
LOAD Drivers/STM32F4xx_HAL_Driver/Src/stm32f4xx_hal_flash_ramfunc.o
LOAD Drivers/STM32F4xx_HAL_Driver/Src/stm32f4xx_hal_gpio.o
LOAD Drivers/STM32F4xx_HAL_Driver/Src/stm32f4xx_hal_i2c.o
LOAD Drivers/STM32F4xx_HAL_Driver/Src/stm32f4xx_hal_i2c_ex.o
LOAD Drivers/STM32F4xx_HAL_Driver/Src/stm32f4xx_hal_pwr.o
LOAD Drivers/STM32F4xx_HAL_Driver/Src/stm32f4xx_hal_pwr_ex.o
LOAD Drivers/STM32F4xx_HAL_Driver/Src/stm32f4xx_hal_rcc.o
LOAD Drivers/STM32F4xx_HAL_Driver/Src/stm32f4xx_hal_rcc_ex.o
LOAD Drivers/STM32F4xx_HAL_Driver/Src/stm32f4xx_hal_tim.o
LOAD Drivers/STM32F4xx_HAL_Driver/Src/stm32f4xx_hal_tim_ex.o
LOAD Drivers/STM32F4xx_HAL_Driver/Src/stm32f4xx_hal_uart.o
LOAD Drivers/STM32F4xx_HAL_Driver/Src/stm32f4xx_ll_dma.o
LOAD Drivers/STM32F4xx_HAL_Driver/Src/stm32f4xx_ll_exti.o
LOAD Drivers/STM32F4xx_HAL_Driver/Src/stm32f4xx_ll_gpio.o
LOAD Drivers/STM32F4xx_HAL_Driver/Src/stm32f4xx_ll_rcc.o
LOAD Drivers/STM32F4xx_HAL_Driver/Src/stm32f4xx_ll_spi.o
LOAD Drivers/STM32F4xx_HAL_Driver/Src/stm32f4xx_ll_tim.o
LOAD Drivers/STM32F4xx_HAL_Driver/Src/stm32f4xx_ll_usart.o
LOAD Drivers/STM32F4xx_HAL_Driver/Src/stm32f4xx_ll_utils.o
START GROUP
LOAD c:/st/stm32cubeide_1.6.0/stm32cubeide/plugins/com.st.stm32cube.ide.mcu.externaltools.gnu-tools-for-stm32.9-2020-q2-update.win32_1.5.0.202011040924/tools/bin/../lib/gcc/arm-none-eabi/9.3.1/../../../../arm-none-eabi/lib/thumb/v7e-m+fp/hard\libc_nano.a
LOAD c:/st/stm32cubeide_1.6.0/stm32cubeide/plugins/com.st.stm32cube.ide.mcu.externaltools.gnu-tools-for-stm32.9-2020-q2-update.win32_1.5.0.202011040924/tools/bin/../lib/gcc/arm-none-eabi/9.3.1/../../../../arm-none-eabi/lib/thumb/v7e-m+fp/hard\libm.a
END GROUP
START GROUP
LOAD c:/st/stm32cubeide_1.6.0/stm32cubeide/plugins/com.st.stm32cube.ide.mcu.externaltools.gnu-tools-for-stm32.9-2020-q2-update.win32_1.5.0.202011040924/tools/bin/../lib/gcc/arm-none-eabi/9.3.1/thumb/v7e-m+fp/hard\libgcc.a
LOAD c:/st/stm32cubeide_1.6.0/stm32cubeide/plugins/com.st.stm32cube.ide.mcu.externaltools.gnu-tools-for-stm32.9-2020-q2-update.win32_1.5.0.202011040924/tools/bin/../lib/gcc/arm-none-eabi/9.3.1/../../../../arm-none-eabi/lib/thumb/v7e-m+fp/hard\libc_nano.a
END GROUP
START GROUP
LOAD c:/st/stm32cubeide_1.6.0/stm32cubeide/plugins/com.st.stm32cube.ide.mcu.externaltools.gnu-tools-for-stm32.9-2020-q2-update.win32_1.5.0.202011040924/tools/bin/../lib/gcc/arm-none-eabi/9.3.1/thumb/v7e-m+fp/hard\libgcc.a
LOAD c:/st/stm32cubeide_1.6.0/stm32cubeide/plugins/com.st.stm32cube.ide.mcu.externaltools.gnu-tools-for-stm32.9-2020-q2-update.win32_1.5.0.202011040924/tools/bin/../lib/gcc/arm-none-eabi/9.3.1/../../../../arm-none-eabi/lib/thumb/v7e-m+fp/hard\libc_nano.a
LOAD c:/st/stm32cubeide_1.6.0/stm32cubeide/plugins/com.st.stm32cube.ide.mcu.externaltools.gnu-tools-for-stm32.9-2020-q2-update.win32_1.5.0.202011040924/tools/bin/../lib/gcc/arm-none-eabi/9.3.1/../../../../arm-none-eabi/lib/thumb/v7e-m+fp/hard\libnosys.a
END GROUP
START GROUP
LOAD c:/st/stm32cubeide_1.6.0/stm32cubeide/plugins/com.st.stm32cube.ide.mcu.externaltools.gnu-tools-for-stm32.9-2020-q2-update.win32_1.5.0.202011040924/tools/bin/../lib/gcc/arm-none-eabi/9.3.1/thumb/v7e-m+fp/hard\libgcc.a
LOAD c:/st/stm32cubeide_1.6.0/stm32cubeide/plugins/com.st.stm32cube.ide.mcu.externaltools.gnu-tools-for-stm32.9-2020-q2-update.win32_1.5.0.202011040924/tools/bin/../lib/gcc/arm-none-eabi/9.3.1/../../../../arm-none-eabi/lib/thumb/v7e-m+fp/hard\libc_nano.a
LOAD c:/st/stm32cubeide_1.6.0/stm32cubeide/plugins/com.st.stm32cube.ide.mcu.externaltools.gnu-tools-for-stm32.9-2020-q2-update.win32_1.5.0.202011040924/tools/bin/../lib/gcc/arm-none-eabi/9.3.1/../../../../arm-none-eabi/lib/thumb/v7e-m+fp/hard\libnosys.a
END GROUP
LOAD c:/st/stm32cubeide_1.6.0/stm32cubeide/plugins/com.st.stm32cube.ide.mcu.externaltools.gnu-tools-for-stm32.9-2020-q2-update.win32_1.5.0.202011040924/tools/bin/../lib/gcc/arm-none-eabi/9.3.1/thumb/v7e-m+fp/hard/crtend.o
LOAD c:/st/stm32cubeide_1.6.0/stm32cubeide/plugins/com.st.stm32cube.ide.mcu.externaltools.gnu-tools-for-stm32.9-2020-q2-update.win32_1.5.0.202011040924/tools/bin/../lib/gcc/arm-none-eabi/9.3.1/thumb/v7e-m+fp/hard/crtn.o
                0x0000000020020000                _estack = (ORIGIN (RAM) + LENGTH (RAM))
                0x0000000000000200                _Min_Heap_Size = 0x200
                0x0000000000000400                _Min_Stack_Size = 0x400

.isr_vector     0x0000000008000000      0x188
                0x0000000008000000                . = ALIGN (0x4)
 *(.isr_vector)
 .isr_vector    0x0000000008000000      0x188 Core/Startup/startup_stm32f405rgtx.o
                0x0000000008000000                g_pfnVectors
                0x0000000008000188                . = ALIGN (0x4)

.text           0x0000000008000190     0xfdb8
                0x0000000008000190                . = ALIGN (0x4)
 *(.text)
 .text          0x0000000008000190       0x40 c:/st/stm32cubeide_1.6.0/stm32cubeide/plugins/com.st.stm32cube.ide.mcu.externaltools.gnu-tools-for-stm32.9-2020-q2-update.win32_1.5.0.202011040924/tools/bin/../lib/gcc/arm-none-eabi/9.3.1/thumb/v7e-m+fp/hard/crtbegin.o
 .text          0x00000000080001d0       0x10 c:/st/stm32cubeide_1.6.0/stm32cubeide/plugins/com.st.stm32cube.ide.mcu.externaltools.gnu-tools-for-stm32.9-2020-q2-update.win32_1.5.0.202011040924/tools/bin/../lib/gcc/arm-none-eabi/9.3.1/../../../../arm-none-eabi/lib/thumb/v7e-m+fp/hard\libc_nano.a(lib_a-strlen.o)
                0x00000000080001d0                strlen
 .text          0x00000000080001e0       0xa0 c:/st/stm32cubeide_1.6.0/stm32cubeide/plugins/com.st.stm32cube.ide.mcu.externaltools.gnu-tools-for-stm32.9-2020-q2-update.win32_1.5.0.202011040924/tools/bin/../lib/gcc/arm-none-eabi/9.3.1/../../../../arm-none-eabi/lib/thumb/v7e-m+fp/hard\libc_nano.a(lib_a-memchr.o)
                0x00000000080001e0                memchr
 .text          0x0000000008000280      0x378 c:/st/stm32cubeide_1.6.0/stm32cubeide/plugins/com.st.stm32cube.ide.mcu.externaltools.gnu-tools-for-stm32.9-2020-q2-update.win32_1.5.0.202011040924/tools/bin/../lib/gcc/arm-none-eabi/9.3.1/thumb/v7e-m+fp/hard\libgcc.a(_arm_addsubdf3.o)
                0x0000000008000280                __aeabi_drsub
                0x0000000008000288                __aeabi_dsub
                0x0000000008000288                __subdf3
                0x000000000800028c                __aeabi_dadd
                0x000000000800028c                __adddf3
                0x0000000008000504                __floatunsidf
                0x0000000008000504                __aeabi_ui2d
                0x0000000008000524                __floatsidf
                0x0000000008000524                __aeabi_i2d
                0x0000000008000548                __aeabi_f2d
                0x0000000008000548                __extendsfdf2
                0x000000000800058c                __floatundidf
                0x000000000800058c                __aeabi_ul2d
                0x000000000800059c                __floatdidf
                0x000000000800059c                __aeabi_l2d
 .text          0x00000000080005f8      0x424 c:/st/stm32cubeide_1.6.0/stm32cubeide/plugins/com.st.stm32cube.ide.mcu.externaltools.gnu-tools-for-stm32.9-2020-q2-update.win32_1.5.0.202011040924/tools/bin/../lib/gcc/arm-none-eabi/9.3.1/thumb/v7e-m+fp/hard\libgcc.a(_arm_muldivdf3.o)
                0x00000000080005f8                __aeabi_dmul
                0x00000000080005f8                __muldf3
                0x000000000800084c                __divdf3
                0x000000000800084c                __aeabi_ddiv
 .text          0x0000000008000a1c      0x110 c:/st/stm32cubeide_1.6.0/stm32cubeide/plugins/com.st.stm32cube.ide.mcu.externaltools.gnu-tools-for-stm32.9-2020-q2-update.win32_1.5.0.202011040924/tools/bin/../lib/gcc/arm-none-eabi/9.3.1/thumb/v7e-m+fp/hard\libgcc.a(_arm_cmpdf2.o)
                0x0000000008000a1c                __gtdf2
                0x0000000008000a1c                __gedf2
                0x0000000008000a24                __ltdf2
                0x0000000008000a24                __ledf2
                0x0000000008000a2c                __nedf2
                0x0000000008000a2c                __eqdf2
                0x0000000008000a2c                __cmpdf2
                0x0000000008000aa8                __aeabi_cdrcmple
                0x0000000008000ab8                __aeabi_cdcmpeq
                0x0000000008000ab8                __aeabi_cdcmple
                0x0000000008000ac8                __aeabi_dcmpeq
                0x0000000008000adc                __aeabi_dcmplt
                0x0000000008000af0                __aeabi_dcmple
                0x0000000008000b04                __aeabi_dcmpge
                0x0000000008000b18                __aeabi_dcmpgt
 .text          0x0000000008000b2c       0x2c c:/st/stm32cubeide_1.6.0/stm32cubeide/plugins/com.st.stm32cube.ide.mcu.externaltools.gnu-tools-for-stm32.9-2020-q2-update.win32_1.5.0.202011040924/tools/bin/../lib/gcc/arm-none-eabi/9.3.1/thumb/v7e-m+fp/hard\libgcc.a(_arm_unorddf2.o)
                0x0000000008000b2c                __unorddf2
                0x0000000008000b2c                __aeabi_dcmpun
 .text          0x0000000008000b58       0x50 c:/st/stm32cubeide_1.6.0/stm32cubeide/plugins/com.st.stm32cube.ide.mcu.externaltools.gnu-tools-for-stm32.9-2020-q2-update.win32_1.5.0.202011040924/tools/bin/../lib/gcc/arm-none-eabi/9.3.1/thumb/v7e-m+fp/hard\libgcc.a(_arm_fixdfsi.o)
                0x0000000008000b58                __aeabi_d2iz
                0x0000000008000b58                __fixdfsi
 .text          0x0000000008000ba8       0x40 c:/st/stm32cubeide_1.6.0/stm32cubeide/plugins/com.st.stm32cube.ide.mcu.externaltools.gnu-tools-for-stm32.9-2020-q2-update.win32_1.5.0.202011040924/tools/bin/../lib/gcc/arm-none-eabi/9.3.1/thumb/v7e-m+fp/hard\libgcc.a(_arm_fixunsdfsi.o)
                0x0000000008000ba8                __aeabi_d2uiz
                0x0000000008000ba8                __fixunsdfsi
 .text          0x0000000008000be8       0x30 c:/st/stm32cubeide_1.6.0/stm32cubeide/plugins/com.st.stm32cube.ide.mcu.externaltools.gnu-tools-for-stm32.9-2020-q2-update.win32_1.5.0.202011040924/tools/bin/../lib/gcc/arm-none-eabi/9.3.1/thumb/v7e-m+fp/hard\libgcc.a(_aeabi_uldivmod.o)
                0x0000000008000be8                __aeabi_uldivmod
 .text          0x0000000008000c18      0x2c4 c:/st/stm32cubeide_1.6.0/stm32cubeide/plugins/com.st.stm32cube.ide.mcu.externaltools.gnu-tools-for-stm32.9-2020-q2-update.win32_1.5.0.202011040924/tools/bin/../lib/gcc/arm-none-eabi/9.3.1/thumb/v7e-m+fp/hard\libgcc.a(_udivmoddi4.o)
                0x0000000008000c18                __udivmoddi4
 .text          0x0000000008000edc        0x4 c:/st/stm32cubeide_1.6.0/stm32cubeide/plugins/com.st.stm32cube.ide.mcu.externaltools.gnu-tools-for-stm32.9-2020-q2-update.win32_1.5.0.202011040924/tools/bin/../lib/gcc/arm-none-eabi/9.3.1/thumb/v7e-m+fp/hard\libgcc.a(_dvmd_tls.o)
                0x0000000008000edc                __aeabi_idiv0
                0x0000000008000edc                __aeabi_ldiv0
 *(.text*)
 .text.LL_GPIO_SetOutputPin
                0x0000000008000ee0       0x1c Core/Src/AT24C08.o
 .text.LL_GPIO_ResetOutputPin
                0x0000000008000efc       0x1e Core/Src/AT24C08.o
 *fill*         0x0000000008000f1a        0x2 
 .text.AT24C08_Page_Write
                0x0000000008000f1c       0x70 Core/Src/AT24C08.o
                0x0000000008000f1c                AT24C08_Page_Write
 .text.AT24C08_Page_Read
                0x0000000008000f8c       0x50 Core/Src/AT24C08.o
                0x0000000008000f8c                AT24C08_Page_Read
 .text.EP_PIDGain_Write
                0x0000000008000fdc      0x12c Core/Src/AT24C08.o
                0x0000000008000fdc                EP_PIDGain_Write
 .text.EP_PIDGain_Read
                0x0000000008001108      0x138 Core/Src/AT24C08.o
                0x0000000008001108                EP_PIDGain_Read
 .text.LL_SPI_Enable
                0x0000000008001240       0x20 Core/Src/BNO080.o
 .text.LL_SPI_SetStandard
                0x0000000008001260       0x26 Core/Src/BNO080.o
 .text.LL_SPI_IsActiveFlag_RXNE
                0x0000000008001286       0x26 Core/Src/BNO080.o
 .text.LL_SPI_IsActiveFlag_TXE
                0x00000000080012ac       0x26 Core/Src/BNO080.o
 .text.LL_SPI_ReceiveData8
                0x00000000080012d2       0x1a Core/Src/BNO080.o
 .text.LL_SPI_TransmitData8
                0x00000000080012ec       0x24 Core/Src/BNO080.o
 .text.LL_GPIO_IsInputPinSet
                0x0000000008001310       0x2a Core/Src/BNO080.o
 .text.LL_GPIO_SetOutputPin
                0x000000000800133a       0x1c Core/Src/BNO080.o
 .text.LL_GPIO_ResetOutputPin
                0x0000000008001356       0x1e Core/Src/BNO080.o
 .text.LL_AHB1_GRP1_EnableClock
                0x0000000008001374       0x30 Core/Src/BNO080.o
 .text.LL_APB1_GRP1_EnableClock
                0x00000000080013a4       0x30 Core/Src/BNO080.o
 .text.BNO080_GPIO_SPI_Initialization
                0x00000000080013d4      0x174 Core/Src/BNO080.o
                0x00000000080013d4                BNO080_GPIO_SPI_Initialization
 .text.BNO080_Initialization
                0x0000000008001548       0xe8 Core/Src/BNO080.o
                0x0000000008001548                BNO080_Initialization
 .text.SPI2_SendByte
                0x0000000008001630       0x44 Core/Src/BNO080.o
                0x0000000008001630                SPI2_SendByte
 .text.BNO080_dataAvailable
                0x0000000008001674       0x5c Core/Src/BNO080.o
                0x0000000008001674                BNO080_dataAvailable
 .text.BNO080_parseCommandReport
                0x00000000080016d0       0x38 Core/Src/BNO080.o
                0x00000000080016d0                BNO080_parseCommandReport
 .text.BNO080_parseInputReport
                0x0000000008001708      0x2e0 Core/Src/BNO080.o
                0x0000000008001708                BNO080_parseInputReport
 .text.BNO080_getQuatI
                0x00000000080019e8       0x2c Core/Src/BNO080.o
                0x00000000080019e8                BNO080_getQuatI
 .text.BNO080_getQuatJ
                0x0000000008001a14       0x2c Core/Src/BNO080.o
                0x0000000008001a14                BNO080_getQuatJ
 .text.BNO080_getQuatK
                0x0000000008001a40       0x2c Core/Src/BNO080.o
                0x0000000008001a40                BNO080_getQuatK
 .text.BNO080_getQuatReal
                0x0000000008001a6c       0x2c Core/Src/BNO080.o
                0x0000000008001a6c                BNO080_getQuatReal
 .text.BNO080_getQuatRadianAccuracy
                0x0000000008001a98       0x2c Core/Src/BNO080.o
                0x0000000008001a98                BNO080_getQuatRadianAccuracy
 .text.BNO080_getQuatAccuracy
                0x0000000008001ac4       0x18 Core/Src/BNO080.o
                0x0000000008001ac4                BNO080_getQuatAccuracy
 .text.BNO080_getMagX
                0x0000000008001adc       0x2c Core/Src/BNO080.o
                0x0000000008001adc                BNO080_getMagX
 .text.BNO080_getMagY
                0x0000000008001b08       0x2c Core/Src/BNO080.o
                0x0000000008001b08                BNO080_getMagY
 .text.BNO080_getMagZ
                0x0000000008001b34       0x2c Core/Src/BNO080.o
                0x0000000008001b34                BNO080_getMagZ
 .text.BNO080_getMagAccuracy
                0x0000000008001b60       0x18 Core/Src/BNO080.o
                0x0000000008001b60                BNO080_getMagAccuracy
 .text.BNO080_qToFloat
                0x0000000008001b78       0x4e Core/Src/BNO080.o
                0x0000000008001b78                BNO080_qToFloat
 .text.BNO080_enableRotationVector
                0x0000000008001bc6       0x1e Core/Src/BNO080.o
                0x0000000008001bc6                BNO080_enableRotationVector
 .text.BNO080_enableGameRotationVector
                0x0000000008001be4       0x1e Core/Src/BNO080.o
                0x0000000008001be4                BNO080_enableGameRotationVector
 .text.BNO080_enableMagnetometer
                0x0000000008001c02       0x1e Core/Src/BNO080.o
                0x0000000008001c02                BNO080_enableMagnetometer
 .text.BNO080_calibrateAll
                0x0000000008001c20        0xe Core/Src/BNO080.o
                0x0000000008001c20                BNO080_calibrateAll
 *fill*         0x0000000008001c2e        0x2 
 .text.BNO080_calibrationComplete
                0x0000000008001c30       0x20 Core/Src/BNO080.o
                0x0000000008001c30                BNO080_calibrationComplete
 .text.BNO080_setFeatureCommand
                0x0000000008001c50       0xa4 Core/Src/BNO080.o
                0x0000000008001c50                BNO080_setFeatureCommand
 .text.BNO080_sendCommand
                0x0000000008001cf4       0x40 Core/Src/BNO080.o
                0x0000000008001cf4                BNO080_sendCommand
 .text.BNO080_sendCalibrateCommand
                0x0000000008001d34       0x90 Core/Src/BNO080.o
                0x0000000008001d34                BNO080_sendCalibrateCommand
 .text.BNO080_requestCalibrationStatus
                0x0000000008001dc4       0x38 Core/Src/BNO080.o
                0x0000000008001dc4                BNO080_requestCalibrationStatus
 .text.BNO080_saveCalibration
                0x0000000008001dfc       0x34 Core/Src/BNO080.o
                0x0000000008001dfc                BNO080_saveCalibration
 .text.BNO080_waitForSPI
                0x0000000008001e30       0x48 Core/Src/BNO080.o
                0x0000000008001e30                BNO080_waitForSPI
 .text.BNO080_receivePacket
                0x0000000008001e78       0xe0 Core/Src/BNO080.o
                0x0000000008001e78                BNO080_receivePacket
 .text.BNO080_sendPacket
                0x0000000008001f58       0xa0 Core/Src/BNO080.o
                0x0000000008001f58                BNO080_sendPacket
 .text.iBus_Check_CHKSUM
                0x0000000008001ff8       0x6e Core/Src/FS_iA6B.o
                0x0000000008001ff8                iBus_Check_CHKSUM
 .text.iBus_Parsing
                0x0000000008002066      0x178 Core/Src/FS_iA6B.o
                0x0000000008002066                iBus_Parsing
 .text.iBus_isActiveFailSafe
                0x00000000080021de       0x22 Core/Src/FS_iA6B.o
                0x00000000080021de                iBus_isActiveFailSafe
 .text.LL_SPI_Enable
                0x0000000008002200       0x20 Core/Src/ICM20602.o
 .text.LL_SPI_SetStandard
                0x0000000008002220       0x26 Core/Src/ICM20602.o
 .text.LL_SPI_IsActiveFlag_RXNE
                0x0000000008002246       0x26 Core/Src/ICM20602.o
 .text.LL_SPI_IsActiveFlag_TXE
                0x000000000800226c       0x26 Core/Src/ICM20602.o
 .text.LL_SPI_ReceiveData8
                0x0000000008002292       0x1a Core/Src/ICM20602.o
 .text.LL_SPI_TransmitData8
                0x00000000080022ac       0x24 Core/Src/ICM20602.o
 .text.LL_GPIO_IsInputPinSet
                0x00000000080022d0       0x2a Core/Src/ICM20602.o
 .text.LL_GPIO_SetOutputPin
                0x00000000080022fa       0x1c Core/Src/ICM20602.o
 .text.LL_GPIO_ResetOutputPin
                0x0000000008002316       0x1e Core/Src/ICM20602.o
 .text.LL_AHB1_GRP1_EnableClock
                0x0000000008002334       0x30 Core/Src/ICM20602.o
 .text.LL_APB2_GRP1_EnableClock
                0x0000000008002364       0x30 Core/Src/ICM20602.o
 .text.ICM20602_GPIO_SPI_Initialization
                0x0000000008002394       0xf8 Core/Src/ICM20602.o
                0x0000000008002394                ICM20602_GPIO_SPI_Initialization
 .text.SPI1_SendByte
                0x000000000800248c       0x44 Core/Src/ICM20602.o
                0x000000000800248c                SPI1_SendByte
 .text.ICM20602_Readbyte
                0x00000000080024d0       0x40 Core/Src/ICM20602.o
                0x00000000080024d0                ICM20602_Readbyte
 .text.ICM20602_Readbytes
                0x0000000008002510       0x5c Core/Src/ICM20602.o
                0x0000000008002510                ICM20602_Readbytes
 .text.ICM20602_Writebyte
                0x000000000800256c       0x44 Core/Src/ICM20602.o
                0x000000000800256c                ICM20602_Writebyte
 .text.ICM20602_Initialization
                0x00000000080025b0       0xfc Core/Src/ICM20602.o
                0x00000000080025b0                ICM20602_Initialization
 .text.ICM20602_Get3AxisGyroRawData
                0x00000000080026ac       0x58 Core/Src/ICM20602.o
                0x00000000080026ac                ICM20602_Get3AxisGyroRawData
 .text.ICM20602_DataReady
                0x0000000008002704       0x18 Core/Src/ICM20602.o
                0x0000000008002704                ICM20602_DataReady
 .text.LL_SPI_Enable
                0x000000000800271c       0x20 Core/Src/LPS22HH.o
 .text.LL_SPI_SetStandard
                0x000000000800273c       0x26 Core/Src/LPS22HH.o
 .text.LL_SPI_IsActiveFlag_RXNE
                0x0000000008002762       0x26 Core/Src/LPS22HH.o
 .text.LL_SPI_IsActiveFlag_TXE
                0x0000000008002788       0x26 Core/Src/LPS22HH.o
 .text.LL_SPI_ReceiveData8
                0x00000000080027ae       0x1a Core/Src/LPS22HH.o
 .text.LL_SPI_TransmitData8
                0x00000000080027c8       0x24 Core/Src/LPS22HH.o
 .text.LL_GPIO_IsInputPinSet
                0x00000000080027ec       0x2a Core/Src/LPS22HH.o
 .text.LL_GPIO_SetOutputPin
                0x0000000008002816       0x1c Core/Src/LPS22HH.o
 .text.LL_GPIO_ResetOutputPin
                0x0000000008002832       0x1e Core/Src/LPS22HH.o
 .text.LL_AHB1_GRP1_EnableClock
                0x0000000008002850       0x30 Core/Src/LPS22HH.o
 .text.LL_APB1_GRP1_EnableClock
                0x0000000008002880       0x30 Core/Src/LPS22HH.o
 .text.LPS22HH_GPIO_SPI_Initialization
                0x00000000080028b0       0xf0 Core/Src/LPS22HH.o
                0x00000000080028b0                LPS22HH_GPIO_SPI_Initialization
 .text.SPI3_SendByte
                0x00000000080029a0       0x44 Core/Src/LPS22HH.o
                0x00000000080029a0                SPI3_SendByte
 .text.LPS22HH_Readbyte
                0x00000000080029e4       0x40 Core/Src/LPS22HH.o
                0x00000000080029e4                LPS22HH_Readbyte
 .text.LPS22HH_Readbytes
                0x0000000008002a24       0x5c Core/Src/LPS22HH.o
                0x0000000008002a24                LPS22HH_Readbytes
 .text.LPS22HH_Writebyte
                0x0000000008002a80       0x44 Core/Src/LPS22HH.o
                0x0000000008002a80                LPS22HH_Writebyte
 .text.LPS22HH_Initialization
                0x0000000008002ac4      0x120 Core/Src/LPS22HH.o
                0x0000000008002ac4                LPS22HH_Initialization
 .text.LPS22HH_DataReady
                0x0000000008002be4       0x18 Core/Src/LPS22HH.o
                0x0000000008002be4                LPS22HH_DataReady
 .text.LPS22HH_GetPressure
                0x0000000008002bfc       0x1a Core/Src/LPS22HH.o
                0x0000000008002bfc                LPS22HH_GetPressure
 .text.LPS22HH_GetTemperature
                0x0000000008002c16       0x1a Core/Src/LPS22HH.o
                0x0000000008002c16                LPS22HH_GetTemperature
 .text.getAltitude2
                0x0000000008002c30       0x68 Core/Src/LPS22HH.o
                0x0000000008002c30                getAltitude2
 .text.__NVIC_GetPriorityGrouping
                0x0000000008002c98       0x1c Core/Src/M8N.o
 .text.__NVIC_EnableIRQ
                0x0000000008002cb4       0x3c Core/Src/M8N.o
 .text.__NVIC_SetPriority
                0x0000000008002cf0       0x54 Core/Src/M8N.o
 .text.NVIC_EncodePriority
                0x0000000008002d44       0x66 Core/Src/M8N.o
 .text.LL_USART_Enable
                0x0000000008002daa       0x20 Core/Src/M8N.o
 .text.LL_USART_ConfigAsyncMode
                0x0000000008002dca       0x2c Core/Src/M8N.o
 .text.LL_USART_IsActiveFlag_TXE
                0x0000000008002df6       0x26 Core/Src/M8N.o
 .text.LL_USART_TransmitData8
                0x0000000008002e1c       0x1e Core/Src/M8N.o
 *fill*         0x0000000008002e3a        0x2 
 .text.LL_AHB1_GRP1_EnableClock
                0x0000000008002e3c       0x30 Core/Src/M8N.o
 .text.LL_APB1_GRP1_EnableClock
                0x0000000008002e6c       0x30 Core/Src/M8N.o
 .text.M8N_TransmitData
                0x0000000008002e9c       0x4c Core/Src/M8N.o
                0x0000000008002e9c                M8N_TransmitData
 .text.M8N_UART4_Initialization
                0x0000000008002ee8       0xc4 Core/Src/M8N.o
                0x0000000008002ee8                M8N_UART4_Initialization
 .text.M8N_Initialization
                0x0000000008002fac       0x54 Core/Src/M8N.o
                0x0000000008002fac                M8N_Initialization
 .text.M8N_UBX_CHKSUM_Check
                0x0000000008003000       0x74 Core/Src/M8N.o
                0x0000000008003000                M8N_UBX_CHKSUM_Check
 .text.M8N_UBX_NAV_POSLLH_Parsing
                0x0000000008003074      0x16e Core/Src/M8N.o
                0x0000000008003074                M8N_UBX_NAV_POSLLH_Parsing
 *fill*         0x00000000080031e2        0x2 
 .text.Double_Roll_Pitch_PID_Calculation
                0x00000000080031e4      0x274 Core/Src/PID control.o
                0x00000000080031e4                Double_Roll_Pitch_PID_Calculation
 .text.Single_Yaw_Heading_PID_Calculation
                0x0000000008003458      0x134 Core/Src/PID control.o
                0x0000000008003458                Single_Yaw_Heading_PID_Calculation
 .text.Single_Yaw_Rate_PID_Calculation
                0x000000000800358c       0xec Core/Src/PID control.o
                0x000000000800358c                Single_Yaw_Rate_PID_Calculation
 .text.Reset_PID_Integrator
                0x0000000008003678       0x1c Core/Src/PID control.o
                0x0000000008003678                Reset_PID_Integrator
 .text.Reset_All_PID_Integrator
                0x0000000008003694       0x80 Core/Src/PID control.o
                0x0000000008003694                Reset_All_PID_Integrator
 .text.Double_Altitude_PID_Calculation
                0x0000000008003714      0x294 Core/Src/PID control.o
                0x0000000008003714                Double_Altitude_PID_Calculation
 .text.Double_GPS_PID_Calculation
                0x00000000080039a8      0x294 Core/Src/PID control.o
                0x00000000080039a8                Double_GPS_PID_Calculation
 .text.Quaternion_Update
                0x0000000008003c3c      0x284 Core/Src/Quaternion.o
                0x0000000008003c3c                Quaternion_Update
 .text.invSqrt  0x0000000008003ec0       0x78 Core/Src/Quaternion.o
                0x0000000008003ec0                invSqrt
 .text.MX_DMA_Init
                0x0000000008003f38       0x40 Core/Src/dma.o
                0x0000000008003f38                MX_DMA_Init
 .text.LL_GPIO_SetOutputPin
                0x0000000008003f78       0x1c Core/Src/gpio.o
 .text.LL_GPIO_ResetOutputPin
                0x0000000008003f94       0x1e Core/Src/gpio.o
 *fill*         0x0000000008003fb2        0x2 
 .text.LL_AHB1_GRP1_EnableClock
                0x0000000008003fb4       0x30 Core/Src/gpio.o
 .text.MX_GPIO_Init
                0x0000000008003fe4      0x100 Core/Src/gpio.o
                0x0000000008003fe4                MX_GPIO_Init
 .text.MX_I2C1_Init
                0x00000000080040e4       0x5c Core/Src/i2c.o
                0x00000000080040e4                MX_I2C1_Init
 .text.HAL_I2C_MspInit
                0x0000000008004140       0x90 Core/Src/i2c.o
                0x0000000008004140                HAL_I2C_MspInit
 .text.LL_TIM_EnableCounter
                0x00000000080041d0       0x20 Core/Src/main.o
 .text.LL_TIM_CC_EnableChannel
                0x00000000080041f0       0x22 Core/Src/main.o
 .text.LL_TIM_CC_DisableChannel
                0x0000000008004212       0x24 Core/Src/main.o
 .text.LL_TIM_EnableIT_UPDATE
                0x0000000008004236       0x20 Core/Src/main.o
 .text.LL_USART_IsActiveFlag_TXE
                0x0000000008004256       0x26 Core/Src/main.o
 .text.LL_USART_EnableIT_RXNE
                0x000000000800427c       0x20 Core/Src/main.o
 .text.LL_USART_TransmitData8
                0x000000000800429c       0x1e Core/Src/main.o
 .text.LL_GPIO_SetOutputPin
                0x00000000080042ba       0x1c Core/Src/main.o
 .text.LL_GPIO_ResetOutputPin
                0x00000000080042d6       0x1e Core/Src/main.o
 .text.LL_GPIO_TogglePin
                0x00000000080042f4       0x32 Core/Src/main.o
 *fill*         0x0000000008004326        0x2 
 .text._write   0x0000000008004328       0x54 Core/Src/main.o
                0x0000000008004328                _write
 *fill*         0x000000000800437c        0x4 
 .text.main     0x0000000008004380     0x22c0 Core/Src/main.o
                0x0000000008004380                main
 .text.SystemClock_Config
                0x0000000008006640       0xd4 Core/Src/main.o
                0x0000000008006640                SystemClock_Config
 .text.Is_iBus_Throttle_min
                0x0000000008006714       0x4c Core/Src/main.o
                0x0000000008006714                Is_iBus_Throttle_min
 .text.ESC_Calibration
                0x0000000008006760       0x54 Core/Src/main.o
                0x0000000008006760                ESC_Calibration
 .text.Is_iBus_Received
                0x00000000080067b4       0x40 Core/Src/main.o
                0x00000000080067b4                Is_iBus_Received
 .text.BNO080_Calibration
                0x00000000080067f4      0x2dc Core/Src/main.o
                0x00000000080067f4                BNO080_Calibration
 .text.HAL_UART_RxCpltCallback
                0x0000000008006ad0       0xd8 Core/Src/main.o
                0x0000000008006ad0                HAL_UART_RxCpltCallback
 .text.Encode_Msg_PID_Gain
                0x0000000008006ba8       0xa6 Core/Src/main.o
                0x0000000008006ba8                Encode_Msg_PID_Gain
 *fill*         0x0000000008006c4e        0x2 
 .text.Encode_Msg_Altitude
                0x0000000008006c50       0xa8 Core/Src/main.o
                0x0000000008006c50                Encode_Msg_Altitude
 .text.Error_Handler
                0x0000000008006cf8        0xa Core/Src/main.o
                0x0000000008006cf8                Error_Handler
 .text.LL_SPI_SetStandard
                0x0000000008006d02       0x26 Core/Src/spi.o
 .text.LL_AHB1_GRP1_EnableClock
                0x0000000008006d28       0x30 Core/Src/spi.o
 .text.LL_APB1_GRP1_EnableClock
                0x0000000008006d58       0x30 Core/Src/spi.o
 .text.LL_APB2_GRP1_EnableClock
                0x0000000008006d88       0x30 Core/Src/spi.o
 .text.MX_SPI1_Init
                0x0000000008006db8       0xa4 Core/Src/spi.o
                0x0000000008006db8                MX_SPI1_Init
 .text.MX_SPI2_Init
                0x0000000008006e5c       0xa8 Core/Src/spi.o
                0x0000000008006e5c                MX_SPI2_Init
 .text.MX_SPI3_Init
                0x0000000008006f04       0xa4 Core/Src/spi.o
                0x0000000008006f04                MX_SPI3_Init
 .text.HAL_MspInit
                0x0000000008006fa8       0x50 Core/Src/stm32f4xx_hal_msp.o
                0x0000000008006fa8                HAL_MspInit
 .text.LL_TIM_ClearFlag_UPDATE
                0x0000000008006ff8       0x1c Core/Src/stm32f4xx_it.o
 .text.LL_TIM_IsActiveFlag_UPDATE
                0x0000000008007014       0x26 Core/Src/stm32f4xx_it.o
 .text.LL_USART_IsActiveFlag_RXNE
                0x000000000800703a       0x26 Core/Src/stm32f4xx_it.o
 .text.LL_USART_ClearFlag_RXNE
                0x0000000008007060       0x1c Core/Src/stm32f4xx_it.o
 .text.LL_USART_ReceiveData8
                0x000000000800707c       0x1a Core/Src/stm32f4xx_it.o
 .text.NMI_Handler
                0x0000000008007096        0x6 Core/Src/stm32f4xx_it.o
                0x0000000008007096                NMI_Handler
 .text.HardFault_Handler
                0x000000000800709c        0x6 Core/Src/stm32f4xx_it.o
                0x000000000800709c                HardFault_Handler
 .text.MemManage_Handler
                0x00000000080070a2        0x6 Core/Src/stm32f4xx_it.o
                0x00000000080070a2                MemManage_Handler
 .text.BusFault_Handler
                0x00000000080070a8        0x6 Core/Src/stm32f4xx_it.o
                0x00000000080070a8                BusFault_Handler
 .text.UsageFault_Handler
                0x00000000080070ae        0x6 Core/Src/stm32f4xx_it.o
                0x00000000080070ae                UsageFault_Handler
 .text.SVC_Handler
                0x00000000080070b4        0xe Core/Src/stm32f4xx_it.o
                0x00000000080070b4                SVC_Handler
 .text.DebugMon_Handler
                0x00000000080070c2        0xe Core/Src/stm32f4xx_it.o
                0x00000000080070c2                DebugMon_Handler
 .text.PendSV_Handler
                0x00000000080070d0        0xe Core/Src/stm32f4xx_it.o
                0x00000000080070d0                PendSV_Handler
 .text.SysTick_Handler
                0x00000000080070de        0xc Core/Src/stm32f4xx_it.o
                0x00000000080070de                SysTick_Handler
 *fill*         0x00000000080070ea        0x2 
 .text.USART1_IRQHandler
                0x00000000080070ec       0x14 Core/Src/stm32f4xx_it.o
                0x00000000080070ec                USART1_IRQHandler
 .text.UART4_IRQHandler
                0x0000000008007100       0xec Core/Src/stm32f4xx_it.o
                0x0000000008007100                UART4_IRQHandler
 .text.UART5_IRQHandler
                0x00000000080071ec       0xec Core/Src/stm32f4xx_it.o
                0x00000000080071ec                UART5_IRQHandler
 .text.TIM7_IRQHandler
                0x00000000080072d8       0xc0 Core/Src/stm32f4xx_it.o
                0x00000000080072d8                TIM7_IRQHandler
 .text.DMA2_Stream7_IRQHandler
                0x0000000008007398       0x14 Core/Src/stm32f4xx_it.o
                0x0000000008007398                DMA2_Stream7_IRQHandler
 .text.USART6_IRQHandler
                0x00000000080073ac       0xec Core/Src/stm32f4xx_it.o
                0x00000000080073ac                USART6_IRQHandler
 .text._getpid  0x0000000008007498       0x10 Core/Src/syscalls.o
                0x0000000008007498                _getpid
 .text._kill    0x00000000080074a8       0x20 Core/Src/syscalls.o
                0x00000000080074a8                _kill
 .text._exit    0x00000000080074c8       0x14 Core/Src/syscalls.o
                0x00000000080074c8                _exit
 .text._read    0x00000000080074dc       0x3a Core/Src/syscalls.o
                0x00000000080074dc                _read
 .text._close   0x0000000008007516       0x18 Core/Src/syscalls.o
                0x0000000008007516                _close
 .text._fstat   0x000000000800752e       0x20 Core/Src/syscalls.o
                0x000000000800752e                _fstat
 .text._isatty  0x000000000800754e       0x16 Core/Src/syscalls.o
                0x000000000800754e                _isatty
 .text._lseek   0x0000000008007564       0x1a Core/Src/syscalls.o
                0x0000000008007564                _lseek
 *fill*         0x000000000800757e        0x2 
 .text._sbrk    0x0000000008007580       0x6c Core/Src/sysmem.o
                0x0000000008007580                _sbrk
 .text.SystemInit
                0x00000000080075ec       0x24 Core/Src/system_stm32f4xx.o
                0x00000000080075ec                SystemInit
 .text.__NVIC_GetPriorityGrouping
                0x0000000008007610       0x1c Core/Src/tim.o
 .text.__NVIC_EnableIRQ
                0x000000000800762c       0x3c Core/Src/tim.o
 .text.__NVIC_SetPriority
                0x0000000008007668       0x54 Core/Src/tim.o
 .text.NVIC_EncodePriority
                0x00000000080076bc       0x66 Core/Src/tim.o
 .text.LL_TIM_EnableARRPreload
                0x0000000008007722       0x20 Core/Src/tim.o
 *fill*         0x0000000008007742        0x2 
 .text.LL_TIM_OC_EnableFast
                0x0000000008007744       0x88 Core/Src/tim.o
 .text.LL_TIM_OC_DisableFast
                0x00000000080077cc       0x8c Core/Src/tim.o
 .text.LL_TIM_OC_EnablePreload
                0x0000000008007858       0x88 Core/Src/tim.o
 .text.LL_TIM_SetClockSource
                0x00000000080078e0       0x2a Core/Src/tim.o
 .text.LL_TIM_SetTriggerOutput
                0x000000000800790a       0x26 Core/Src/tim.o
 .text.LL_TIM_DisableMasterSlaveMode
                0x0000000008007930       0x20 Core/Src/tim.o
 .text.LL_AHB1_GRP1_EnableClock
                0x0000000008007950       0x30 Core/Src/tim.o
 .text.LL_APB1_GRP1_EnableClock
                0x0000000008007980       0x30 Core/Src/tim.o
 .text.MX_TIM3_Init
                0x00000000080079b0       0xe4 Core/Src/tim.o
                0x00000000080079b0                MX_TIM3_Init
 .text.MX_TIM5_Init
                0x0000000008007a94      0x148 Core/Src/tim.o
                0x0000000008007a94                MX_TIM5_Init
 .text.MX_TIM7_Init
                0x0000000008007bdc       0x74 Core/Src/tim.o
                0x0000000008007bdc                MX_TIM7_Init
 .text.__NVIC_GetPriorityGrouping
                0x0000000008007c50       0x1c Core/Src/usart.o
 .text.__NVIC_EnableIRQ
                0x0000000008007c6c       0x3c Core/Src/usart.o
 .text.__NVIC_SetPriority
                0x0000000008007ca8       0x54 Core/Src/usart.o
 .text.NVIC_EncodePriority
                0x0000000008007cfc       0x66 Core/Src/usart.o
 .text.LL_USART_Enable
                0x0000000008007d62       0x20 Core/Src/usart.o
 .text.LL_USART_ConfigAsyncMode
                0x0000000008007d82       0x2c Core/Src/usart.o
 *fill*         0x0000000008007dae        0x2 
 .text.LL_AHB1_GRP1_EnableClock
                0x0000000008007db0       0x30 Core/Src/usart.o
 .text.LL_APB1_GRP1_EnableClock
                0x0000000008007de0       0x30 Core/Src/usart.o
 .text.LL_APB2_GRP1_EnableClock
                0x0000000008007e10       0x30 Core/Src/usart.o
 .text.MX_UART4_Init
                0x0000000008007e40       0xc4 Core/Src/usart.o
                0x0000000008007e40                MX_UART4_Init
 .text.MX_UART5_Init
                0x0000000008007f04       0xf0 Core/Src/usart.o
                0x0000000008007f04                MX_UART5_Init
 .text.MX_USART1_UART_Init
                0x0000000008007ff4       0x54 Core/Src/usart.o
                0x0000000008007ff4                MX_USART1_UART_Init
 .text.MX_USART6_UART_Init
                0x0000000008008048       0xc0 Core/Src/usart.o
                0x0000000008008048                MX_USART6_UART_Init
 .text.HAL_UART_MspInit
                0x0000000008008108      0x104 Core/Src/usart.o
                0x0000000008008108                HAL_UART_MspInit
 .text.Reset_Handler
                0x000000000800820c       0x50 Core/Startup/startup_stm32f405rgtx.o
                0x000000000800820c                Reset_Handler
 .text.Default_Handler
                0x000000000800825c        0x2 Core/Startup/startup_stm32f405rgtx.o
                0x000000000800825c                RTC_Alarm_IRQHandler
                0x000000000800825c                HASH_RNG_IRQHandler
                0x000000000800825c                EXTI2_IRQHandler
                0x000000000800825c                TIM8_CC_IRQHandler
                0x000000000800825c                TIM1_CC_IRQHandler
                0x000000000800825c                DMA2_Stream5_IRQHandler
                0x000000000800825c                DMA1_Stream5_IRQHandler
                0x000000000800825c                PVD_IRQHandler
                0x000000000800825c                SDIO_IRQHandler
                0x000000000800825c                TAMP_STAMP_IRQHandler
                0x000000000800825c                CAN2_RX1_IRQHandler
                0x000000000800825c                EXTI3_IRQHandler
                0x000000000800825c                TIM8_TRG_COM_TIM14_IRQHandler
                0x000000000800825c                TIM1_UP_TIM10_IRQHandler
                0x000000000800825c                TIM8_UP_TIM13_IRQHandler
                0x000000000800825c                I2C3_ER_IRQHandler
                0x000000000800825c                EXTI0_IRQHandler
                0x000000000800825c                I2C2_EV_IRQHandler
                0x000000000800825c                DMA1_Stream2_IRQHandler
                0x000000000800825c                CAN1_RX0_IRQHandler
                0x000000000800825c                FPU_IRQHandler
                0x000000000800825c                OTG_HS_WKUP_IRQHandler
                0x000000000800825c                CAN2_SCE_IRQHandler
                0x000000000800825c                DMA2_Stream2_IRQHandler
                0x000000000800825c                SPI1_IRQHandler
                0x000000000800825c                TIM6_DAC_IRQHandler
                0x000000000800825c                TIM1_BRK_TIM9_IRQHandler
                0x000000000800825c                CAN2_RX0_IRQHandler
                0x000000000800825c                DMA2_Stream3_IRQHandler
                0x000000000800825c                USART3_IRQHandler
                0x000000000800825c                CAN1_RX1_IRQHandler
                0x000000000800825c                DMA2_Stream0_IRQHandler
                0x000000000800825c                TIM4_IRQHandler
                0x000000000800825c                I2C1_EV_IRQHandler
                0x000000000800825c                DMA1_Stream6_IRQHandler
                0x000000000800825c                DMA1_Stream1_IRQHandler
                0x000000000800825c                TIM3_IRQHandler
                0x000000000800825c                RCC_IRQHandler
                0x000000000800825c                TIM8_BRK_TIM12_IRQHandler
                0x000000000800825c                Default_Handler
                0x000000000800825c                EXTI15_10_IRQHandler
                0x000000000800825c                ADC_IRQHandler
                0x000000000800825c                DMA1_Stream7_IRQHandler
                0x000000000800825c                CAN2_TX_IRQHandler
                0x000000000800825c                TIM5_IRQHandler
                0x000000000800825c                I2C3_EV_IRQHandler
                0x000000000800825c                EXTI9_5_IRQHandler
                0x000000000800825c                RTC_WKUP_IRQHandler
                0x000000000800825c                SPI2_IRQHandler
                0x000000000800825c                OTG_HS_EP1_IN_IRQHandler
                0x000000000800825c                DMA1_Stream0_IRQHandler
                0x000000000800825c                CAN1_TX_IRQHandler
                0x000000000800825c                EXTI4_IRQHandler
                0x000000000800825c                FSMC_IRQHandler
                0x000000000800825c                OTG_HS_EP1_OUT_IRQHandler
                0x000000000800825c                WWDG_IRQHandler
                0x000000000800825c                TIM2_IRQHandler
                0x000000000800825c                OTG_FS_WKUP_IRQHandler
                0x000000000800825c                TIM1_TRG_COM_TIM11_IRQHandler
                0x000000000800825c                OTG_HS_IRQHandler
                0x000000000800825c                EXTI1_IRQHandler
                0x000000000800825c                USART2_IRQHandler
                0x000000000800825c                I2C2_ER_IRQHandler
                0x000000000800825c                DMA2_Stream1_IRQHandler
                0x000000000800825c                CAN1_SCE_IRQHandler
                0x000000000800825c                FLASH_IRQHandler
                0x000000000800825c                DMA2_Stream4_IRQHandler
                0x000000000800825c                OTG_FS_IRQHandler
                0x000000000800825c                SPI3_IRQHandler
                0x000000000800825c                DMA1_Stream4_IRQHandler
                0x000000000800825c                I2C1_ER_IRQHandler
                0x000000000800825c                DMA2_Stream6_IRQHandler
                0x000000000800825c                DMA1_Stream3_IRQHandler
 *fill*         0x000000000800825e        0x2 
 .text.HAL_Init
                0x0000000008008260       0x44 Drivers/STM32F4xx_HAL_Driver/Src/stm32f4xx_hal.o
                0x0000000008008260                HAL_Init
 .text.HAL_InitTick
                0x00000000080082a4       0x60 Drivers/STM32F4xx_HAL_Driver/Src/stm32f4xx_hal.o
                0x00000000080082a4                HAL_InitTick
 .text.HAL_IncTick
                0x0000000008008304       0x28 Drivers/STM32F4xx_HAL_Driver/Src/stm32f4xx_hal.o
                0x0000000008008304                HAL_IncTick
 .text.HAL_GetTick
                0x000000000800832c       0x18 Drivers/STM32F4xx_HAL_Driver/Src/stm32f4xx_hal.o
                0x000000000800832c                HAL_GetTick
 .text.HAL_Delay
                0x0000000008008344       0x48 Drivers/STM32F4xx_HAL_Driver/Src/stm32f4xx_hal.o
                0x0000000008008344                HAL_Delay
 .text.__NVIC_SetPriorityGrouping
                0x000000000800838c       0x48 Drivers/STM32F4xx_HAL_Driver/Src/stm32f4xx_hal_cortex.o
 .text.__NVIC_GetPriorityGrouping
                0x00000000080083d4       0x1c Drivers/STM32F4xx_HAL_Driver/Src/stm32f4xx_hal_cortex.o
 .text.__NVIC_EnableIRQ
                0x00000000080083f0       0x3c Drivers/STM32F4xx_HAL_Driver/Src/stm32f4xx_hal_cortex.o
 .text.__NVIC_SetPriority
                0x000000000800842c       0x54 Drivers/STM32F4xx_HAL_Driver/Src/stm32f4xx_hal_cortex.o
 .text.NVIC_EncodePriority
                0x0000000008008480       0x66 Drivers/STM32F4xx_HAL_Driver/Src/stm32f4xx_hal_cortex.o
 *fill*         0x00000000080084e6        0x2 
 .text.SysTick_Config
                0x00000000080084e8       0x44 Drivers/STM32F4xx_HAL_Driver/Src/stm32f4xx_hal_cortex.o
 .text.HAL_NVIC_SetPriorityGrouping
                0x000000000800852c       0x16 Drivers/STM32F4xx_HAL_Driver/Src/stm32f4xx_hal_cortex.o
                0x000000000800852c                HAL_NVIC_SetPriorityGrouping
 .text.HAL_NVIC_SetPriority
                0x0000000008008542       0x38 Drivers/STM32F4xx_HAL_Driver/Src/stm32f4xx_hal_cortex.o
                0x0000000008008542                HAL_NVIC_SetPriority
 .text.HAL_NVIC_EnableIRQ
                0x000000000800857a       0x1c Drivers/STM32F4xx_HAL_Driver/Src/stm32f4xx_hal_cortex.o
                0x000000000800857a                HAL_NVIC_EnableIRQ
 .text.HAL_SYSTICK_Config
                0x0000000008008596       0x18 Drivers/STM32F4xx_HAL_Driver/Src/stm32f4xx_hal_cortex.o
                0x0000000008008596                HAL_SYSTICK_Config
 *fill*         0x00000000080085ae        0x2 
 .text.HAL_DMA_Init
                0x00000000080085b0      0x15c Drivers/STM32F4xx_HAL_Driver/Src/stm32f4xx_hal_dma.o
                0x00000000080085b0                HAL_DMA_Init
 .text.HAL_DMA_Abort
                0x000000000800870c       0xe0 Drivers/STM32F4xx_HAL_Driver/Src/stm32f4xx_hal_dma.o
                0x000000000800870c                HAL_DMA_Abort
 .text.HAL_DMA_Abort_IT
                0x00000000080087ec       0x44 Drivers/STM32F4xx_HAL_Driver/Src/stm32f4xx_hal_dma.o
                0x00000000080087ec                HAL_DMA_Abort_IT
 .text.HAL_DMA_IRQHandler
                0x0000000008008830      0x314 Drivers/STM32F4xx_HAL_Driver/Src/stm32f4xx_hal_dma.o
                0x0000000008008830                HAL_DMA_IRQHandler
 .text.DMA_CalcBaseAndBitshift
                0x0000000008008b44       0x6c Drivers/STM32F4xx_HAL_Driver/Src/stm32f4xx_hal_dma.o
 .text.DMA_CheckFifoParam
                0x0000000008008bb0       0xf8 Drivers/STM32F4xx_HAL_Driver/Src/stm32f4xx_hal_dma.o
 .text.HAL_GPIO_Init
                0x0000000008008ca8      0x338 Drivers/STM32F4xx_HAL_Driver/Src/stm32f4xx_hal_gpio.o
                0x0000000008008ca8                HAL_GPIO_Init
 .text.HAL_I2C_Init
                0x0000000008008fe0      0x288 Drivers/STM32F4xx_HAL_Driver/Src/stm32f4xx_hal_i2c.o
                0x0000000008008fe0                HAL_I2C_Init
 .text.HAL_I2C_Mem_Write
                0x0000000008009268      0x1f4 Drivers/STM32F4xx_HAL_Driver/Src/stm32f4xx_hal_i2c.o
                0x0000000008009268                HAL_I2C_Mem_Write
 .text.HAL_I2C_Mem_Read
                0x000000000800945c      0x44c Drivers/STM32F4xx_HAL_Driver/Src/stm32f4xx_hal_i2c.o
                0x000000000800945c                HAL_I2C_Mem_Read
 .text.I2C_RequestMemoryWrite
                0x00000000080098a8      0x12c Drivers/STM32F4xx_HAL_Driver/Src/stm32f4xx_hal_i2c.o
 .text.I2C_RequestMemoryRead
                0x00000000080099d4      0x1d0 Drivers/STM32F4xx_HAL_Driver/Src/stm32f4xx_hal_i2c.o
 .text.I2C_WaitOnFlagUntilTimeout
                0x0000000008009ba4       0xae Drivers/STM32F4xx_HAL_Driver/Src/stm32f4xx_hal_i2c.o
 .text.I2C_WaitOnMasterAddressFlagUntilTimeout
                0x0000000008009c52       0xfe Drivers/STM32F4xx_HAL_Driver/Src/stm32f4xx_hal_i2c.o
 .text.I2C_WaitOnTXEFlagUntilTimeout
                0x0000000008009d50       0x82 Drivers/STM32F4xx_HAL_Driver/Src/stm32f4xx_hal_i2c.o
 .text.I2C_WaitOnBTFFlagUntilTimeout
                0x0000000008009dd2       0x82 Drivers/STM32F4xx_HAL_Driver/Src/stm32f4xx_hal_i2c.o
 .text.I2C_WaitOnRXNEFlagUntilTimeout
                0x0000000008009e54       0xac Drivers/STM32F4xx_HAL_Driver/Src/stm32f4xx_hal_i2c.o
 .text.I2C_IsAcknowledgeFailed
                0x0000000008009f00       0x5e Drivers/STM32F4xx_HAL_Driver/Src/stm32f4xx_hal_i2c.o
 *fill*         0x0000000008009f5e        0x2 
 .text.HAL_RCC_OscConfig
                0x0000000008009f60      0x4f0 Drivers/STM32F4xx_HAL_Driver/Src/stm32f4xx_hal_rcc.o
                0x0000000008009f60                HAL_RCC_OscConfig
 .text.HAL_RCC_ClockConfig
                0x000000000800a450      0x1cc Drivers/STM32F4xx_HAL_Driver/Src/stm32f4xx_hal_rcc.o
                0x000000000800a450                HAL_RCC_ClockConfig
 .text.HAL_RCC_GetSysClockFreq
                0x000000000800a61c      0x1c4 Drivers/STM32F4xx_HAL_Driver/Src/stm32f4xx_hal_rcc.o
                0x000000000800a61c                HAL_RCC_GetSysClockFreq
 .text.HAL_RCC_GetHCLKFreq
                0x000000000800a7e0       0x18 Drivers/STM32F4xx_HAL_Driver/Src/stm32f4xx_hal_rcc.o
                0x000000000800a7e0                HAL_RCC_GetHCLKFreq
 .text.HAL_RCC_GetPCLK1Freq
                0x000000000800a7f8       0x28 Drivers/STM32F4xx_HAL_Driver/Src/stm32f4xx_hal_rcc.o
                0x000000000800a7f8                HAL_RCC_GetPCLK1Freq
 .text.HAL_RCC_GetPCLK2Freq
                0x000000000800a820       0x28 Drivers/STM32F4xx_HAL_Driver/Src/stm32f4xx_hal_rcc.o
                0x000000000800a820                HAL_RCC_GetPCLK2Freq
 .text.HAL_UART_Init
                0x000000000800a848       0x9a Drivers/STM32F4xx_HAL_Driver/Src/stm32f4xx_hal_uart.o
                0x000000000800a848                HAL_UART_Init
 .text.HAL_UART_Transmit
                0x000000000800a8e2      0x124 Drivers/STM32F4xx_HAL_Driver/Src/stm32f4xx_hal_uart.o
                0x000000000800a8e2                HAL_UART_Transmit
 .text.HAL_UART_Transmit_IT
                0x000000000800aa06       0x8a Drivers/STM32F4xx_HAL_Driver/Src/stm32f4xx_hal_uart.o
                0x000000000800aa06                HAL_UART_Transmit_IT
 .text.HAL_UART_Receive_IT
                0x000000000800aa90       0x60 Drivers/STM32F4xx_HAL_Driver/Src/stm32f4xx_hal_uart.o
                0x000000000800aa90                HAL_UART_Receive_IT
 .text.HAL_UART_IRQHandler
                0x000000000800aaf0      0x358 Drivers/STM32F4xx_HAL_Driver/Src/stm32f4xx_hal_uart.o
                0x000000000800aaf0                HAL_UART_IRQHandler
 .text.HAL_UART_TxCpltCallback
                0x000000000800ae48       0x14 Drivers/STM32F4xx_HAL_Driver/Src/stm32f4xx_hal_uart.o
                0x000000000800ae48                HAL_UART_TxCpltCallback
 .text.HAL_UART_ErrorCallback
                0x000000000800ae5c       0x14 Drivers/STM32F4xx_HAL_Driver/Src/stm32f4xx_hal_uart.o
                0x000000000800ae5c                HAL_UART_ErrorCallback
 .text.HAL_UARTEx_RxEventCallback
                0x000000000800ae70       0x18 Drivers/STM32F4xx_HAL_Driver/Src/stm32f4xx_hal_uart.o
                0x000000000800ae70                HAL_UARTEx_RxEventCallback
 .text.UART_WaitOnFlagUntilTimeout
                0x000000000800ae88       0x94 Drivers/STM32F4xx_HAL_Driver/Src/stm32f4xx_hal_uart.o
 .text.UART_Start_Receive_IT
                0x000000000800af1c       0x74 Drivers/STM32F4xx_HAL_Driver/Src/stm32f4xx_hal_uart.o
                0x000000000800af1c                UART_Start_Receive_IT
 .text.UART_EndRxTransfer
                0x000000000800af90       0x5a Drivers/STM32F4xx_HAL_Driver/Src/stm32f4xx_hal_uart.o
 .text.UART_DMAAbortOnError
                0x000000000800afea       0x28 Drivers/STM32F4xx_HAL_Driver/Src/stm32f4xx_hal_uart.o
 .text.UART_Transmit_IT
                0x000000000800b012       0xa0 Drivers/STM32F4xx_HAL_Driver/Src/stm32f4xx_hal_uart.o
 .text.UART_EndTransmit_IT
                0x000000000800b0b2       0x30 Drivers/STM32F4xx_HAL_Driver/Src/stm32f4xx_hal_uart.o
 .text.UART_Receive_IT
                0x000000000800b0e2      0x12e Drivers/STM32F4xx_HAL_Driver/Src/stm32f4xx_hal_uart.o
 .text.UART_SetConfig
                0x000000000800b210      0x390 Drivers/STM32F4xx_HAL_Driver/Src/stm32f4xx_hal_uart.o
 .text.LL_GPIO_SetPinMode
                0x000000000800b5a0       0x5e Drivers/STM32F4xx_HAL_Driver/Src/stm32f4xx_ll_gpio.o
 .text.LL_GPIO_SetPinOutputType
                0x000000000800b5fe       0x30 Drivers/STM32F4xx_HAL_Driver/Src/stm32f4xx_ll_gpio.o
 .text.LL_GPIO_SetPinSpeed
                0x000000000800b62e       0x5e Drivers/STM32F4xx_HAL_Driver/Src/stm32f4xx_ll_gpio.o
 .text.LL_GPIO_SetPinPull
                0x000000000800b68c       0x5e Drivers/STM32F4xx_HAL_Driver/Src/stm32f4xx_ll_gpio.o
 .text.LL_GPIO_SetAFPin_0_7
                0x000000000800b6ea       0x5e Drivers/STM32F4xx_HAL_Driver/Src/stm32f4xx_ll_gpio.o
 .text.LL_GPIO_SetAFPin_8_15
                0x000000000800b748       0x62 Drivers/STM32F4xx_HAL_Driver/Src/stm32f4xx_ll_gpio.o
 .text.LL_GPIO_Init
                0x000000000800b7aa       0xe6 Drivers/STM32F4xx_HAL_Driver/Src/stm32f4xx_ll_gpio.o
                0x000000000800b7aa                LL_GPIO_Init
 .text.LL_RCC_GetSysClkSource
                0x000000000800b890       0x1c Drivers/STM32F4xx_HAL_Driver/Src/stm32f4xx_ll_rcc.o
 .text.LL_RCC_GetAHBPrescaler
                0x000000000800b8ac       0x1c Drivers/STM32F4xx_HAL_Driver/Src/stm32f4xx_ll_rcc.o
 .text.LL_RCC_GetAPB1Prescaler
                0x000000000800b8c8       0x1c Drivers/STM32F4xx_HAL_Driver/Src/stm32f4xx_ll_rcc.o
 .text.LL_RCC_GetAPB2Prescaler
                0x000000000800b8e4       0x1c Drivers/STM32F4xx_HAL_Driver/Src/stm32f4xx_ll_rcc.o
 .text.LL_RCC_PLL_GetMainSource
                0x000000000800b900       0x1c Drivers/STM32F4xx_HAL_Driver/Src/stm32f4xx_ll_rcc.o
 .text.LL_RCC_PLL_GetN
                0x000000000800b91c       0x1c Drivers/STM32F4xx_HAL_Driver/Src/stm32f4xx_ll_rcc.o
 .text.LL_RCC_PLL_GetP
                0x000000000800b938       0x1c Drivers/STM32F4xx_HAL_Driver/Src/stm32f4xx_ll_rcc.o
 .text.LL_RCC_PLL_GetDivider
                0x000000000800b954       0x1c Drivers/STM32F4xx_HAL_Driver/Src/stm32f4xx_ll_rcc.o
 .text.LL_RCC_GetSystemClocksFreq
                0x000000000800b970       0x4a Drivers/STM32F4xx_HAL_Driver/Src/stm32f4xx_ll_rcc.o
                0x000000000800b970                LL_RCC_GetSystemClocksFreq
 *fill*         0x000000000800b9ba        0x2 
 .text.RCC_GetSystemClockFreq
                0x000000000800b9bc       0x50 Drivers/STM32F4xx_HAL_Driver/Src/stm32f4xx_ll_rcc.o
                0x000000000800b9bc                RCC_GetSystemClockFreq
 .text.RCC_GetHCLKClockFreq
                0x000000000800ba0c       0x2c Drivers/STM32F4xx_HAL_Driver/Src/stm32f4xx_ll_rcc.o
                0x000000000800ba0c                RCC_GetHCLKClockFreq
 .text.RCC_GetPCLK1ClockFreq
                0x000000000800ba38       0x28 Drivers/STM32F4xx_HAL_Driver/Src/stm32f4xx_ll_rcc.o
                0x000000000800ba38                RCC_GetPCLK1ClockFreq
 .text.RCC_GetPCLK2ClockFreq
                0x000000000800ba60       0x28 Drivers/STM32F4xx_HAL_Driver/Src/stm32f4xx_ll_rcc.o
                0x000000000800ba60                RCC_GetPCLK2ClockFreq
 .text.RCC_PLL_GetFreqDomain_SYS
                0x000000000800ba88       0x7c Drivers/STM32F4xx_HAL_Driver/Src/stm32f4xx_ll_rcc.o
                0x000000000800ba88                RCC_PLL_GetFreqDomain_SYS
 .text.LL_SPI_IsEnabled
                0x000000000800bb04       0x26 Drivers/STM32F4xx_HAL_Driver/Src/stm32f4xx_ll_spi.o
 .text.LL_SPI_SetCRCPolynomial
                0x000000000800bb2a       0x20 Drivers/STM32F4xx_HAL_Driver/Src/stm32f4xx_ll_spi.o
 .text.LL_SPI_Init
                0x000000000800bb4a       0xa4 Drivers/STM32F4xx_HAL_Driver/Src/stm32f4xx_ll_spi.o
                0x000000000800bb4a                LL_SPI_Init
 .text.LL_TIM_SetPrescaler
                0x000000000800bbee       0x1c Drivers/STM32F4xx_HAL_Driver/Src/stm32f4xx_ll_tim.o
 .text.LL_TIM_SetAutoReload
                0x000000000800bc0a       0x1c Drivers/STM32F4xx_HAL_Driver/Src/stm32f4xx_ll_tim.o
 .text.LL_TIM_SetRepetitionCounter
                0x000000000800bc26       0x1c Drivers/STM32F4xx_HAL_Driver/Src/stm32f4xx_ll_tim.o
 .text.LL_TIM_OC_SetCompareCH1
                0x000000000800bc42       0x1c Drivers/STM32F4xx_HAL_Driver/Src/stm32f4xx_ll_tim.o
 .text.LL_TIM_OC_SetCompareCH2
                0x000000000800bc5e       0x1c Drivers/STM32F4xx_HAL_Driver/Src/stm32f4xx_ll_tim.o
 .text.LL_TIM_OC_SetCompareCH3
                0x000000000800bc7a       0x1c Drivers/STM32F4xx_HAL_Driver/Src/stm32f4xx_ll_tim.o
 .text.LL_TIM_OC_SetCompareCH4
                0x000000000800bc96       0x1c Drivers/STM32F4xx_HAL_Driver/Src/stm32f4xx_ll_tim.o
 .text.LL_TIM_GenerateEvent_UPDATE
                0x000000000800bcb2       0x20 Drivers/STM32F4xx_HAL_Driver/Src/stm32f4xx_ll_tim.o
 *fill*         0x000000000800bcd2        0x2 
 .text.LL_TIM_Init
                0x000000000800bcd4      0x134 Drivers/STM32F4xx_HAL_Driver/Src/stm32f4xx_ll_tim.o
                0x000000000800bcd4                LL_TIM_Init
 .text.LL_TIM_OC_Init
                0x000000000800be08       0x82 Drivers/STM32F4xx_HAL_Driver/Src/stm32f4xx_ll_tim.o
                0x000000000800be08                LL_TIM_OC_Init
 *fill*         0x000000000800be8a        0x2 
 .text.OC1Config
                0x000000000800be8c       0xd8 Drivers/STM32F4xx_HAL_Driver/Src/stm32f4xx_ll_tim.o
 .text.OC2Config
                0x000000000800bf64       0xe0 Drivers/STM32F4xx_HAL_Driver/Src/stm32f4xx_ll_tim.o
 .text.OC3Config
                0x000000000800c044       0xe0 Drivers/STM32F4xx_HAL_Driver/Src/stm32f4xx_ll_tim.o
 .text.OC4Config
                0x000000000800c124       0xb0 Drivers/STM32F4xx_HAL_Driver/Src/stm32f4xx_ll_tim.o
 .text.LL_USART_IsEnabled
                0x000000000800c1d4       0x28 Drivers/STM32F4xx_HAL_Driver/Src/stm32f4xx_ll_usart.o
 .text.LL_USART_SetStopBitsLength
                0x000000000800c1fc       0x26 Drivers/STM32F4xx_HAL_Driver/Src/stm32f4xx_ll_usart.o
 .text.LL_USART_SetHWFlowCtrl
                0x000000000800c222       0x26 Drivers/STM32F4xx_HAL_Driver/Src/stm32f4xx_ll_usart.o
 .text.LL_USART_SetBaudRate
                0x000000000800c248      0x320 Drivers/STM32F4xx_HAL_Driver/Src/stm32f4xx_ll_usart.o
 .text.LL_USART_Init
                0x000000000800c568      0x100 Drivers/STM32F4xx_HAL_Driver/Src/stm32f4xx_ll_usart.o
                0x000000000800c568                LL_USART_Init
 .text.__errno  0x000000000800c668        0xc c:/st/stm32cubeide_1.6.0/stm32cubeide/plugins/com.st.stm32cube.ide.mcu.externaltools.gnu-tools-for-stm32.9-2020-q2-update.win32_1.5.0.202011040924/tools/bin/../lib/gcc/arm-none-eabi/9.3.1/../../../../arm-none-eabi/lib/thumb/v7e-m+fp/hard\libc_nano.a(lib_a-errno.o)
                0x000000000800c668                __errno
 .text.__libc_init_array
                0x000000000800c674       0x48 c:/st/stm32cubeide_1.6.0/stm32cubeide/plugins/com.st.stm32cube.ide.mcu.externaltools.gnu-tools-for-stm32.9-2020-q2-update.win32_1.5.0.202011040924/tools/bin/../lib/gcc/arm-none-eabi/9.3.1/../../../../arm-none-eabi/lib/thumb/v7e-m+fp/hard\libc_nano.a(lib_a-init.o)
                0x000000000800c674                __libc_init_array
 .text.memset   0x000000000800c6bc       0x10 c:/st/stm32cubeide_1.6.0/stm32cubeide/plugins/com.st.stm32cube.ide.mcu.externaltools.gnu-tools-for-stm32.9-2020-q2-update.win32_1.5.0.202011040924/tools/bin/../lib/gcc/arm-none-eabi/9.3.1/../../../../arm-none-eabi/lib/thumb/v7e-m+fp/hard\libc_nano.a(lib_a-memset.o)
                0x000000000800c6bc                memset
 .text.__cvt    0x000000000800c6cc       0xc4 c:/st/stm32cubeide_1.6.0/stm32cubeide/plugins/com.st.stm32cube.ide.mcu.externaltools.gnu-tools-for-stm32.9-2020-q2-update.win32_1.5.0.202011040924/tools/bin/../lib/gcc/arm-none-eabi/9.3.1/../../../../arm-none-eabi/lib/thumb/v7e-m+fp/hard\libc_nano.a(lib_a-nano-vfprintf_float.o)
                0x000000000800c6cc                __cvt
 .text.__exponent
                0x000000000800c790       0x7c c:/st/stm32cubeide_1.6.0/stm32cubeide/plugins/com.st.stm32cube.ide.mcu.externaltools.gnu-tools-for-stm32.9-2020-q2-update.win32_1.5.0.202011040924/tools/bin/../lib/gcc/arm-none-eabi/9.3.1/../../../../arm-none-eabi/lib/thumb/v7e-m+fp/hard\libc_nano.a(lib_a-nano-vfprintf_float.o)
                0x000000000800c790                __exponent
 .text._printf_float
                0x000000000800c80c      0x46c c:/st/stm32cubeide_1.6.0/stm32cubeide/plugins/com.st.stm32cube.ide.mcu.externaltools.gnu-tools-for-stm32.9-2020-q2-update.win32_1.5.0.202011040924/tools/bin/../lib/gcc/arm-none-eabi/9.3.1/../../../../arm-none-eabi/lib/thumb/v7e-m+fp/hard\libc_nano.a(lib_a-nano-vfprintf_float.o)
                0x000000000800c80c                _printf_float
 .text._printf_common
                0x000000000800cc78       0xda c:/st/stm32cubeide_1.6.0/stm32cubeide/plugins/com.st.stm32cube.ide.mcu.externaltools.gnu-tools-for-stm32.9-2020-q2-update.win32_1.5.0.202011040924/tools/bin/../lib/gcc/arm-none-eabi/9.3.1/../../../../arm-none-eabi/lib/thumb/v7e-m+fp/hard\libc_nano.a(lib_a-nano-vfprintf_i.o)
                0x000000000800cc78                _printf_common
 *fill*         0x000000000800cd52        0x2 
 .text._printf_i
                0x000000000800cd54      0x24c c:/st/stm32cubeide_1.6.0/stm32cubeide/plugins/com.st.stm32cube.ide.mcu.externaltools.gnu-tools-for-stm32.9-2020-q2-update.win32_1.5.0.202011040924/tools/bin/../lib/gcc/arm-none-eabi/9.3.1/../../../../arm-none-eabi/lib/thumb/v7e-m+fp/hard\libc_nano.a(lib_a-nano-vfprintf_i.o)
                0x000000000800cd54                _printf_i
 .text.printf   0x000000000800cfa0       0x30 c:/st/stm32cubeide_1.6.0/stm32cubeide/plugins/com.st.stm32cube.ide.mcu.externaltools.gnu-tools-for-stm32.9-2020-q2-update.win32_1.5.0.202011040924/tools/bin/../lib/gcc/arm-none-eabi/9.3.1/../../../../arm-none-eabi/lib/thumb/v7e-m+fp/hard\libc_nano.a(lib_a-printf.o)
                0x000000000800cfa0                iprintf
                0x000000000800cfa0                printf
 .text._puts_r  0x000000000800cfd0       0xdc c:/st/stm32cubeide_1.6.0/stm32cubeide/plugins/com.st.stm32cube.ide.mcu.externaltools.gnu-tools-for-stm32.9-2020-q2-update.win32_1.5.0.202011040924/tools/bin/../lib/gcc/arm-none-eabi/9.3.1/../../../../arm-none-eabi/lib/thumb/v7e-m+fp/hard\libc_nano.a(lib_a-puts.o)
                0x000000000800cfd0                _puts_r
 .text.puts     0x000000000800d0ac       0x10 c:/st/stm32cubeide_1.6.0/stm32cubeide/plugins/com.st.stm32cube.ide.mcu.externaltools.gnu-tools-for-stm32.9-2020-q2-update.win32_1.5.0.202011040924/tools/bin/../lib/gcc/arm-none-eabi/9.3.1/../../../../arm-none-eabi/lib/thumb/v7e-m+fp/hard\libc_nano.a(lib_a-puts.o)
                0x000000000800d0ac                puts
 .text.__swbuf_r
                0x000000000800d0bc       0xa4 c:/st/stm32cubeide_1.6.0/stm32cubeide/plugins/com.st.stm32cube.ide.mcu.externaltools.gnu-tools-for-stm32.9-2020-q2-update.win32_1.5.0.202011040924/tools/bin/../lib/gcc/arm-none-eabi/9.3.1/../../../../arm-none-eabi/lib/thumb/v7e-m+fp/hard\libc_nano.a(lib_a-wbuf.o)
                0x000000000800d0bc                __swbuf_r
 .text.__swsetup_r
                0x000000000800d160       0xdc c:/st/stm32cubeide_1.6.0/stm32cubeide/plugins/com.st.stm32cube.ide.mcu.externaltools.gnu-tools-for-stm32.9-2020-q2-update.win32_1.5.0.202011040924/tools/bin/../lib/gcc/arm-none-eabi/9.3.1/../../../../arm-none-eabi/lib/thumb/v7e-m+fp/hard\libc_nano.a(lib_a-wsetup.o)
                0x000000000800d160                __swsetup_r
 .text.quorem   0x000000000800d23c      0x116 c:/st/stm32cubeide_1.6.0/stm32cubeide/plugins/com.st.stm32cube.ide.mcu.externaltools.gnu-tools-for-stm32.9-2020-q2-update.win32_1.5.0.202011040924/tools/bin/../lib/gcc/arm-none-eabi/9.3.1/../../../../arm-none-eabi/lib/thumb/v7e-m+fp/hard\libc_nano.a(lib_a-dtoa.o)
 *fill*         0x000000000800d352        0x6 
 .text._dtoa_r  0x000000000800d358      0xbd8 c:/st/stm32cubeide_1.6.0/stm32cubeide/plugins/com.st.stm32cube.ide.mcu.externaltools.gnu-tools-for-stm32.9-2020-q2-update.win32_1.5.0.202011040924/tools/bin/../lib/gcc/arm-none-eabi/9.3.1/../../../../arm-none-eabi/lib/thumb/v7e-m+fp/hard\libc_nano.a(lib_a-dtoa.o)
                0x000000000800d358                _dtoa_r
 .text.__sflush_r
                0x000000000800df30      0x10c c:/st/stm32cubeide_1.6.0/stm32cubeide/plugins/com.st.stm32cube.ide.mcu.externaltools.gnu-tools-for-stm32.9-2020-q2-update.win32_1.5.0.202011040924/tools/bin/../lib/gcc/arm-none-eabi/9.3.1/../../../../arm-none-eabi/lib/thumb/v7e-m+fp/hard\libc_nano.a(lib_a-fflush.o)
                0x000000000800df30                __sflush_r
 .text._fflush_r
                0x000000000800e03c       0x78 c:/st/stm32cubeide_1.6.0/stm32cubeide/plugins/com.st.stm32cube.ide.mcu.externaltools.gnu-tools-for-stm32.9-2020-q2-update.win32_1.5.0.202011040924/tools/bin/../lib/gcc/arm-none-eabi/9.3.1/../../../../arm-none-eabi/lib/thumb/v7e-m+fp/hard\libc_nano.a(lib_a-fflush.o)
                0x000000000800e03c                _fflush_r
 .text.std      0x000000000800e0b4       0x48 c:/st/stm32cubeide_1.6.0/stm32cubeide/plugins/com.st.stm32cube.ide.mcu.externaltools.gnu-tools-for-stm32.9-2020-q2-update.win32_1.5.0.202011040924/tools/bin/../lib/gcc/arm-none-eabi/9.3.1/../../../../arm-none-eabi/lib/thumb/v7e-m+fp/hard\libc_nano.a(lib_a-findfp.o)
 .text._cleanup_r
                0x000000000800e0fc        0xc c:/st/stm32cubeide_1.6.0/stm32cubeide/plugins/com.st.stm32cube.ide.mcu.externaltools.gnu-tools-for-stm32.9-2020-q2-update.win32_1.5.0.202011040924/tools/bin/../lib/gcc/arm-none-eabi/9.3.1/../../../../arm-none-eabi/lib/thumb/v7e-m+fp/hard\libc_nano.a(lib_a-findfp.o)
                0x000000000800e0fc                _cleanup_r
 .text.__sfmoreglue
                0x000000000800e108       0x2c c:/st/stm32cubeide_1.6.0/stm32cubeide/plugins/com.st.stm32cube.ide.mcu.externaltools.gnu-tools-for-stm32.9-2020-q2-update.win32_1.5.0.202011040924/tools/bin/../lib/gcc/arm-none-eabi/9.3.1/../../../../arm-none-eabi/lib/thumb/v7e-m+fp/hard\libc_nano.a(lib_a-findfp.o)
                0x000000000800e108                __sfmoreglue
 .text.__sfp_lock_acquire
                0x000000000800e134        0xc c:/st/stm32cubeide_1.6.0/stm32cubeide/plugins/com.st.stm32cube.ide.mcu.externaltools.gnu-tools-for-stm32.9-2020-q2-update.win32_1.5.0.202011040924/tools/bin/../lib/gcc/arm-none-eabi/9.3.1/../../../../arm-none-eabi/lib/thumb/v7e-m+fp/hard\libc_nano.a(lib_a-findfp.o)
                0x000000000800e134                __sfp_lock_acquire
 .text.__sfp_lock_release
                0x000000000800e140        0xc c:/st/stm32cubeide_1.6.0/stm32cubeide/plugins/com.st.stm32cube.ide.mcu.externaltools.gnu-tools-for-stm32.9-2020-q2-update.win32_1.5.0.202011040924/tools/bin/../lib/gcc/arm-none-eabi/9.3.1/../../../../arm-none-eabi/lib/thumb/v7e-m+fp/hard\libc_nano.a(lib_a-findfp.o)
                0x000000000800e140                __sfp_lock_release
 .text.__sinit_lock_acquire
                0x000000000800e14c        0xc c:/st/stm32cubeide_1.6.0/stm32cubeide/plugins/com.st.stm32cube.ide.mcu.externaltools.gnu-tools-for-stm32.9-2020-q2-update.win32_1.5.0.202011040924/tools/bin/../lib/gcc/arm-none-eabi/9.3.1/../../../../arm-none-eabi/lib/thumb/v7e-m+fp/hard\libc_nano.a(lib_a-findfp.o)
                0x000000000800e14c                __sinit_lock_acquire
 .text.__sinit_lock_release
                0x000000000800e158        0xc c:/st/stm32cubeide_1.6.0/stm32cubeide/plugins/com.st.stm32cube.ide.mcu.externaltools.gnu-tools-for-stm32.9-2020-q2-update.win32_1.5.0.202011040924/tools/bin/../lib/gcc/arm-none-eabi/9.3.1/../../../../arm-none-eabi/lib/thumb/v7e-m+fp/hard\libc_nano.a(lib_a-findfp.o)
                0x000000000800e158                __sinit_lock_release
 .text.__sinit  0x000000000800e164       0x70 c:/st/stm32cubeide_1.6.0/stm32cubeide/plugins/com.st.stm32cube.ide.mcu.externaltools.gnu-tools-for-stm32.9-2020-q2-update.win32_1.5.0.202011040924/tools/bin/../lib/gcc/arm-none-eabi/9.3.1/../../../../arm-none-eabi/lib/thumb/v7e-m+fp/hard\libc_nano.a(lib_a-findfp.o)
                0x000000000800e164                __sinit
 .text.__sfp    0x000000000800e1d4       0x8c c:/st/stm32cubeide_1.6.0/stm32cubeide/plugins/com.st.stm32cube.ide.mcu.externaltools.gnu-tools-for-stm32.9-2020-q2-update.win32_1.5.0.202011040924/tools/bin/../lib/gcc/arm-none-eabi/9.3.1/../../../../arm-none-eabi/lib/thumb/v7e-m+fp/hard\libc_nano.a(lib_a-findfp.o)
                0x000000000800e1d4                __sfp
 .text._fwalk_reent
                0x000000000800e260       0x3e c:/st/stm32cubeide_1.6.0/stm32cubeide/plugins/com.st.stm32cube.ide.mcu.externaltools.gnu-tools-for-stm32.9-2020-q2-update.win32_1.5.0.202011040924/tools/bin/../lib/gcc/arm-none-eabi/9.3.1/../../../../arm-none-eabi/lib/thumb/v7e-m+fp/hard\libc_nano.a(lib_a-fwalk.o)
                0x000000000800e260                _fwalk_reent
 *fill*         0x000000000800e29e        0x2 
 .text._localeconv_r
                0x000000000800e2a0        0x8 c:/st/stm32cubeide_1.6.0/stm32cubeide/plugins/com.st.stm32cube.ide.mcu.externaltools.gnu-tools-for-stm32.9-2020-q2-update.win32_1.5.0.202011040924/tools/bin/../lib/gcc/arm-none-eabi/9.3.1/../../../../arm-none-eabi/lib/thumb/v7e-m+fp/hard\libc_nano.a(lib_a-localeconv.o)
                0x000000000800e2a0                _localeconv_r
 .text.__retarget_lock_init_recursive
                0x000000000800e2a8        0x2 c:/st/stm32cubeide_1.6.0/stm32cubeide/plugins/com.st.stm32cube.ide.mcu.externaltools.gnu-tools-for-stm32.9-2020-q2-update.win32_1.5.0.202011040924/tools/bin/../lib/gcc/arm-none-eabi/9.3.1/../../../../arm-none-eabi/lib/thumb/v7e-m+fp/hard\libc_nano.a(lib_a-lock.o)
                0x000000000800e2a8                __retarget_lock_init_recursive
 .text.__retarget_lock_acquire_recursive
                0x000000000800e2aa        0x2 c:/st/stm32cubeide_1.6.0/stm32cubeide/plugins/com.st.stm32cube.ide.mcu.externaltools.gnu-tools-for-stm32.9-2020-q2-update.win32_1.5.0.202011040924/tools/bin/../lib/gcc/arm-none-eabi/9.3.1/../../../../arm-none-eabi/lib/thumb/v7e-m+fp/hard\libc_nano.a(lib_a-lock.o)
                0x000000000800e2aa                __retarget_lock_acquire_recursive
 .text.__retarget_lock_release_recursive
                0x000000000800e2ac        0x2 c:/st/stm32cubeide_1.6.0/stm32cubeide/plugins/com.st.stm32cube.ide.mcu.externaltools.gnu-tools-for-stm32.9-2020-q2-update.win32_1.5.0.202011040924/tools/bin/../lib/gcc/arm-none-eabi/9.3.1/../../../../arm-none-eabi/lib/thumb/v7e-m+fp/hard\libc_nano.a(lib_a-lock.o)
                0x000000000800e2ac                __retarget_lock_release_recursive
 .text.__swhatbuf_r
                0x000000000800e2ae       0x48 c:/st/stm32cubeide_1.6.0/stm32cubeide/plugins/com.st.stm32cube.ide.mcu.externaltools.gnu-tools-for-stm32.9-2020-q2-update.win32_1.5.0.202011040924/tools/bin/../lib/gcc/arm-none-eabi/9.3.1/../../../../arm-none-eabi/lib/thumb/v7e-m+fp/hard\libc_nano.a(lib_a-makebuf.o)
                0x000000000800e2ae                __swhatbuf_r
 *fill*         0x000000000800e2f6        0x2 
 .text.__smakebuf_r
                0x000000000800e2f8       0x80 c:/st/stm32cubeide_1.6.0/stm32cubeide/plugins/com.st.stm32cube.ide.mcu.externaltools.gnu-tools-for-stm32.9-2020-q2-update.win32_1.5.0.202011040924/tools/bin/../lib/gcc/arm-none-eabi/9.3.1/../../../../arm-none-eabi/lib/thumb/v7e-m+fp/hard\libc_nano.a(lib_a-makebuf.o)
                0x000000000800e2f8                __smakebuf_r
 .text.malloc   0x000000000800e378       0x10 c:/st/stm32cubeide_1.6.0/stm32cubeide/plugins/com.st.stm32cube.ide.mcu.externaltools.gnu-tools-for-stm32.9-2020-q2-update.win32_1.5.0.202011040924/tools/bin/../lib/gcc/arm-none-eabi/9.3.1/../../../../arm-none-eabi/lib/thumb/v7e-m+fp/hard\libc_nano.a(lib_a-malloc.o)
                0x000000000800e378                malloc
 .text.memcpy   0x000000000800e388       0x1c c:/st/stm32cubeide_1.6.0/stm32cubeide/plugins/com.st.stm32cube.ide.mcu.externaltools.gnu-tools-for-stm32.9-2020-q2-update.win32_1.5.0.202011040924/tools/bin/../lib/gcc/arm-none-eabi/9.3.1/../../../../arm-none-eabi/lib/thumb/v7e-m+fp/hard\libc_nano.a(lib_a-memcpy-stub.o)
                0x000000000800e388                memcpy
 .text._Balloc  0x000000000800e3a4       0x80 c:/st/stm32cubeide_1.6.0/stm32cubeide/plugins/com.st.stm32cube.ide.mcu.externaltools.gnu-tools-for-stm32.9-2020-q2-update.win32_1.5.0.202011040924/tools/bin/../lib/gcc/arm-none-eabi/9.3.1/../../../../arm-none-eabi/lib/thumb/v7e-m+fp/hard\libc_nano.a(lib_a-mprec.o)
                0x000000000800e3a4                _Balloc
 .text._Bfree   0x000000000800e424       0x44 c:/st/stm32cubeide_1.6.0/stm32cubeide/plugins/com.st.stm32cube.ide.mcu.externaltools.gnu-tools-for-stm32.9-2020-q2-update.win32_1.5.0.202011040924/tools/bin/../lib/gcc/arm-none-eabi/9.3.1/../../../../arm-none-eabi/lib/thumb/v7e-m+fp/hard\libc_nano.a(lib_a-mprec.o)
                0x000000000800e424                _Bfree
 .text.__multadd
                0x000000000800e468       0x94 c:/st/stm32cubeide_1.6.0/stm32cubeide/plugins/com.st.stm32cube.ide.mcu.externaltools.gnu-tools-for-stm32.9-2020-q2-update.win32_1.5.0.202011040924/tools/bin/../lib/gcc/arm-none-eabi/9.3.1/../../../../arm-none-eabi/lib/thumb/v7e-m+fp/hard\libc_nano.a(lib_a-mprec.o)
                0x000000000800e468                __multadd
 .text.__hi0bits
                0x000000000800e4fc       0x40 c:/st/stm32cubeide_1.6.0/stm32cubeide/plugins/com.st.stm32cube.ide.mcu.externaltools.gnu-tools-for-stm32.9-2020-q2-update.win32_1.5.0.202011040924/tools/bin/../lib/gcc/arm-none-eabi/9.3.1/../../../../arm-none-eabi/lib/thumb/v7e-m+fp/hard\libc_nano.a(lib_a-mprec.o)
                0x000000000800e4fc                __hi0bits
 .text.__lo0bits
                0x000000000800e53c       0x60 c:/st/stm32cubeide_1.6.0/stm32cubeide/plugins/com.st.stm32cube.ide.mcu.externaltools.gnu-tools-for-stm32.9-2020-q2-update.win32_1.5.0.202011040924/tools/bin/../lib/gcc/arm-none-eabi/9.3.1/../../../../arm-none-eabi/lib/thumb/v7e-m+fp/hard\libc_nano.a(lib_a-mprec.o)
                0x000000000800e53c                __lo0bits
 .text.__i2b    0x000000000800e59c       0x2c c:/st/stm32cubeide_1.6.0/stm32cubeide/plugins/com.st.stm32cube.ide.mcu.externaltools.gnu-tools-for-stm32.9-2020-q2-update.win32_1.5.0.202011040924/tools/bin/../lib/gcc/arm-none-eabi/9.3.1/../../../../arm-none-eabi/lib/thumb/v7e-m+fp/hard\libc_nano.a(lib_a-mprec.o)
                0x000000000800e59c                __i2b
 .text.__multiply
                0x000000000800e5c8      0x14c c:/st/stm32cubeide_1.6.0/stm32cubeide/plugins/com.st.stm32cube.ide.mcu.externaltools.gnu-tools-for-stm32.9-2020-q2-update.win32_1.5.0.202011040924/tools/bin/../lib/gcc/arm-none-eabi/9.3.1/../../../../arm-none-eabi/lib/thumb/v7e-m+fp/hard\libc_nano.a(lib_a-mprec.o)
                0x000000000800e5c8                __multiply
 .text.__pow5mult
                0x000000000800e714       0xb4 c:/st/stm32cubeide_1.6.0/stm32cubeide/plugins/com.st.stm32cube.ide.mcu.externaltools.gnu-tools-for-stm32.9-2020-q2-update.win32_1.5.0.202011040924/tools/bin/../lib/gcc/arm-none-eabi/9.3.1/../../../../arm-none-eabi/lib/thumb/v7e-m+fp/hard\libc_nano.a(lib_a-mprec.o)
                0x000000000800e714                __pow5mult
 .text.__lshift
                0x000000000800e7c8       0xd8 c:/st/stm32cubeide_1.6.0/stm32cubeide/plugins/com.st.stm32cube.ide.mcu.externaltools.gnu-tools-for-stm32.9-2020-q2-update.win32_1.5.0.202011040924/tools/bin/../lib/gcc/arm-none-eabi/9.3.1/../../../../arm-none-eabi/lib/thumb/v7e-m+fp/hard\libc_nano.a(lib_a-mprec.o)
                0x000000000800e7c8                __lshift
 .text.__mcmp   0x000000000800e8a0       0x38 c:/st/stm32cubeide_1.6.0/stm32cubeide/plugins/com.st.stm32cube.ide.mcu.externaltools.gnu-tools-for-stm32.9-2020-q2-update.win32_1.5.0.202011040924/tools/bin/../lib/gcc/arm-none-eabi/9.3.1/../../../../arm-none-eabi/lib/thumb/v7e-m+fp/hard\libc_nano.a(lib_a-mprec.o)
                0x000000000800e8a0                __mcmp
 .text.__mdiff  0x000000000800e8d8      0x110 c:/st/stm32cubeide_1.6.0/stm32cubeide/plugins/com.st.stm32cube.ide.mcu.externaltools.gnu-tools-for-stm32.9-2020-q2-update.win32_1.5.0.202011040924/tools/bin/../lib/gcc/arm-none-eabi/9.3.1/../../../../arm-none-eabi/lib/thumb/v7e-m+fp/hard\libc_nano.a(lib_a-mprec.o)
                0x000000000800e8d8                __mdiff
 .text.__d2b    0x000000000800e9e8       0xb8 c:/st/stm32cubeide_1.6.0/stm32cubeide/plugins/com.st.stm32cube.ide.mcu.externaltools.gnu-tools-for-stm32.9-2020-q2-update.win32_1.5.0.202011040924/tools/bin/../lib/gcc/arm-none-eabi/9.3.1/../../../../arm-none-eabi/lib/thumb/v7e-m+fp/hard\libc_nano.a(lib_a-mprec.o)
                0x000000000800e9e8                __d2b
 .text._calloc_r
                0x000000000800eaa0       0x1e c:/st/stm32cubeide_1.6.0/stm32cubeide/plugins/com.st.stm32cube.ide.mcu.externaltools.gnu-tools-for-stm32.9-2020-q2-update.win32_1.5.0.202011040924/tools/bin/../lib/gcc/arm-none-eabi/9.3.1/../../../../arm-none-eabi/lib/thumb/v7e-m+fp/hard\libc_nano.a(lib_a-nano-callocr.o)
                0x000000000800eaa0                _calloc_r
 *fill*         0x000000000800eabe        0x2 
 .text._free_r  0x000000000800eac0       0xa0 c:/st/stm32cubeide_1.6.0/stm32cubeide/plugins/com.st.stm32cube.ide.mcu.externaltools.gnu-tools-for-stm32.9-2020-q2-update.win32_1.5.0.202011040924/tools/bin/../lib/gcc/arm-none-eabi/9.3.1/../../../../arm-none-eabi/lib/thumb/v7e-m+fp/hard\libc_nano.a(lib_a-nano-freer.o)
                0x000000000800eac0                _free_r
 .text._malloc_r
                0x000000000800eb60       0xb4 c:/st/stm32cubeide_1.6.0/stm32cubeide/plugins/com.st.stm32cube.ide.mcu.externaltools.gnu-tools-for-stm32.9-2020-q2-update.win32_1.5.0.202011040924/tools/bin/../lib/gcc/arm-none-eabi/9.3.1/../../../../arm-none-eabi/lib/thumb/v7e-m+fp/hard\libc_nano.a(lib_a-nano-mallocr.o)
                0x000000000800eb60                _malloc_r
 .text.__sfputc_r
                0x000000000800ec14       0x2e c:/st/stm32cubeide_1.6.0/stm32cubeide/plugins/com.st.stm32cube.ide.mcu.externaltools.gnu-tools-for-stm32.9-2020-q2-update.win32_1.5.0.202011040924/tools/bin/../lib/gcc/arm-none-eabi/9.3.1/../../../../arm-none-eabi/lib/thumb/v7e-m+fp/hard\libc_nano.a(lib_a-nano-vfprintf.o)
 .text.__sfputs_r
                0x000000000800ec42       0x24 c:/st/stm32cubeide_1.6.0/stm32cubeide/plugins/com.st.stm32cube.ide.mcu.externaltools.gnu-tools-for-stm32.9-2020-q2-update.win32_1.5.0.202011040924/tools/bin/../lib/gcc/arm-none-eabi/9.3.1/../../../../arm-none-eabi/lib/thumb/v7e-m+fp/hard\libc_nano.a(lib_a-nano-vfprintf.o)
                0x000000000800ec42                __sfputs_r
 *fill*         0x000000000800ec66        0x2 
 .text._vfprintf_r
                0x000000000800ec68      0x260 c:/st/stm32cubeide_1.6.0/stm32cubeide/plugins/com.st.stm32cube.ide.mcu.externaltools.gnu-tools-for-stm32.9-2020-q2-update.win32_1.5.0.202011040924/tools/bin/../lib/gcc/arm-none-eabi/9.3.1/../../../../arm-none-eabi/lib/thumb/v7e-m+fp/hard\libc_nano.a(lib_a-nano-vfprintf.o)
                0x000000000800ec68                _vfprintf_r
                0x000000000800ec68                _vfiprintf_r
 .text._sbrk_r  0x000000000800eec8       0x20 c:/st/stm32cubeide_1.6.0/stm32cubeide/plugins/com.st.stm32cube.ide.mcu.externaltools.gnu-tools-for-stm32.9-2020-q2-update.win32_1.5.0.202011040924/tools/bin/../lib/gcc/arm-none-eabi/9.3.1/../../../../arm-none-eabi/lib/thumb/v7e-m+fp/hard\libc_nano.a(lib_a-sbrkr.o)
                0x000000000800eec8                _sbrk_r
 .text.__sread  0x000000000800eee8       0x22 c:/st/stm32cubeide_1.6.0/stm32cubeide/plugins/com.st.stm32cube.ide.mcu.externaltools.gnu-tools-for-stm32.9-2020-q2-update.win32_1.5.0.202011040924/tools/bin/../lib/gcc/arm-none-eabi/9.3.1/../../../../arm-none-eabi/lib/thumb/v7e-m+fp/hard\libc_nano.a(lib_a-stdio.o)
                0x000000000800eee8                __sread
 .text.__swrite
                0x000000000800ef0a       0x38 c:/st/stm32cubeide_1.6.0/stm32cubeide/plugins/com.st.stm32cube.ide.mcu.externaltools.gnu-tools-for-stm32.9-2020-q2-update.win32_1.5.0.202011040924/tools/bin/../lib/gcc/arm-none-eabi/9.3.1/../../../../arm-none-eabi/lib/thumb/v7e-m+fp/hard\libc_nano.a(lib_a-stdio.o)
                0x000000000800ef0a                __swrite
 .text.__sseek  0x000000000800ef42       0x24 c:/st/stm32cubeide_1.6.0/stm32cubeide/plugins/com.st.stm32cube.ide.mcu.externaltools.gnu-tools-for-stm32.9-2020-q2-update.win32_1.5.0.202011040924/tools/bin/../lib/gcc/arm-none-eabi/9.3.1/../../../../arm-none-eabi/lib/thumb/v7e-m+fp/hard\libc_nano.a(lib_a-stdio.o)
                0x000000000800ef42                __sseek
 .text.__sclose
                0x000000000800ef66        0x8 c:/st/stm32cubeide_1.6.0/stm32cubeide/plugins/com.st.stm32cube.ide.mcu.externaltools.gnu-tools-for-stm32.9-2020-q2-update.win32_1.5.0.202011040924/tools/bin/../lib/gcc/arm-none-eabi/9.3.1/../../../../arm-none-eabi/lib/thumb/v7e-m+fp/hard\libc_nano.a(lib_a-stdio.o)
                0x000000000800ef66                __sclose
 *fill*         0x000000000800ef6e        0x2 
 .text._write_r
                0x000000000800ef70       0x24 c:/st/stm32cubeide_1.6.0/stm32cubeide/plugins/com.st.stm32cube.ide.mcu.externaltools.gnu-tools-for-stm32.9-2020-q2-update.win32_1.5.0.202011040924/tools/bin/../lib/gcc/arm-none-eabi/9.3.1/../../../../arm-none-eabi/lib/thumb/v7e-m+fp/hard\libc_nano.a(lib_a-writer.o)
                0x000000000800ef70                _write_r
 .text.__assert_func
                0x000000000800ef94       0x3c c:/st/stm32cubeide_1.6.0/stm32cubeide/plugins/com.st.stm32cube.ide.mcu.externaltools.gnu-tools-for-stm32.9-2020-q2-update.win32_1.5.0.202011040924/tools/bin/../lib/gcc/arm-none-eabi/9.3.1/../../../../arm-none-eabi/lib/thumb/v7e-m+fp/hard\libc_nano.a(lib_a-assert.o)
                0x000000000800ef94                __assert_func
 .text._close_r
                0x000000000800efd0       0x20 c:/st/stm32cubeide_1.6.0/stm32cubeide/plugins/com.st.stm32cube.ide.mcu.externaltools.gnu-tools-for-stm32.9-2020-q2-update.win32_1.5.0.202011040924/tools/bin/../lib/gcc/arm-none-eabi/9.3.1/../../../../arm-none-eabi/lib/thumb/v7e-m+fp/hard\libc_nano.a(lib_a-closer.o)
                0x000000000800efd0                _close_r
 .text.fprintf  0x000000000800eff0       0x24 c:/st/stm32cubeide_1.6.0/stm32cubeide/plugins/com.st.stm32cube.ide.mcu.externaltools.gnu-tools-for-stm32.9-2020-q2-update.win32_1.5.0.202011040924/tools/bin/../lib/gcc/arm-none-eabi/9.3.1/../../../../arm-none-eabi/lib/thumb/v7e-m+fp/hard\libc_nano.a(lib_a-fprintf.o)
                0x000000000800eff0                fiprintf
                0x000000000800eff0                fprintf
 .text._fstat_r
                0x000000000800f014       0x24 c:/st/stm32cubeide_1.6.0/stm32cubeide/plugins/com.st.stm32cube.ide.mcu.externaltools.gnu-tools-for-stm32.9-2020-q2-update.win32_1.5.0.202011040924/tools/bin/../lib/gcc/arm-none-eabi/9.3.1/../../../../arm-none-eabi/lib/thumb/v7e-m+fp/hard\libc_nano.a(lib_a-fstatr.o)
                0x000000000800f014                _fstat_r
 .text._isatty_r
                0x000000000800f038       0x20 c:/st/stm32cubeide_1.6.0/stm32cubeide/plugins/com.st.stm32cube.ide.mcu.externaltools.gnu-tools-for-stm32.9-2020-q2-update.win32_1.5.0.202011040924/tools/bin/../lib/gcc/arm-none-eabi/9.3.1/../../../../arm-none-eabi/lib/thumb/v7e-m+fp/hard\libc_nano.a(lib_a-isattyr.o)
                0x000000000800f038                _isatty_r
 .text._lseek_r
                0x000000000800f058       0x24 c:/st/stm32cubeide_1.6.0/stm32cubeide/plugins/com.st.stm32cube.ide.mcu.externaltools.gnu-tools-for-stm32.9-2020-q2-update.win32_1.5.0.202011040924/tools/bin/../lib/gcc/arm-none-eabi/9.3.1/../../../../arm-none-eabi/lib/thumb/v7e-m+fp/hard\libc_nano.a(lib_a-lseekr.o)
                0x000000000800f058                _lseek_r
 .text.__ascii_mbtowc
                0x000000000800f07c       0x24 c:/st/stm32cubeide_1.6.0/stm32cubeide/plugins/com.st.stm32cube.ide.mcu.externaltools.gnu-tools-for-stm32.9-2020-q2-update.win32_1.5.0.202011040924/tools/bin/../lib/gcc/arm-none-eabi/9.3.1/../../../../arm-none-eabi/lib/thumb/v7e-m+fp/hard\libc_nano.a(lib_a-mbtowc_r.o)
                0x000000000800f07c                __ascii_mbtowc
 .text.__malloc_lock
                0x000000000800f0a0        0xc c:/st/stm32cubeide_1.6.0/stm32cubeide/plugins/com.st.stm32cube.ide.mcu.externaltools.gnu-tools-for-stm32.9-2020-q2-update.win32_1.5.0.202011040924/tools/bin/../lib/gcc/arm-none-eabi/9.3.1/../../../../arm-none-eabi/lib/thumb/v7e-m+fp/hard\libc_nano.a(lib_a-mlock.o)
                0x000000000800f0a0                __malloc_lock
 .text.__malloc_unlock
                0x000000000800f0ac        0xc c:/st/stm32cubeide_1.6.0/stm32cubeide/plugins/com.st.stm32cube.ide.mcu.externaltools.gnu-tools-for-stm32.9-2020-q2-update.win32_1.5.0.202011040924/tools/bin/../lib/gcc/arm-none-eabi/9.3.1/../../../../arm-none-eabi/lib/thumb/v7e-m+fp/hard\libc_nano.a(lib_a-mlock.o)
                0x000000000800f0ac                __malloc_unlock
 .text._read_r  0x000000000800f0b8       0x24 c:/st/stm32cubeide_1.6.0/stm32cubeide/plugins/com.st.stm32cube.ide.mcu.externaltools.gnu-tools-for-stm32.9-2020-q2-update.win32_1.5.0.202011040924/tools/bin/../lib/gcc/arm-none-eabi/9.3.1/../../../../arm-none-eabi/lib/thumb/v7e-m+fp/hard\libc_nano.a(lib_a-readr.o)
                0x000000000800f0b8                _read_r
 .text.__ascii_wctomb
                0x000000000800f0dc       0x1a c:/st/stm32cubeide_1.6.0/stm32cubeide/plugins/com.st.stm32cube.ide.mcu.externaltools.gnu-tools-for-stm32.9-2020-q2-update.win32_1.5.0.202011040924/tools/bin/../lib/gcc/arm-none-eabi/9.3.1/../../../../arm-none-eabi/lib/thumb/v7e-m+fp/hard\libc_nano.a(lib_a-wctomb_r.o)
                0x000000000800f0dc                __ascii_wctomb
 .text.abort    0x000000000800f0f6        0xe c:/st/stm32cubeide_1.6.0/stm32cubeide/plugins/com.st.stm32cube.ide.mcu.externaltools.gnu-tools-for-stm32.9-2020-q2-update.win32_1.5.0.202011040924/tools/bin/../lib/gcc/arm-none-eabi/9.3.1/../../../../arm-none-eabi/lib/thumb/v7e-m+fp/hard\libc_nano.a(lib_a-abort.o)
                0x000000000800f0f6                abort
 .text._raise_r
                0x000000000800f104       0x50 c:/st/stm32cubeide_1.6.0/stm32cubeide/plugins/com.st.stm32cube.ide.mcu.externaltools.gnu-tools-for-stm32.9-2020-q2-update.win32_1.5.0.202011040924/tools/bin/../lib/gcc/arm-none-eabi/9.3.1/../../../../arm-none-eabi/lib/thumb/v7e-m+fp/hard\libc_nano.a(lib_a-signal.o)
                0x000000000800f104                _raise_r
 .text.raise    0x000000000800f154       0x10 c:/st/stm32cubeide_1.6.0/stm32cubeide/plugins/com.st.stm32cube.ide.mcu.externaltools.gnu-tools-for-stm32.9-2020-q2-update.win32_1.5.0.202011040924/tools/bin/../lib/gcc/arm-none-eabi/9.3.1/../../../../arm-none-eabi/lib/thumb/v7e-m+fp/hard\libc_nano.a(lib_a-signal.o)
                0x000000000800f154                raise
 .text._kill_r  0x000000000800f164       0x24 c:/st/stm32cubeide_1.6.0/stm32cubeide/plugins/com.st.stm32cube.ide.mcu.externaltools.gnu-tools-for-stm32.9-2020-q2-update.win32_1.5.0.202011040924/tools/bin/../lib/gcc/arm-none-eabi/9.3.1/../../../../arm-none-eabi/lib/thumb/v7e-m+fp/hard\libc_nano.a(lib_a-signalr.o)
                0x000000000800f164                _kill_r
 .text._getpid_r
                0x000000000800f188        0x4 c:/st/stm32cubeide_1.6.0/stm32cubeide/plugins/com.st.stm32cube.ide.mcu.externaltools.gnu-tools-for-stm32.9-2020-q2-update.win32_1.5.0.202011040924/tools/bin/../lib/gcc/arm-none-eabi/9.3.1/../../../../arm-none-eabi/lib/thumb/v7e-m+fp/hard\libc_nano.a(lib_a-signalr.o)
                0x000000000800f188                _getpid_r
 .text.asinf    0x000000000800f18c       0x64 c:/st/stm32cubeide_1.6.0/stm32cubeide/plugins/com.st.stm32cube.ide.mcu.externaltools.gnu-tools-for-stm32.9-2020-q2-update.win32_1.5.0.202011040924/tools/bin/../lib/gcc/arm-none-eabi/9.3.1/../../../../arm-none-eabi/lib/thumb/v7e-m+fp/hard\libm.a(lib_a-wf_asin.o)
                0x000000000800f18c                asinf
 .text.atan2f   0x000000000800f1f0        0x4 c:/st/stm32cubeide_1.6.0/stm32cubeide/plugins/com.st.stm32cube.ide.mcu.externaltools.gnu-tools-for-stm32.9-2020-q2-update.win32_1.5.0.202011040924/tools/bin/../lib/gcc/arm-none-eabi/9.3.1/../../../../arm-none-eabi/lib/thumb/v7e-m+fp/hard\libm.a(lib_a-wf_atan2.o)
                0x000000000800f1f0                atan2f
 .text.powf     0x000000000800f1f4      0x130 c:/st/stm32cubeide_1.6.0/stm32cubeide/plugins/com.st.stm32cube.ide.mcu.externaltools.gnu-tools-for-stm32.9-2020-q2-update.win32_1.5.0.202011040924/tools/bin/../lib/gcc/arm-none-eabi/9.3.1/../../../../arm-none-eabi/lib/thumb/v7e-m+fp/hard\libm.a(lib_a-wf_pow.o)
                0x000000000800f1f4                powf
 .text.__ieee754_asinf
                0x000000000800f324      0x1cc c:/st/stm32cubeide_1.6.0/stm32cubeide/plugins/com.st.stm32cube.ide.mcu.externaltools.gnu-tools-for-stm32.9-2020-q2-update.win32_1.5.0.202011040924/tools/bin/../lib/gcc/arm-none-eabi/9.3.1/../../../../arm-none-eabi/lib/thumb/v7e-m+fp/hard\libm.a(lib_a-ef_asin.o)
                0x000000000800f324                __ieee754_asinf
 .text.__ieee754_atan2f
                0x000000000800f4f0      0x140 c:/st/stm32cubeide_1.6.0/stm32cubeide/plugins/com.st.stm32cube.ide.mcu.externaltools.gnu-tools-for-stm32.9-2020-q2-update.win32_1.5.0.202011040924/tools/bin/../lib/gcc/arm-none-eabi/9.3.1/../../../../arm-none-eabi/lib/thumb/v7e-m+fp/hard\libm.a(lib_a-ef_atan2.o)
                0x000000000800f4f0                __ieee754_atan2f
 .text.__ieee754_powf
                0x000000000800f630      0x580 c:/st/stm32cubeide_1.6.0/stm32cubeide/plugins/com.st.stm32cube.ide.mcu.externaltools.gnu-tools-for-stm32.9-2020-q2-update.win32_1.5.0.202011040924/tools/bin/../lib/gcc/arm-none-eabi/9.3.1/../../../../arm-none-eabi/lib/thumb/v7e-m+fp/hard\libm.a(lib_a-ef_pow.o)
                0x000000000800f630                __ieee754_powf
 .text.__ieee754_sqrtf
                0x000000000800fbb0        0x6 c:/st/stm32cubeide_1.6.0/stm32cubeide/plugins/com.st.stm32cube.ide.mcu.externaltools.gnu-tools-for-stm32.9-2020-q2-update.win32_1.5.0.202011040924/tools/bin/../lib/gcc/arm-none-eabi/9.3.1/../../../../arm-none-eabi/lib/thumb/v7e-m+fp/hard\libm.a(lib_a-ef_sqrt.o)
                0x000000000800fbb0                __ieee754_sqrtf
 *fill*         0x000000000800fbb6        0x2 
 .text.atanf    0x000000000800fbb8      0x1a8 c:/st/stm32cubeide_1.6.0/stm32cubeide/plugins/com.st.stm32cube.ide.mcu.externaltools.gnu-tools-for-stm32.9-2020-q2-update.win32_1.5.0.202011040924/tools/bin/../lib/gcc/arm-none-eabi/9.3.1/../../../../arm-none-eabi/lib/thumb/v7e-m+fp/hard\libm.a(lib_a-sf_atan.o)
                0x000000000800fbb8                atanf
 .text.fabsf    0x000000000800fd60        0xe c:/st/stm32cubeide_1.6.0/stm32cubeide/plugins/com.st.stm32cube.ide.mcu.externaltools.gnu-tools-for-stm32.9-2020-q2-update.win32_1.5.0.202011040924/tools/bin/../lib/gcc/arm-none-eabi/9.3.1/../../../../arm-none-eabi/lib/thumb/v7e-m+fp/hard\libm.a(lib_a-sf_fabs.o)
                0x000000000800fd60                fabsf