Archive member included to satisfy reference by file (symbol)

c:/st/stm32cubeide_1.6.0/stm32cubeide/plugins/com.st.stm32cube.ide.mcu.externaltools.gnu-tools-for-stm32.9-2020-q2-update.win32_2.0.0.202105311346/tools/bin/../lib/gcc/arm-none-eabi/9.3.1/../../../../arm-none-eabi/lib/thumb/v7e-m+fp/hard\libc_nano.a(lib_a-errno.o)
                              ./Core/Src/syscalls.o (__errno)
c:/st/stm32cubeide_1.6.0/stm32cubeide/plugins/com.st.stm32cube.ide.mcu.externaltools.gnu-tools-for-stm32.9-2020-q2-update.win32_2.0.0.202105311346/tools/bin/../lib/gcc/arm-none-eabi/9.3.1/../../../../arm-none-eabi/lib/thumb/v7e-m+fp/hard\libc_nano.a(lib_a-exit.o)
                              c:/st/stm32cubeide_1.6.0/stm32cubeide/plugins/com.st.stm32cube.ide.mcu.externaltools.gnu-tools-for-stm32.9-2020-q2-update.win32_2.0.0.202105311346/tools/bin/../lib/gcc/arm-none-eabi/9.3.1/../../../../arm-none-eabi/lib/thumb/v7e-m+fp/hard/crt0.o (exit)
c:/st/stm32cubeide_1.6.0/stm32cubeide/plugins/com.st.stm32cube.ide.mcu.externaltools.gnu-tools-for-stm32.9-2020-q2-update.win32_2.0.0.202105311346/tools/bin/../lib/gcc/arm-none-eabi/9.3.1/../../../../arm-none-eabi/lib/thumb/v7e-m+fp/hard\libc_nano.a(lib_a-impure.o)
                              c:/st/stm32cubeide_1.6.0/stm32cubeide/plugins/com.st.stm32cube.ide.mcu.externaltools.gnu-tools-for-stm32.9-2020-q2-update.win32_2.0.0.202105311346/tools/bin/../lib/gcc/arm-none-eabi/9.3.1/../../../../arm-none-eabi/lib/thumb/v7e-m+fp/hard\libc_nano.a(lib_a-exit.o) (_global_impure_ptr)
c:/st/stm32cubeide_1.6.0/stm32cubeide/plugins/com.st.stm32cube.ide.mcu.externaltools.gnu-tools-for-stm32.9-2020-q2-update.win32_2.0.0.202105311346/tools/bin/../lib/gcc/arm-none-eabi/9.3.1/../../../../arm-none-eabi/lib/thumb/v7e-m+fp/hard\libc_nano.a(lib_a-init.o)
                              c:/st/stm32cubeide_1.6.0/stm32cubeide/plugins/com.st.stm32cube.ide.mcu.externaltools.gnu-tools-for-stm32.9-2020-q2-update.win32_2.0.0.202105311346/tools/bin/../lib/gcc/arm-none-eabi/9.3.1/../../../../arm-none-eabi/lib/thumb/v7e-m+fp/hard/crt0.o (__libc_init_array)
c:/st/stm32cubeide_1.6.0/stm32cubeide/plugins/com.st.stm32cube.ide.mcu.externaltools.gnu-tools-for-stm32.9-2020-q2-update.win32_2.0.0.202105311346/tools/bin/../lib/gcc/arm-none-eabi/9.3.1/../../../../arm-none-eabi/lib/thumb/v7e-m+fp/hard\libc_nano.a(lib_a-memset.o)
                              c:/st/stm32cubeide_1.6.0/stm32cubeide/plugins/com.st.stm32cube.ide.mcu.externaltools.gnu-tools-for-stm32.9-2020-q2-update.win32_2.0.0.202105311346/tools/bin/../lib/gcc/arm-none-eabi/9.3.1/../../../../arm-none-eabi/lib/thumb/v7e-m+fp/hard/crt0.o (memset)
c:/st/stm32cubeide_1.6.0/stm32cubeide/plugins/com.st.stm32cube.ide.mcu.externaltools.gnu-tools-for-stm32.9-2020-q2-update.win32_2.0.0.202105311346/tools/bin/../lib/gcc/arm-none-eabi/9.3.1/../../../../arm-none-eabi/lib/thumb/v7e-m+fp/hard\libc_nano.a(lib_a-nano-vfprintf_float.o)
                              (_printf_float)
c:/st/stm32cubeide_1.6.0/stm32cubeide/plugins/com.st.stm32cube.ide.mcu.externaltools.gnu-tools-for-stm32.9-2020-q2-update.win32_2.0.0.202105311346/tools/bin/../lib/gcc/arm-none-eabi/9.3.1/../../../../arm-none-eabi/lib/thumb/v7e-m+fp/hard\libc_nano.a(lib_a-nano-vfprintf_i.o)
                              c:/st/stm32cubeide_1.6.0/stm32cubeide/plugins/com.st.stm32cube.ide.mcu.externaltools.gnu-tools-for-stm32.9-2020-q2-update.win32_2.0.0.202105311346/tools/bin/../lib/gcc/arm-none-eabi/9.3.1/../../../../arm-none-eabi/lib/thumb/v7e-m+fp/hard\libc_nano.a(lib_a-nano-vfprintf_float.o) (_printf_common)
c:/st/stm32cubeide_1.6.0/stm32cubeide/plugins/com.st.stm32cube.ide.mcu.externaltools.gnu-tools-for-stm32.9-2020-q2-update.win32_2.0.0.202105311346/tools/bin/../lib/gcc/arm-none-eabi/9.3.1/../../../../arm-none-eabi/lib/thumb/v7e-m+fp/hard\libc_nano.a(lib_a-printf.o)
                              ./Core/Src/BNO080.o (printf)
c:/st/stm32cubeide_1.6.0/stm32cubeide/plugins/com.st.stm32cube.ide.mcu.externaltools.gnu-tools-for-stm32.9-2020-q2-update.win32_2.0.0.202105311346/tools/bin/../lib/gcc/arm-none-eabi/9.3.1/../../../../arm-none-eabi/lib/thumb/v7e-m+fp/hard\libc_nano.a(lib_a-puts.o)
                              ./Core/Src/BNO080.o (puts)
c:/st/stm32cubeide_1.6.0/stm32cubeide/plugins/com.st.stm32cube.ide.mcu.externaltools.gnu-tools-for-stm32.9-2020-q2-update.win32_2.0.0.202105311346/tools/bin/../lib/gcc/arm-none-eabi/9.3.1/../../../../arm-none-eabi/lib/thumb/v7e-m+fp/hard\libc_nano.a(lib_a-strlen.o)
                              c:/st/stm32cubeide_1.6.0/stm32cubeide/plugins/com.st.stm32cube.ide.mcu.externaltools.gnu-tools-for-stm32.9-2020-q2-update.win32_2.0.0.202105311346/tools/bin/../lib/gcc/arm-none-eabi/9.3.1/../../../../arm-none-eabi/lib/thumb/v7e-m+fp/hard\libc_nano.a(lib_a-nano-vfprintf_float.o) (strlen)
[...]
Memory Configuration

Name             Origin             Length             Attributes
CCMRAM           0x0000000010000000 0x0000000000010000 xrw
RAM              0x0000000020000000 0x0000000000020000 xrw
FLASH            0x0000000008000000 0x0000000000100000 xr
*default*        0x0000000000000000 0xffffffffffffffff

Linker script and memory map

LOAD c:/st/stm32cubeide_1.6.0/stm32cubeide/plugins/com.st.stm32cube.ide.mcu.externaltools.gnu-tools-for-stm32.9-2020-q2-update.win32_2.0.0.202105311346/tools/bin/../lib/gcc/arm-none-eabi/9.3.1/thumb/v7e-m+fp/hard/crti.o
LOAD c:/st/stm32cubeide_1.6.0/stm32cubeide/plugins/com.st.stm32cube.ide.mcu.externaltools.gnu-tools-for-stm32.9-2020-q2-update.win32_2.0.0.202105311346/tools/bin/../lib/gcc/arm-none-eabi/9.3.1/thumb/v7e-m+fp/hard/crtbegin.o
LOAD c:/st/stm32cubeide_1.6.0/stm32cubeide/plugins/com.st.stm32cube.ide.mcu.externaltools.gnu-tools-for-stm32.9-2020-q2-update.win32_2.0.0.202105311346/tools/bin/../lib/gcc/arm-none-eabi/9.3.1/../../../../arm-none-eabi/lib/thumb/v7e-m+fp/hard/crt0.o
LOAD ./Core/Src/AT24C08.o
LOAD ./Core/Src/BNO080.o
LOAD ./Core/Src/FS_iA6B.o
LOAD ./Core/Src/ICM20602.o
LOAD ./Core/Src/LPS22HH.o
LOAD ./Core/Src/M8N.o
LOAD ./Core/Src/PID control.o
LOAD ./Core/Src/Quaternion.o
LOAD ./Core/Src/XAVIER.o
LOAD ./Core/Src/dma.o
LOAD ./Core/Src/gpio.o
LOAD ./Core/Src/i2c.o
LOAD ./Core/Src/main.o
LOAD ./Core/Src/spi.o
LOAD ./Core/Src/stm32f4xx_hal_msp.o
LOAD ./Core/Src/stm32f4xx_it.o
LOAD ./Core/Src/syscalls.o
LOAD ./Core/Src/sysmem.o
LOAD ./Core/Src/system_stm32f4xx.o
LOAD ./Core/Src/tim.o
LOAD ./Core/Src/usart.o
LOAD ./Core/Startup/startup_stm32f405rgtx.o
LOAD ./Drivers/STM32F4xx_HAL_Driver/Src/stm32f4xx_hal.o
LOAD ./Drivers/STM32F4xx_HAL_Driver/Src/stm32f4xx_hal_cortex.o
LOAD ./Drivers/STM32F4xx_HAL_Driver/Src/stm32f4xx_hal_dma.o
LOAD ./Drivers/STM32F4xx_HAL_Driver/Src/stm32f4xx_hal_dma_ex.o
LOAD ./Drivers/STM32F4xx_HAL_Driver/Src/stm32f4xx_hal_exti.o
LOAD ./Drivers/STM32F4xx_HAL_Driver/Src/stm32f4xx_hal_flash.o
LOAD ./Drivers/STM32F4xx_HAL_Driver/Src/stm32f4xx_hal_flash_ex.o
LOAD ./Drivers/STM32F4xx_HAL_Driver/Src/stm32f4xx_hal_flash_ramfunc.o
LOAD ./Drivers/STM32F4xx_HAL_Driver/Src/stm32f4xx_hal_gpio.o
LOAD ./Drivers/STM32F4xx_HAL_Driver/Src/stm32f4xx_hal_i2c.o
LOAD ./Drivers/STM32F4xx_HAL_Driver/Src/stm32f4xx_hal_i2c_ex.o
LOAD ./Drivers/STM32F4xx_HAL_Driver/Src/stm32f4xx_hal_pwr.o
LOAD ./Drivers/STM32F4xx_HAL_Driver/Src/stm32f4xx_hal_pwr_ex.o
LOAD ./Drivers/STM32F4xx_HAL_Driver/Src/stm32f4xx_hal_rcc.o
LOAD ./Drivers/STM32F4xx_HAL_Driver/Src/stm32f4xx_hal_rcc_ex.o
LOAD ./Drivers/STM32F4xx_HAL_Driver/Src/stm32f4xx_hal_tim.o
LOAD ./Drivers/STM32F4xx_HAL_Driver/Src/stm32f4xx_hal_tim_ex.o
LOAD ./Drivers/STM32F4xx_HAL_Driver/Src/stm32f4xx_hal_uart.o
LOAD ./Drivers/STM32F4xx_HAL_Driver/Src/stm32f4xx_ll_dma.o
LOAD ./Drivers/STM32F4xx_HAL_Driver/Src/stm32f4xx_ll_exti.o
LOAD ./Drivers/STM32F4xx_HAL_Driver/Src/stm32f4xx_ll_gpio.o
LOAD ./Drivers/STM32F4xx_HAL_Driver/Src/stm32f4xx_ll_rcc.o
LOAD ./Drivers/STM32F4xx_HAL_Driver/Src/stm32f4xx_ll_spi.o
LOAD ./Drivers/STM32F4xx_HAL_Driver/Src/stm32f4xx_ll_tim.o
LOAD ./Drivers/STM32F4xx_HAL_Driver/Src/stm32f4xx_ll_usart.o
LOAD ./Drivers/STM32F4xx_HAL_Driver/Src/stm32f4xx_ll_utils.o
START GROUP
LOAD c:/st/stm32cubeide_1.6.0/stm32cubeide/plugins/com.st.stm32cube.ide.mcu.externaltools.gnu-tools-for-stm32.9-2020-q2-update.win32_2.0.0.202105311346/tools/bin/../lib/gcc/arm-none-eabi/9.3.1/../../../../arm-none-eabi/lib/thumb/v7e-m+fp/hard\libc_nano.a
LOAD c:/st/stm32cubeide_1.6.0/stm32cubeide/plugins/com.st.stm32cube.ide.mcu.externaltools.gnu-tools-for-stm32.9-2020-q2-update.win32_2.0.0.202105311346/tools/bin/../lib/gcc/arm-none-eabi/9.3.1/../../../../arm-none-eabi/lib/thumb/v7e-m+fp/hard\libm.a
END GROUP
START GROUP
LOAD c:/st/stm32cubeide_1.6.0/stm32cubeide/plugins/com.st.stm32cube.ide.mcu.externaltools.gnu-tools-for-stm32.9-2020-q2-update.win32_2.0.0.202105311346/tools/bin/../lib/gcc/arm-none-eabi/9.3.1/thumb/v7e-m+fp/hard\libgcc.a
LOAD c:/st/stm32cubeide_1.6.0/stm32cubeide/plugins/com.st.stm32cube.ide.mcu.externaltools.gnu-tools-for-stm32.9-2020-q2-update.win32_2.0.0.202105311346/tools/bin/../lib/gcc/arm-none-eabi/9.3.1/../../../../arm-none-eabi/lib/thumb/v7e-m+fp/hard\libc_nano.a
END GROUP
START GROUP
LOAD c:/st/stm32cubeide_1.6.0/stm32cubeide/plugins/com.st.stm32cube.ide.mcu.externaltools.gnu-tools-for-stm32.9-2020-q2-update.win32_2.0.0.202105311346/tools/bin/../lib/gcc/arm-none-eabi/9.3.1/thumb/v7e-m+fp/hard\libgcc.a
LOAD c:/st/stm32cubeide_1.6.0/stm32cubeide/plugins/com.st.stm32cube.ide.mcu.externaltools.gnu-tools-for-stm32.9-2020-q2-update.win32_2.0.0.202105311346/tools/bin/../lib/gcc/arm-none-eabi/9.3.1/../../../../arm-none-eabi/lib/thumb/v7e-m+fp/hard\libc_nano.a
LOAD c:/st/stm32cubeide_1.6.0/stm32cubeide/plugins/com.st.stm32cube.ide.mcu.externaltools.gnu-tools-for-stm32.9-2020-q2-update.win32_2.0.0.202105311346/tools/bin/../lib/gcc/arm-none-eabi/9.3.1/../../../../arm-none-eabi/lib/thumb/v7e-m+fp/hard\libnosys.a
END GROUP
START GROUP
LOAD c:/st/stm32cubeide_1.6.0/stm32cubeide/plugins/com.st.stm32cube.ide.mcu.externaltools.gnu-tools-for-stm32.9-2020-q2-update.win32_2.0.0.202105311346/tools/bin/../lib/gcc/arm-none-eabi/9.3.1/thumb/v7e-m+fp/hard\libgcc.a
LOAD c:/st/stm32cubeide_1.6.0/stm32cubeide/plugins/com.st.stm32cube.ide.mcu.externaltools.gnu-tools-for-stm32.9-2020-q2-update.win32_2.0.0.202105311346/tools/bin/../lib/gcc/arm-none-eabi/9.3.1/../../../../arm-none-eabi/lib/thumb/v7e-m+fp/hard\libc_nano.a
LOAD c:/st/stm32cubeide_1.6.0/stm32cubeide/plugins/com.st.stm32cube.ide.mcu.externaltools.gnu-tools-for-stm32.9-2020-q2-update.win32_2.0.0.202105311346/tools/bin/../lib/gcc/arm-none-eabi/9.3.1/../../../../arm-none-eabi/lib/thumb/v7e-m+fp/hard\libnosys.a
END GROUP
LOAD c:/st/stm32cubeide_1.6.0/stm32cubeide/plugins/com.st.stm32cube.ide.mcu.externaltools.gnu-tools-for-stm32.9-2020-q2-update.win32_2.0.0.202105311346/tools/bin/../lib/gcc/arm-none-eabi/9.3.1/thumb/v7e-m+fp/hard/crtend.o
LOAD c:/st/stm32cubeide_1.6.0/stm32cubeide/plugins/com.st.stm32cube.ide.mcu.externaltools.gnu-tools-for-stm32.9-2020-q2-update.win32_2.0.0.202105311346/tools/bin/../lib/gcc/arm-none-eabi/9.3.1/thumb/v7e-m+fp/hard/crtn.o
                0x0000000020020000                _estack = (ORIGIN (RAM) + LENGTH (RAM))
                0x0000000000000200                _Min_Heap_Size = 0x200
                0x0000000000000400                _Min_Stack_Size = 0x400

.isr_vector     0x0000000008000000      0x188
                0x0000000008000000                . = ALIGN (0x4)
 *(.isr_vector)
 .isr_vector    0x0000000008000000      0x188 ./Core/Startup/startup_stm32f405rgtx.o
                0x0000000008000000                g_pfnVectors
                0x0000000008000188                . = ALIGN (0x4)

.text           0x0000000008000190    0x1194c
                0x0000000008000190                . = ALIGN (0x4)
 *(.text)
 .text          0x0000000008000190       0x40 c:/st/stm32cubeide_1.6.0/stm32cubeide/plugins/com.st.stm32cube.ide.mcu.externaltools.gnu-tools-for-stm32.9-2020-q2-update.win32_2.0.0.202105311346/tools/bin/../lib/gcc/arm-none-eabi/9.3.1/thumb/v7e-m+fp/hard/crtbegin.o
 .text          0x00000000080001d0       0x10 c:/st/stm32cubeide_1.6.0/stm32cubeide/plugins/com.st.stm32cube.ide.mcu.externaltools.gnu-tools-for-stm32.9-2020-q2-update.win32_2.0.0.202105311346/tools/bin/../lib/gcc/arm-none-eabi/9.3.1/../../../../arm-none-eabi/lib/thumb/v7e-m+fp/hard\libc_nano.a(lib_a-strlen.o)
                0x00000000080001d0                strlen
 .text          0x00000000080001e0       0xa0 c:/st/stm32cubeide_1.6.0/stm32cubeide/plugins/com.st.stm32cube.ide.mcu.externaltools.gnu-tools-for-stm32.9-2020-q2-update.win32_2.0.0.202105311346/tools/bin/../lib/gcc/arm-none-eabi/9.3.1/../../../../arm-none-eabi/lib/thumb/v7e-m+fp/hard\libc_nano.a(lib_a-memchr.o)
                0x00000000080001e0                memchr
 .text          0x0000000008000280      0x378 c:/st/stm32cubeide_1.6.0/stm32cubeide/plugins/com.st.stm32cube.ide.mcu.externaltools.gnu-tools-for-stm32.9-2020-q2-update.win32_2.0.0.202105311346/tools/bin/../lib/gcc/arm-none-eabi/9.3.1/thumb/v7e-m+fp/hard\libgcc.a(_arm_addsubdf3.o)
                0x0000000008000280                __aeabi_drsub
                0x0000000008000288                __aeabi_dsub
                0x0000000008000288                __subdf3
                0x000000000800028c                __aeabi_dadd
                0x000000000800028c                __adddf3
                0x0000000008000504                __floatunsidf
                0x0000000008000504                __aeabi_ui2d
                0x0000000008000524                __floatsidf
                0x0000000008000524                __aeabi_i2d
                0x0000000008000548                __aeabi_f2d
                0x0000000008000548                __extendsfdf2
                0x000000000800058c                __floatundidf
                0x000000000800058c                __aeabi_ul2d
                0x000000000800059c                __floatdidf
                0x000000000800059c                __aeabi_l2d
 .text          0x00000000080005f8      0x424 c:/st/stm32cubeide_1.6.0/stm32cubeide/plugins/com.st.stm32cube.ide.mcu.externaltools.gnu-tools-for-stm32.9-2020-q2-update.win32_2.0.0.202105311346/tools/bin/../lib/gcc/arm-none-eabi/9.3.1/thumb/v7e-m+fp/hard\libgcc.a(_arm_muldivdf3.o)
                0x00000000080005f8                __aeabi_dmul
                0x00000000080005f8                __muldf3
                0x000000000800084c                __divdf3
                0x000000000800084c                __aeabi_ddiv
 .text          0x0000000008000a1c      0x110 c:/st/stm32cubeide_1.6.0/stm32cubeide/plugins/com.st.stm32cube.ide.mcu.externaltools.gnu-tools-for-stm32.9-2020-q2-update.win32_2.0.0.202105311346/tools/bin/../lib/gcc/arm-none-eabi/9.3.1/thumb/v7e-m+fp/hard\libgcc.a(_arm_cmpdf2.o)
                0x0000000008000a1c                __gtdf2
                0x0000000008000a1c                __gedf2
                0x0000000008000a24                __ltdf2
                0x0000000008000a24                __ledf2
                0x0000000008000a2c                __nedf2
                0x0000000008000a2c                __eqdf2
                0x0000000008000a2c                __cmpdf2
                0x0000000008000aa8                __aeabi_cdrcmple
                0x0000000008000ab8                __aeabi_cdcmpeq
                0x0000000008000ab8                __aeabi_cdcmple
                0x0000000008000ac8                __aeabi_dcmpeq
                0x0000000008000adc                __aeabi_dcmplt
                0x0000000008000af0                __aeabi_dcmple
                0x0000000008000b04                __aeabi_dcmpge
                0x0000000008000b18                __aeabi_dcmpgt
 .text          0x0000000008000b2c       0x2c c:/st/stm32cubeide_1.6.0/stm32cubeide/plugins/com.st.stm32cube.ide.mcu.externaltools.gnu-tools-for-stm32.9-2020-q2-update.win32_2.0.0.202105311346/tools/bin/../lib/gcc/arm-none-eabi/9.3.1/thumb/v7e-m+fp/hard\libgcc.a(_arm_unorddf2.o)
                0x0000000008000b2c                __unorddf2
                0x0000000008000b2c                __aeabi_dcmpun
 .text          0x0000000008000b58       0x50 c:/st/stm32cubeide_1.6.0/stm32cubeide/plugins/com.st.stm32cube.ide.mcu.externaltools.gnu-tools-for-stm32.9-2020-q2-update.win32_2.0.0.202105311346/tools/bin/../lib/gcc/arm-none-eabi/9.3.1/thumb/v7e-m+fp/hard\libgcc.a(_arm_fixdfsi.o)
                0x0000000008000b58                __aeabi_d2iz
                0x0000000008000b58                __fixdfsi
 .text          0x0000000008000ba8       0x40 c:/st/stm32cubeide_1.6.0/stm32cubeide/plugins/com.st.stm32cube.ide.mcu.externaltools.gnu-tools-for-stm32.9-2020-q2-update.win32_2.0.0.202105311346/tools/bin/../lib/gcc/arm-none-eabi/9.3.1/thumb/v7e-m+fp/hard\libgcc.a(_arm_fixunsdfsi.o)
                0x0000000008000ba8                __aeabi_d2uiz
                0x0000000008000ba8                __fixunsdfsi
 .text          0x0000000008000be8       0x30 c:/st/stm32cubeide_1.6.0/stm32cubeide/plugins/com.st.stm32cube.ide.mcu.externaltools.gnu-tools-for-stm32.9-2020-q2-update.win32_2.0.0.202105311346/tools/bin/../lib/gcc/arm-none-eabi/9.3.1/thumb/v7e-m+fp/hard\libgcc.a(_aeabi_uldivmod.o)
                0x0000000008000be8                __aeabi_uldivmod
 .text          0x0000000008000c18      0x2c4 c:/st/stm32cubeide_1.6.0/stm32cubeide/plugins/com.st.stm32cube.ide.mcu.externaltools.gnu-tools-for-stm32.9-2020-q2-update.win32_2.0.0.202105311346/tools/bin/../lib/gcc/arm-none-eabi/9.3.1/thumb/v7e-m+fp/hard\libgcc.a(_udivmoddi4.o)
                0x0000000008000c18                __udivmoddi4
 .text          0x0000000008000edc        0x4 c:/st/stm32cubeide_1.6.0/stm32cubeide/plugins/com.st.stm32cube.ide.mcu.externaltools.gnu-tools-for-stm32.9-2020-q2-update.win32_2.0.0.202105311346/tools/bin/../lib/gcc/arm-none-eabi/9.3.1/thumb/v7e-m+fp/hard\libgcc.a(_dvmd_tls.o)
                0x0000000008000edc                __aeabi_idiv0
                0x0000000008000edc                __aeabi_ldiv0
 *(.text*)
 .text.LL_GPIO_SetOutputPin
                0x0000000008000ee0       0x1c ./Core/Src/AT24C08.o
 .text.LL_GPIO_ResetOutputPin
                0x0000000008000efc       0x1e ./Core/Src/AT24C08.o
 *fill*         0x0000000008000f1a        0x2 
 .text.AT24C08_Page_Write
                0x0000000008000f1c       0x70 ./Core/Src/AT24C08.o
                0x0000000008000f1c                AT24C08_Page_Write
 .text.AT24C08_Page_Read
                0x0000000008000f8c       0x50 ./Core/Src/AT24C08.o
                0x0000000008000f8c                AT24C08_Page_Read
 .text.EP_PIDGain_Write
                0x0000000008000fdc      0x12c ./Core/Src/AT24C08.o
                0x0000000008000fdc                EP_PIDGain_Write
 .text.EP_PIDGain_Read
                0x0000000008001108      0x138 ./Core/Src/AT24C08.o
                0x0000000008001108                EP_PIDGain_Read
 .text.LL_SPI_Enable
                0x0000000008001240       0x20 ./Core/Src/BNO080.o
 .text.LL_SPI_SetStandard
                0x0000000008001260       0x26 ./Core/Src/BNO080.o
 .text.LL_SPI_IsActiveFlag_RXNE
                0x0000000008001286       0x26 ./Core/Src/BNO080.o
 .text.LL_SPI_IsActiveFlag_TXE
                0x00000000080012ac       0x26 ./Core/Src/BNO080.o
 .text.LL_SPI_ReceiveData8
                0x00000000080012d2       0x1a ./Core/Src/BNO080.o
 .text.LL_SPI_TransmitData8
                0x00000000080012ec       0x24 ./Core/Src/BNO080.o
 .text.LL_GPIO_IsInputPinSet
                0x0000000008001310       0x2a ./Core/Src/BNO080.o
 .text.LL_GPIO_SetOutputPin
                0x000000000800133a       0x1c ./Core/Src/BNO080.o
 .text.LL_GPIO_ResetOutputPin
                0x0000000008001356       0x1e ./Core/Src/BNO080.o
 .text.LL_AHB1_GRP1_EnableClock
                0x0000000008001374       0x30 ./Core/Src/BNO080.o
 .text.LL_APB1_GRP1_EnableClock
                0x00000000080013a4       0x30 ./Core/Src/BNO080.o
 .text.BNO080_GPIO_SPI_Initialization
                0x00000000080013d4      0x174 ./Core/Src/BNO080.o
                0x00000000080013d4                BNO080_GPIO_SPI_Initialization
 .text.BNO080_Initialization
                0x0000000008001548       0xe8 ./Core/Src/BNO080.o
                0x0000000008001548                BNO080_Initialization
 .text.SPI2_SendByte
                0x0000000008001630       0x44 ./Core/Src/BNO080.o
                0x0000000008001630                SPI2_SendByte
 .text.BNO080_dataAvailable
                0x0000000008001674       0x5c ./Core/Src/BNO080.o
                0x0000000008001674                BNO080_dataAvailable
 .text.BNO080_parseCommandReport
                0x00000000080016d0       0x38 ./Core/Src/BNO080.o
                0x00000000080016d0                BNO080_parseCommandReport
 .text.BNO080_parseInputReport
                0x0000000008001708      0x2e0 ./Core/Src/BNO080.o
                0x0000000008001708                BNO080_parseInputReport
 .text.BNO080_getQuatI
                0x00000000080019e8       0x2c ./Core/Src/BNO080.o
                0x00000000080019e8                BNO080_getQuatI
 .text.BNO080_getQuatJ
                0x0000000008001a14       0x2c ./Core/Src/BNO080.o
                0x0000000008001a14                BNO080_getQuatJ
 .text.BNO080_getQuatK
                0x0000000008001a40       0x2c ./Core/Src/BNO080.o
                0x0000000008001a40                BNO080_getQuatK
 .text.BNO080_getQuatReal
                0x0000000008001a6c       0x2c ./Core/Src/BNO080.o
                0x0000000008001a6c                BNO080_getQuatReal
 .text.BNO080_getQuatRadianAccuracy
                0x0000000008001a98       0x2c ./Core/Src/BNO080.o
                0x0000000008001a98                BNO080_getQuatRadianAccuracy
 .text.BNO080_getQuatAccuracy
                0x0000000008001ac4       0x18 ./Core/Src/BNO080.o
                0x0000000008001ac4                BNO080_getQuatAccuracy
 .text.BNO080_getMagX
                0x0000000008001adc       0x2c ./Core/Src/BNO080.o
                0x0000000008001adc                BNO080_getMagX
 .text.BNO080_getMagY
                0x0000000008001b08       0x2c ./Core/Src/BNO080.o
                0x0000000008001b08                BNO080_getMagY
 .text.BNO080_getMagZ
                0x0000000008001b34       0x2c ./Core/Src/BNO080.o
                0x0000000008001b34                BNO080_getMagZ
 .text.BNO080_getMagAccuracy
                0x0000000008001b60       0x18 ./Core/Src/BNO080.o
                0x0000000008001b60                BNO080_getMagAccuracy
 .text.BNO080_qToFloat
                0x0000000008001b78       0x4e ./Core/Src/BNO080.o
                0x0000000008001b78                BNO080_qToFloat
 .text.BNO080_enableRotationVector
                0x0000000008001bc6       0x1e ./Core/Src/BNO080.o
                0x0000000008001bc6                BNO080_enableRotationVector
 .text.BNO080_enableGameRotationVector
                0x0000000008001be4       0x1e ./Core/Src/BNO080.o
                0x0000000008001be4                BNO080_enableGameRotationVector
 .text.BNO080_enableMagnetometer
                0x0000000008001c02       0x1e ./Core/Src/BNO080.o
                0x0000000008001c02                BNO080_enableMagnetometer
 .text.BNO080_calibrateAll
                0x0000000008001c20        0xe ./Core/Src/BNO080.o
                0x0000000008001c20                BNO080_calibrateAll
 *fill*         0x0000000008001c2e        0x2 
 .text.BNO080_calibrationComplete
                0x0000000008001c30       0x20 ./Core/Src/BNO080.o
                0x0000000008001c30                BNO080_calibrationComplete
 .text.BNO080_setFeatureCommand
                0x0000000008001c50       0xa4 ./Core/Src/BNO080.o
                0x0000000008001c50                BNO080_setFeatureCommand
 .text.BNO080_sendCommand
                0x0000000008001cf4       0x40 ./Core/Src/BNO080.o
                0x0000000008001cf4                BNO080_sendCommand
 .text.BNO080_sendCalibrateCommand
                0x0000000008001d34       0x90 ./Core/Src/BNO080.o
                0x0000000008001d34                BNO080_sendCalibrateCommand
 .text.BNO080_requestCalibrationStatus
                0x0000000008001dc4       0x38 ./Core/Src/BNO080.o
                0x0000000008001dc4                BNO080_requestCalibrationStatus
 .text.BNO080_saveCalibration
                0x0000000008001dfc       0x34 ./Core/Src/BNO080.o
                0x0000000008001dfc                BNO080_saveCalibration
 .text.BNO080_waitForSPI
                0x0000000008001e30       0x48 ./Core/Src/BNO080.o
                0x0000000008001e30                BNO080_waitForSPI
 .text.BNO080_receivePacket
                0x0000000008001e78       0xe0 ./Core/Src/BNO080.o
                0x0000000008001e78                BNO080_receivePacket
 .text.BNO080_sendPacket
                0x0000000008001f58       0xa0 ./Core/Src/BNO080.o
                0x0000000008001f58                BNO080_sendPacket
 .text.iBus_Check_CHKSUM
                0x0000000008001ff8       0x6e ./Core/Src/FS_iA6B.o
                0x0000000008001ff8                iBus_Check_CHKSUM
 .text.iBus_Parsing
                0x0000000008002066      0x178 ./Core/Src/FS_iA6B.o
                0x0000000008002066                iBus_Parsing
 .text.iBus_isActiveFailSafe
                0x00000000080021de       0x22 ./Core/Src/FS_iA6B.o
                0x00000000080021de                iBus_isActiveFailSafe
 .text.LL_SPI_Enable
                0x0000000008002200       0x20 ./Core/Src/ICM20602.o
 .text.LL_SPI_SetStandard
                0x0000000008002220       0x26 ./Core/Src/ICM20602.o
 .text.LL_SPI_IsActiveFlag_RXNE
                0x0000000008002246       0x26 ./Core/Src/ICM20602.o
 .text.LL_SPI_IsActiveFlag_TXE
                0x000000000800226c       0x26 ./Core/Src/ICM20602.o
 .text.LL_SPI_ReceiveData8
                0x0000000008002292       0x1a ./Core/Src/ICM20602.o
 .text.LL_SPI_TransmitData8
                0x00000000080022ac       0x24 ./Core/Src/ICM20602.o
 .text.LL_GPIO_IsInputPinSet
                0x00000000080022d0       0x2a ./Core/Src/ICM20602.o
 .text.LL_GPIO_SetOutputPin
                0x00000000080022fa       0x1c ./Core/Src/ICM20602.o
 .text.LL_GPIO_ResetOutputPin
                0x0000000008002316       0x1e ./Core/Src/ICM20602.o
 .text.LL_AHB1_GRP1_EnableClock
                0x0000000008002334       0x30 ./Core/Src/ICM20602.o
 .text.LL_APB2_GRP1_EnableClock
                0x0000000008002364       0x30 ./Core/Src/ICM20602.o
 .text.ICM20602_GPIO_SPI_Initialization
                0x0000000008002394       0xf8 ./Core/Src/ICM20602.o
                0x0000000008002394                ICM20602_GPIO_SPI_Initialization
 .text.SPI1_SendByte
                0x000000000800248c       0x44 ./Core/Src/ICM20602.o
                0x000000000800248c                SPI1_SendByte
 .text.ICM20602_Readbyte
                0x00000000080024d0       0x40 ./Core/Src/ICM20602.o
                0x00000000080024d0                ICM20602_Readbyte
 .text.ICM20602_Readbytes
                0x0000000008002510       0x5c ./Core/Src/ICM20602.o
                0x0000000008002510                ICM20602_Readbytes
 .text.ICM20602_Writebyte
                0x000000000800256c       0x44 ./Core/Src/ICM20602.o
                0x000000000800256c                ICM20602_Writebyte
 .text.ICM20602_Initialization
                0x00000000080025b0       0xfc ./Core/Src/ICM20602.o
                0x00000000080025b0                ICM20602_Initialization
 .text.ICM20602_Get3AxisGyroRawData
                0x00000000080026ac       0x58 ./Core/Src/ICM20602.o
                0x00000000080026ac                ICM20602_Get3AxisGyroRawData
 .text.ICM20602_DataReady
                0x0000000008002704       0x18 ./Core/Src/ICM20602.o
                0x0000000008002704                ICM20602_DataReady
 .text.LL_SPI_Enable
                0x000000000800271c       0x20 ./Core/Src/LPS22HH.o
 .text.LL_SPI_SetStandard
                0x000000000800273c       0x26 ./Core/Src/LPS22HH.o
 .text.LL_SPI_IsActiveFlag_RXNE
                0x0000000008002762       0x26 ./Core/Src/LPS22HH.o
 .text.LL_SPI_IsActiveFlag_TXE
                0x0000000008002788       0x26 ./Core/Src/LPS22HH.o
 .text.LL_SPI_ReceiveData8
                0x00000000080027ae       0x1a ./Core/Src/LPS22HH.o
 .text.LL_SPI_TransmitData8
                0x00000000080027c8       0x24 ./Core/Src/LPS22HH.o
 .text.LL_GPIO_IsInputPinSet
                0x00000000080027ec       0x2a ./Core/Src/LPS22HH.o
 .text.LL_GPIO_SetOutputPin
                0x0000000008002816       0x1c ./Core/Src/LPS22HH.o
 .text.LL_GPIO_ResetOutputPin
                0x0000000008002832       0x1e ./Core/Src/LPS22HH.o
 .text.LL_AHB1_GRP1_EnableClock
                0x0000000008002850       0x30 ./Core/Src/LPS22HH.o
 .text.LL_APB1_GRP1_EnableClock
                0x0000000008002880       0x30 ./Core/Src/LPS22HH.o
 .text.LPS22HH_GPIO_SPI_Initialization
                0x00000000080028b0       0xf0 ./Core/Src/LPS22HH.o
                0x00000000080028b0                LPS22HH_GPIO_SPI_Initialization
 .text.SPI3_SendByte
                0x00000000080029a0       0x44 ./Core/Src/LPS22HH.o
                0x00000000080029a0                SPI3_SendByte
 .text.LPS22HH_Readbyte
                0x00000000080029e4       0x40 ./Core/Src/LPS22HH.o
                0x00000000080029e4                LPS22HH_Readbyte
 .text.LPS22HH_Readbytes
                0x0000000008002a24       0x5c ./Core/Src/LPS22HH.o
                0x0000000008002a24                LPS22HH_Readbytes
 .text.LPS22HH_Writebyte
                0x0000000008002a80       0x44 ./Core/Src/LPS22HH.o
                0x0000000008002a80                LPS22HH_Writebyte
 .text.LPS22HH_Initialization
                0x0000000008002ac4      0x120 ./Core/Src/LPS22HH.o
                0x0000000008002ac4                LPS22HH_Initialization
 .text.LPS22HH_DataReady
                0x0000000008002be4       0x18 ./Core/Src/LPS22HH.o
                0x0000000008002be4                LPS22HH_DataReady
 .text.LPS22HH_GetPressure
                0x0000000008002bfc       0x1a ./Core/Src/LPS22HH.o
                0x0000000008002bfc                LPS22HH_GetPressure
 .text.LPS22HH_GetTemperature
                0x0000000008002c16       0x1a ./Core/Src/LPS22HH.o
                0x0000000008002c16                LPS22HH_GetTemperature
 .text.getAltitude2
                0x0000000008002c30       0x68 ./Core/Src/LPS22HH.o
                0x0000000008002c30                getAltitude2
 .text.__NVIC_GetPriorityGrouping
                0x0000000008002c98       0x1c ./Core/Src/M8N.o
 .text.__NVIC_EnableIRQ
                0x0000000008002cb4       0x3c ./Core/Src/M8N.o
 .text.__NVIC_SetPriority
                0x0000000008002cf0       0x54 ./Core/Src/M8N.o
 .text.NVIC_EncodePriority
                0x0000000008002d44       0x66 ./Core/Src/M8N.o
 .text.LL_USART_Enable
                0x0000000008002daa       0x20 ./Core/Src/M8N.o
 .text.LL_USART_ConfigAsyncMode
                0x0000000008002dca       0x2c ./Core/Src/M8N.o
 .text.LL_USART_IsActiveFlag_TXE
                0x0000000008002df6       0x26 ./Core/Src/M8N.o
 .text.LL_USART_TransmitData8
                0x0000000008002e1c       0x1e ./Core/Src/M8N.o
 *fill*         0x0000000008002e3a        0x2 
 .text.LL_AHB1_GRP1_EnableClock
                0x0000000008002e3c       0x30 ./Core/Src/M8N.o
 .text.LL_APB1_GRP1_EnableClock
                0x0000000008002e6c       0x30 ./Core/Src/M8N.o
 .text.M8N_TransmitData
                0x0000000008002e9c       0x4c ./Core/Src/M8N.o
                0x0000000008002e9c                M8N_TransmitData
 .text.M8N_UART4_Initialization
                0x0000000008002ee8       0xc4 ./Core/Src/M8N.o
                0x0000000008002ee8                M8N_UART4_Initialization
 .text.M8N_Initialization
                0x0000000008002fac       0x54 ./Core/Src/M8N.o
                0x0000000008002fac                M8N_Initialization
 .text.M8N_UBX_CHKSUM_Check
                0x0000000008003000       0x74 ./Core/Src/M8N.o
                0x0000000008003000                M8N_UBX_CHKSUM_Check
 .text.M8N_UBX_NAV_POSLLH_Parsing
                0x0000000008003074      0x16e ./Core/Src/M8N.o
                0x0000000008003074                M8N_UBX_NAV_POSLLH_Parsing
 *fill*         0x00000000080031e2        0x2 
 .text.Double_Roll_Pitch_PID_Calculation
                0x00000000080031e4      0x284 ./Core/Src/PID control.o
                0x00000000080031e4                Double_Roll_Pitch_PID_Calculation
 .text.Single_Yaw_Heading_PID_Calculation
                0x0000000008003468      0x134 ./Core/Src/PID control.o
                0x0000000008003468                Single_Yaw_Heading_PID_Calculation
 .text.Single_Yaw_Rate_PID_Calculation
                0x000000000800359c       0xec ./Core/Src/PID control.o
                0x000000000800359c                Single_Yaw_Rate_PID_Calculation
 .text.Reset_PID_Integrator
                0x0000000008003688       0x1c ./Core/Src/PID control.o
                0x0000000008003688                Reset_PID_Integrator
 .text.Reset_All_PID_Integrator
                0x00000000080036a4       0x80 ./Core/Src/PID control.o
                0x00000000080036a4                Reset_All_PID_Integrator
 .text.Double_Altitude_PID_Calculation
                0x0000000008003724      0x2dc ./Core/Src/PID control.o
                0x0000000008003724                Double_Altitude_PID_Calculation
 .text.Double_GPS_PID_Calculation
                0x0000000008003a00      0x294 ./Core/Src/PID control.o
                0x0000000008003a00                Double_GPS_PID_Calculation
 .text.Quaternion_Update
                0x0000000008003c94      0x284 ./Core/Src/Quaternion.o
                0x0000000008003c94                Quaternion_Update
 .text.invSqrt  0x0000000008003f18       0x78 ./Core/Src/Quaternion.o
                0x0000000008003f18                invSqrt
 .text.MX_DMA_Init
                0x0000000008003f90       0x40 ./Core/Src/dma.o
                0x0000000008003f90                MX_DMA_Init
 .text.LL_GPIO_SetOutputPin
                0x0000000008003fd0       0x1c ./Core/Src/gpio.o
 .text.LL_GPIO_ResetOutputPin
                0x0000000008003fec       0x1e ./Core/Src/gpio.o
 *fill*         0x000000000800400a        0x2 
 .text.LL_AHB1_GRP1_EnableClock
                0x000000000800400c       0x30 ./Core/Src/gpio.o
 .text.MX_GPIO_Init
                0x000000000800403c      0x100 ./Core/Src/gpio.o
                0x000000000800403c                MX_GPIO_Init
 .text.MX_I2C1_Init
                0x000000000800413c       0x5c ./Core/Src/i2c.o
                0x000000000800413c                MX_I2C1_Init
 .text.HAL_I2C_MspInit
                0x0000000008004198       0x90 ./Core/Src/i2c.o
                0x0000000008004198                HAL_I2C_MspInit
 .text.LL_TIM_EnableCounter
                0x0000000008004228       0x20 ./Core/Src/main.o
 .text.LL_TIM_CC_EnableChannel
                0x0000000008004248       0x22 ./Core/Src/main.o
 .text.LL_TIM_CC_DisableChannel
                0x000000000800426a       0x24 ./Core/Src/main.o
 .text.LL_TIM_EnableIT_UPDATE
                0x000000000800428e       0x20 ./Core/Src/main.o
 .text.LL_USART_IsActiveFlag_TXE
                0x00000000080042ae       0x26 ./Core/Src/main.o
 .text.LL_USART_EnableIT_RXNE
                0x00000000080042d4       0x20 ./Core/Src/main.o
 .text.LL_USART_TransmitData8
                0x00000000080042f4       0x1e ./Core/Src/main.o
 .text.LL_GPIO_SetOutputPin
                0x0000000008004312       0x1c ./Core/Src/main.o
 .text.LL_GPIO_ResetOutputPin
                0x000000000800432e       0x1e ./Core/Src/main.o
 .text.LL_GPIO_TogglePin
                0x000000000800434c       0x32 ./Core/Src/main.o
 *fill*         0x000000000800437e        0x2 
 .text._write   0x0000000008004380       0x54 ./Core/Src/main.o
                0x0000000008004380                _write
 *fill*         0x00000000080043d4        0x4 
 .text.main     0x00000000080043d8     0x2924 ./Core/Src/main.o
                0x00000000080043d8                main
 .text.SystemClock_Config
                0x0000000008006cfc       0xd4 ./Core/Src/main.o
                0x0000000008006cfc                SystemClock_Config
 .text.Is_iBus_Throttle_min
                0x0000000008006dd0       0x4c ./Core/Src/main.o
                0x0000000008006dd0                Is_iBus_Throttle_min
 .text.ESC_Calibration
                0x0000000008006e1c       0x54 ./Core/Src/main.o
                0x0000000008006e1c                ESC_Calibration
 .text.Is_iBus_Received
                0x0000000008006e70       0x40 ./Core/Src/main.o
                0x0000000008006e70                Is_iBus_Received
 .text.BNO080_Calibration
                0x0000000008006eb0      0x2dc ./Core/Src/main.o
                0x0000000008006eb0                BNO080_Calibration
 .text.HAL_UART_RxCpltCallback
                0x000000000800718c       0xd8 ./Core/Src/main.o
                0x000000000800718c                HAL_UART_RxCpltCallback
 .text.Encode_Msg_PID_Gain
                0x0000000008007264       0xa6 ./Core/Src/main.o
                0x0000000008007264                Encode_Msg_PID_Gain
 *fill*         0x000000000800730a        0x2 
 .text.Encode_Msg_Altitude
                0x000000000800730c      0x150 ./Core/Src/main.o
                0x000000000800730c                Encode_Msg_Altitude
 .text.Error_Handler
                0x000000000800745c        0xa ./Core/Src/main.o
                0x000000000800745c                Error_Handler
 .text.LL_SPI_SetStandard
                0x0000000008007466       0x26 ./Core/Src/spi.o
 .text.LL_AHB1_GRP1_EnableClock
                0x000000000800748c       0x30 ./Core/Src/spi.o
 .text.LL_APB1_GRP1_EnableClock
                0x00000000080074bc       0x30 ./Core/Src/spi.o
 .text.LL_APB2_GRP1_EnableClock
                0x00000000080074ec       0x30 ./Core/Src/spi.o
 .text.MX_SPI1_Init
                0x000000000800751c       0xa4 ./Core/Src/spi.o
                0x000000000800751c                MX_SPI1_Init
 .text.MX_SPI2_Init
                0x00000000080075c0       0xa8 ./Core/Src/spi.o
                0x00000000080075c0                MX_SPI2_Init
 .text.MX_SPI3_Init
                0x0000000008007668       0xa4 ./Core/Src/spi.o
                0x0000000008007668                MX_SPI3_Init
 .text.HAL_MspInit
                0x000000000800770c       0x50 ./Core/Src/stm32f4xx_hal_msp.o
                0x000000000800770c                HAL_MspInit
 .text.LL_TIM_ClearFlag_UPDATE
                0x000000000800775c       0x1c ./Core/Src/stm32f4xx_it.o
 .text.LL_TIM_IsActiveFlag_UPDATE
                0x0000000008007778       0x26 ./Core/Src/stm32f4xx_it.o
 .text.LL_USART_IsActiveFlag_RXNE
                0x000000000800779e       0x26 ./Core/Src/stm32f4xx_it.o
 .text.LL_USART_ClearFlag_RXNE
                0x00000000080077c4       0x1c ./Core/Src/stm32f4xx_it.o
 .text.LL_USART_ReceiveData8
                0x00000000080077e0       0x1a ./Core/Src/stm32f4xx_it.o
 .text.NMI_Handler
                0x00000000080077fa        0x6 ./Core/Src/stm32f4xx_it.o
                0x00000000080077fa                NMI_Handler
 .text.HardFault_Handler
                0x0000000008007800        0x6 ./Core/Src/stm32f4xx_it.o
                0x0000000008007800                HardFault_Handler
 .text.MemManage_Handler
                0x0000000008007806        0x6 ./Core/Src/stm32f4xx_it.o
                0x0000000008007806                MemManage_Handler
 .text.BusFault_Handler
                0x000000000800780c        0x6 ./Core/Src/stm32f4xx_it.o
                0x000000000800780c                BusFault_Handler
 .text.UsageFault_Handler
                0x0000000008007812        0x6 ./Core/Src/stm32f4xx_it.o
                0x0000000008007812                UsageFault_Handler
 .text.SVC_Handler
                0x0000000008007818        0xe ./Core/Src/stm32f4xx_it.o
                0x0000000008007818                SVC_Handler
 .text.DebugMon_Handler
                0x0000000008007826        0xe ./Core/Src/stm32f4xx_it.o
                0x0000000008007826                DebugMon_Handler
 .text.PendSV_Handler
                0x0000000008007834        0xe ./Core/Src/stm32f4xx_it.o
                0x0000000008007834                PendSV_Handler
 .text.SysTick_Handler
                0x0000000008007842        0xc ./Core/Src/stm32f4xx_it.o
                0x0000000008007842                SysTick_Handler
 *fill*         0x000000000800784e        0x2 
 .text.USART1_IRQHandler
                0x0000000008007850       0x14 ./Core/Src/stm32f4xx_it.o
                0x0000000008007850                USART1_IRQHandler
 .text.UART4_IRQHandler
                0x0000000008007864       0xec ./Core/Src/stm32f4xx_it.o
                0x0000000008007864                UART4_IRQHandler
 .text.UART5_IRQHandler
                0x0000000008007950       0xec ./Core/Src/stm32f4xx_it.o
                0x0000000008007950                UART5_IRQHandler
 .text.TIM7_IRQHandler
                0x0000000008007a3c       0xc0 ./Core/Src/stm32f4xx_it.o
                0x0000000008007a3c                TIM7_IRQHandler
 .text.DMA2_Stream7_IRQHandler
                0x0000000008007afc       0x14 ./Core/Src/stm32f4xx_it.o
                0x0000000008007afc                DMA2_Stream7_IRQHandler
 .text.USART6_IRQHandler
                0x0000000008007b10       0xec ./Core/Src/stm32f4xx_it.o
                0x0000000008007b10                USART6_IRQHandler
 .text._getpid  0x0000000008007bfc       0x10 ./Core/Src/syscalls.o
                0x0000000008007bfc                _getpid
 .text._kill    0x0000000008007c0c       0x20 ./Core/Src/syscalls.o
                0x0000000008007c0c                _kill
 .text._exit    0x0000000008007c2c       0x14 ./Core/Src/syscalls.o
                0x0000000008007c2c                _exit
 .text._read    0x0000000008007c40       0x3a ./Core/Src/syscalls.o
                0x0000000008007c40                _read
 .text._close   0x0000000008007c7a       0x18 ./Core/Src/syscalls.o
                0x0000000008007c7a                _close
 .text._fstat   0x0000000008007c92       0x20 ./Core/Src/syscalls.o
                0x0000000008007c92                _fstat
 .text._isatty  0x0000000008007cb2       0x16 ./Core/Src/syscalls.o
                0x0000000008007cb2                _isatty
 .text._lseek   0x0000000008007cc8       0x1a ./Core/Src/syscalls.o
                0x0000000008007cc8                _lseek
 *fill*         0x0000000008007ce2        0x2 
 .text._sbrk    0x0000000008007ce4       0x6c ./Core/Src/sysmem.o
                0x0000000008007ce4                _sbrk
 .text.SystemInit
                0x0000000008007d50       0x24 ./Core/Src/system_stm32f4xx.o
                0x0000000008007d50                SystemInit
 .text.__NVIC_GetPriorityGrouping
                0x0000000008007d74       0x1c ./Core/Src/tim.o
 .text.__NVIC_EnableIRQ
                0x0000000008007d90       0x3c ./Core/Src/tim.o
 .text.__NVIC_SetPriority
                0x0000000008007dcc       0x54 ./Core/Src/tim.o
 .text.NVIC_EncodePriority
                0x0000000008007e20       0x66 ./Core/Src/tim.o
 .text.LL_TIM_EnableARRPreload
                0x0000000008007e86       0x20 ./Core/Src/tim.o
 *fill*         0x0000000008007ea6        0x2 
 .text.LL_TIM_OC_EnableFast
                0x0000000008007ea8       0x88 ./Core/Src/tim.o
 .text.LL_TIM_OC_DisableFast
                0x0000000008007f30       0x8c ./Core/Src/tim.o
 .text.LL_TIM_OC_EnablePreload
                0x0000000008007fbc       0x88 ./Core/Src/tim.o
 .text.LL_TIM_SetClockSource
                0x0000000008008044       0x2a ./Core/Src/tim.o
 .text.LL_TIM_SetTriggerOutput
                0x000000000800806e       0x26 ./Core/Src/tim.o
 .text.LL_TIM_DisableMasterSlaveMode
                0x0000000008008094       0x20 ./Core/Src/tim.o
 .text.LL_AHB1_GRP1_EnableClock
                0x00000000080080b4       0x30 ./Core/Src/tim.o
 .text.LL_APB1_GRP1_EnableClock
                0x00000000080080e4       0x30 ./Core/Src/tim.o
 .text.MX_TIM3_Init
                0x0000000008008114       0xe4 ./Core/Src/tim.o
                0x0000000008008114                MX_TIM3_Init
 .text.MX_TIM5_Init
                0x00000000080081f8      0x148 ./Core/Src/tim.o
                0x00000000080081f8                MX_TIM5_Init
 .text.MX_TIM7_Init
                0x0000000008008340       0x74 ./Core/Src/tim.o
                0x0000000008008340                MX_TIM7_Init
 .text.__NVIC_GetPriorityGrouping
                0x00000000080083b4       0x1c ./Core/Src/usart.o
 .text.__NVIC_EnableIRQ
                0x00000000080083d0       0x3c ./Core/Src/usart.o
 .text.__NVIC_SetPriority
                0x000000000800840c       0x54 ./Core/Src/usart.o
 .text.NVIC_EncodePriority
                0x0000000008008460       0x66 ./Core/Src/usart.o
 .text.LL_USART_Enable
                0x00000000080084c6       0x20 ./Core/Src/usart.o
 .text.LL_USART_ConfigAsyncMode
                0x00000000080084e6       0x2c ./Core/Src/usart.o
 *fill*         0x0000000008008512        0x2 
 .text.LL_AHB1_GRP1_EnableClock
                0x0000000008008514       0x30 ./Core/Src/usart.o
 .text.LL_APB1_GRP1_EnableClock
                0x0000000008008544       0x30 ./Core/Src/usart.o
 .text.LL_APB2_GRP1_EnableClock
                0x0000000008008574       0x30 ./Core/Src/usart.o
 .text.MX_UART4_Init
                0x00000000080085a4       0xc4 ./Core/Src/usart.o
                0x00000000080085a4                MX_UART4_Init
 .text.MX_UART5_Init
                0x0000000008008668       0xf0 ./Core/Src/usart.o
                0x0000000008008668                MX_UART5_Init
 .text.MX_USART1_UART_Init
                0x0000000008008758       0x54 ./Core/Src/usart.o
                0x0000000008008758                MX_USART1_UART_Init
 .text.MX_USART6_UART_Init
                0x00000000080087ac       0xc0 ./Core/Src/usart.o
                0x00000000080087ac                MX_USART6_UART_Init
 .text.HAL_UART_MspInit
                0x000000000800886c      0x104 ./Core/Src/usart.o
                0x000000000800886c                HAL_UART_MspInit
 .text.Reset_Handler
                0x0000000008008970       0x50 ./Core/Startup/startup_stm32f405rgtx.o
                0x0000000008008970                Reset_Handler
 .text.Default_Handler
                0x00000000080089c0        0x2 ./Core/Startup/startup_stm32f405rgtx.o
                0x00000000080089c0                RTC_Alarm_IRQHandler
                0x00000000080089c0                HASH_RNG_IRQHandler
                0x00000000080089c0                EXTI2_IRQHandler
                0x00000000080089c0                TIM8_CC_IRQHandler
                0x00000000080089c0                TIM1_CC_IRQHandler
                0x00000000080089c0                DMA2_Stream5_IRQHandler
                0x00000000080089c0                DMA1_Stream5_IRQHandler
                0x00000000080089c0                PVD_IRQHandler
                0x00000000080089c0                SDIO_IRQHandler
                0x00000000080089c0                TAMP_STAMP_IRQHandler
                0x00000000080089c0                CAN2_RX1_IRQHandler
                0x00000000080089c0                EXTI3_IRQHandler
                0x00000000080089c0                TIM8_TRG_COM_TIM14_IRQHandler
                0x00000000080089c0                TIM1_UP_TIM10_IRQHandler
                0x00000000080089c0                TIM8_UP_TIM13_IRQHandler
                0x00000000080089c0                I2C3_ER_IRQHandler
                0x00000000080089c0                EXTI0_IRQHandler
                0x00000000080089c0                I2C2_EV_IRQHandler
                0x00000000080089c0                DMA1_Stream2_IRQHandler
                0x00000000080089c0                CAN1_RX0_IRQHandler
                0x00000000080089c0                FPU_IRQHandler
                0x00000000080089c0                OTG_HS_WKUP_IRQHandler
                0x00000000080089c0                CAN2_SCE_IRQHandler
                0x00000000080089c0                DMA2_Stream2_IRQHandler
                0x00000000080089c0                SPI1_IRQHandler
                0x00000000080089c0                TIM6_DAC_IRQHandler
                0x00000000080089c0                TIM1_BRK_TIM9_IRQHandler
                0x00000000080089c0                CAN2_RX0_IRQHandler
                0x00000000080089c0                DMA2_Stream3_IRQHandler
                0x00000000080089c0                USART3_IRQHandler
                0x00000000080089c0                CAN1_RX1_IRQHandler
                0x00000000080089c0                DMA2_Stream0_IRQHandler
                0x00000000080089c0                TIM4_IRQHandler
                0x00000000080089c0                I2C1_EV_IRQHandler
                0x00000000080089c0                DMA1_Stream6_IRQHandler
                0x00000000080089c0                DMA1_Stream1_IRQHandler
                0x00000000080089c0                TIM3_IRQHandler
                0x00000000080089c0                RCC_IRQHandler
                0x00000000080089c0                TIM8_BRK_TIM12_IRQHandler
                0x00000000080089c0                Default_Handler
                0x00000000080089c0                EXTI15_10_IRQHandler
                0x00000000080089c0                ADC_IRQHandler
                0x00000000080089c0                DMA1_Stream7_IRQHandler
                0x00000000080089c0                CAN2_TX_IRQHandler
                0x00000000080089c0                TIM5_IRQHandler
                0x00000000080089c0                I2C3_EV_IRQHandler
                0x00000000080089c0                EXTI9_5_IRQHandler
                0x00000000080089c0                RTC_WKUP_IRQHandler
                0x00000000080089c0                SPI2_IRQHandler
                0x00000000080089c0                OTG_HS_EP1_IN_IRQHandler
                0x00000000080089c0                DMA1_Stream0_IRQHandler
                0x00000000080089c0                CAN1_TX_IRQHandler
                0x00000000080089c0                EXTI4_IRQHandler
                0x00000000080089c0                FSMC_IRQHandler
                0x00000000080089c0                OTG_HS_EP1_OUT_IRQHandler
                0x00000000080089c0                WWDG_IRQHandler
                0x00000000080089c0                TIM2_IRQHandler
                0x00000000080089c0                OTG_FS_WKUP_IRQHandler
                0x00000000080089c0                TIM1_TRG_COM_TIM11_IRQHandler
                0x00000000080089c0                OTG_HS_IRQHandler
                0x00000000080089c0                EXTI1_IRQHandler
                0x00000000080089c0                USART2_IRQHandler
                0x00000000080089c0                I2C2_ER_IRQHandler
                0x00000000080089c0                DMA2_Stream1_IRQHandler
                0x00000000080089c0                CAN1_SCE_IRQHandler
                0x00000000080089c0                FLASH_IRQHandler
                0x00000000080089c0                DMA2_Stream4_IRQHandler
                0x00000000080089c0                OTG_FS_IRQHandler
                0x00000000080089c0                SPI3_IRQHandler
                0x00000000080089c0                DMA1_Stream4_IRQHandler
                0x00000000080089c0                I2C1_ER_IRQHandler
                0x00000000080089c0                DMA2_Stream6_IRQHandler
                0x00000000080089c0                DMA1_Stream3_IRQHandler
 *fill*         0x00000000080089c2        0x2 
 .text.HAL_Init
                0x00000000080089c4       0x44 ./Drivers/STM32F4xx_HAL_Driver/Src/stm32f4xx_hal.o
                0x00000000080089c4                HAL_Init
 .text.HAL_InitTick
                0x0000000008008a08       0x60 ./Drivers/STM32F4xx_HAL_Driver/Src/stm32f4xx_hal.o
                0x0000000008008a08                HAL_InitTick
 .text.HAL_IncTick
                0x0000000008008a68       0x28 ./Drivers/STM32F4xx_HAL_Driver/Src/stm32f4xx_hal.o
                0x0000000008008a68                HAL_IncTick
 .text.HAL_GetTick
                0x0000000008008a90       0x18 ./Drivers/STM32F4xx_HAL_Driver/Src/stm32f4xx_hal.o
                0x0000000008008a90                HAL_GetTick
 .text.HAL_Delay
                0x0000000008008aa8       0x48 ./Drivers/STM32F4xx_HAL_Driver/Src/stm32f4xx_hal.o
                0x0000000008008aa8                HAL_Delay
 .text.__NVIC_SetPriorityGrouping
                0x0000000008008af0       0x48 ./Drivers/STM32F4xx_HAL_Driver/Src/stm32f4xx_hal_cortex.o
 .text.__NVIC_GetPriorityGrouping
                0x0000000008008b38       0x1c ./Drivers/STM32F4xx_HAL_Driver/Src/stm32f4xx_hal_cortex.o
 .text.__NVIC_EnableIRQ
                0x0000000008008b54       0x3c ./Drivers/STM32F4xx_HAL_Driver/Src/stm32f4xx_hal_cortex.o
 .text.__NVIC_SetPriority
                0x0000000008008b90       0x54 ./Drivers/STM32F4xx_HAL_Driver/Src/stm32f4xx_hal_cortex.o
 .text.NVIC_EncodePriority
                0x0000000008008be4       0x66 ./Drivers/STM32F4xx_HAL_Driver/Src/stm32f4xx_hal_cortex.o
 *fill*         0x0000000008008c4a        0x2 
 .text.SysTick_Config
                0x0000000008008c4c       0x44 ./Drivers/STM32F4xx_HAL_Driver/Src/stm32f4xx_hal_cortex.o
 .text.HAL_NVIC_SetPriorityGrouping
                0x0000000008008c90       0x16 ./Drivers/STM32F4xx_HAL_Driver/Src/stm32f4xx_hal_cortex.o
                0x0000000008008c90                HAL_NVIC_SetPriorityGrouping
 .text.HAL_NVIC_SetPriority
                0x0000000008008ca6       0x38 ./Drivers/STM32F4xx_HAL_Driver/Src/stm32f4xx_hal_cortex.o
                0x0000000008008ca6                HAL_NVIC_SetPriority
 .text.HAL_NVIC_EnableIRQ
                0x0000000008008cde       0x1c ./Drivers/STM32F4xx_HAL_Driver/Src/stm32f4xx_hal_cortex.o
                0x0000000008008cde                HAL_NVIC_EnableIRQ
 .text.HAL_SYSTICK_Config
                0x0000000008008cfa       0x18 ./Drivers/STM32F4xx_HAL_Driver/Src/stm32f4xx_hal_cortex.o
                0x0000000008008cfa                HAL_SYSTICK_Config
 *fill*         0x0000000008008d12        0x2 
 .text.HAL_DMA_Init
                0x0000000008008d14      0x15c ./Drivers/STM32F4xx_HAL_Driver/Src/stm32f4xx_hal_dma.o
                0x0000000008008d14                HAL_DMA_Init
 .text.HAL_DMA_Start_IT
                0x0000000008008e70       0xb0 ./Drivers/STM32F4xx_HAL_Driver/Src/stm32f4xx_hal_dma.o
                0x0000000008008e70                HAL_DMA_Start_IT
 .text.HAL_DMA_Abort
                0x0000000008008f20       0xe0 ./Drivers/STM32F4xx_HAL_Driver/Src/stm32f4xx_hal_dma.o
                0x0000000008008f20                HAL_DMA_Abort
 .text.HAL_DMA_Abort_IT
                0x0000000008009000       0x44 ./Drivers/STM32F4xx_HAL_Driver/Src/stm32f4xx_hal_dma.o
                0x0000000008009000                HAL_DMA_Abort_IT
 .text.HAL_DMA_IRQHandler
                0x0000000008009044      0x314 ./Drivers/STM32F4xx_HAL_Driver/Src/stm32f4xx_hal_dma.o
                0x0000000008009044                HAL_DMA_IRQHandler
 .text.DMA_SetConfig
                0x0000000008009358       0x5c ./Drivers/STM32F4xx_HAL_Driver/Src/stm32f4xx_hal_dma.o
 .text.DMA_CalcBaseAndBitshift
                0x00000000080093b4       0x6c ./Drivers/STM32F4xx_HAL_Driver/Src/stm32f4xx_hal_dma.o
 .text.DMA_CheckFifoParam
                0x0000000008009420       0xf8 ./Drivers/STM32F4xx_HAL_Driver/Src/stm32f4xx_hal_dma.o
 .text.HAL_GPIO_Init
                0x0000000008009518      0x338 ./Drivers/STM32F4xx_HAL_Driver/Src/stm32f4xx_hal_gpio.o
                0x0000000008009518                HAL_GPIO_Init
 .text.HAL_I2C_Init
                0x0000000008009850      0x288 ./Drivers/STM32F4xx_HAL_Driver/Src/stm32f4xx_hal_i2c.o
                0x0000000008009850                HAL_I2C_Init
 .text.HAL_I2C_Mem_Write
                0x0000000008009ad8      0x1f4 ./Drivers/STM32F4xx_HAL_Driver/Src/stm32f4xx_hal_i2c.o
                0x0000000008009ad8                HAL_I2C_Mem_Write
 .text.HAL_I2C_Mem_Read
                0x0000000008009ccc      0x44c ./Drivers/STM32F4xx_HAL_Driver/Src/stm32f4xx_hal_i2c.o
                0x0000000008009ccc                HAL_I2C_Mem_Read
 .text.I2C_RequestMemoryWrite
                0x000000000800a118      0x12c ./Drivers/STM32F4xx_HAL_Driver/Src/stm32f4xx_hal_i2c.o
 .text.I2C_RequestMemoryRead
                0x000000000800a244      0x1d0 ./Drivers/STM32F4xx_HAL_Driver/Src/stm32f4xx_hal_i2c.o
 .text.I2C_WaitOnFlagUntilTimeout
                0x000000000800a414       0xae ./Drivers/STM32F4xx_HAL_Driver/Src/stm32f4xx_hal_i2c.o
 .text.I2C_WaitOnMasterAddressFlagUntilTimeout
                0x000000000800a4c2       0xfe ./Drivers/STM32F4xx_HAL_Driver/Src/stm32f4xx_hal_i2c.o
 .text.I2C_WaitOnTXEFlagUntilTimeout
                0x000000000800a5c0       0x82 ./Drivers/STM32F4xx_HAL_Driver/Src/stm32f4xx_hal_i2c.o
 .text.I2C_WaitOnBTFFlagUntilTimeout
                0x000000000800a642       0x82 ./Drivers/STM32F4xx_HAL_Driver/Src/stm32f4xx_hal_i2c.o
 .text.I2C_WaitOnRXNEFlagUntilTimeout
                0x000000000800a6c4       0xac ./Drivers/STM32F4xx_HAL_Driver/Src/stm32f4xx_hal_i2c.o
 .text.I2C_IsAcknowledgeFailed
                0x000000000800a770       0x5e ./Drivers/STM32F4xx_HAL_Driver/Src/stm32f4xx_hal_i2c.o
 *fill*         0x000000000800a7ce        0x2 
 .text.HAL_RCC_OscConfig
                0x000000000800a7d0      0x4f0 ./Drivers/STM32F4xx_HAL_Driver/Src/stm32f4xx_hal_rcc.o
                0x000000000800a7d0                HAL_RCC_OscConfig
 .text.HAL_RCC_ClockConfig
                0x000000000800acc0      0x1cc ./Drivers/STM32F4xx_HAL_Driver/Src/stm32f4xx_hal_rcc.o
                0x000000000800acc0                HAL_RCC_ClockConfig
 .text.HAL_RCC_GetSysClockFreq
                0x000000000800ae8c      0x1c4 ./Drivers/STM32F4xx_HAL_Driver/Src/stm32f4xx_hal_rcc.o
                0x000000000800ae8c                HAL_RCC_GetSysClockFreq
 .text.HAL_RCC_GetHCLKFreq
                0x000000000800b050       0x18 ./Drivers/STM32F4xx_HAL_Driver/Src/stm32f4xx_hal_rcc.o
                0x000000000800b050                HAL_RCC_GetHCLKFreq
 .text.HAL_RCC_GetPCLK1Freq
                0x000000000800b068       0x28 ./Drivers/STM32F4xx_HAL_Driver/Src/stm32f4xx_hal_rcc.o
                0x000000000800b068                HAL_RCC_GetPCLK1Freq
 .text.HAL_RCC_GetPCLK2Freq
                0x000000000800b090       0x28 ./Drivers/STM32F4xx_HAL_Driver/Src/stm32f4xx_hal_rcc.o
                0x000000000800b090                HAL_RCC_GetPCLK2Freq
 .text.HAL_UART_Init
                0x000000000800b0b8       0x9a ./Drivers/STM32F4xx_HAL_Driver/Src/stm32f4xx_hal_uart.o
                0x000000000800b0b8                HAL_UART_Init
 .text.HAL_UART_Transmit
                0x000000000800b152      0x124 ./Drivers/STM32F4xx_HAL_Driver/Src/stm32f4xx_hal_uart.o
                0x000000000800b152                HAL_UART_Transmit
 .text.HAL_UART_Transmit_IT
                0x000000000800b276       0x8a ./Drivers/STM32F4xx_HAL_Driver/Src/stm32f4xx_hal_uart.o
                0x000000000800b276                HAL_UART_Transmit_IT
 .text.HAL_UART_Receive_IT
                0x000000000800b300       0x60 ./Drivers/STM32F4xx_HAL_Driver/Src/stm32f4xx_hal_uart.o
                0x000000000800b300                HAL_UART_Receive_IT
 .text.HAL_UART_Transmit_DMA
                0x000000000800b360       0xd8 ./Drivers/STM32F4xx_HAL_Driver/Src/stm32f4xx_hal_uart.o
                0x000000000800b360                HAL_UART_Transmit_DMA
 .text.HAL_UART_IRQHandler
                0x000000000800b438      0x358 ./Drivers/STM32F4xx_HAL_Driver/Src/stm32f4xx_hal_uart.o
                0x000000000800b438                HAL_UART_IRQHandler
 .text.HAL_UART_TxCpltCallback
                0x000000000800b790       0x14 ./Drivers/STM32F4xx_HAL_Driver/Src/stm32f4xx_hal_uart.o
                0x000000000800b790                HAL_UART_TxCpltCallback
 .text.HAL_UART_TxHalfCpltCallback
                0x000000000800b7a4       0x14 ./Drivers/STM32F4xx_HAL_Driver/Src/stm32f4xx_hal_uart.o
                0x000000000800b7a4                HAL_UART_TxHalfCpltCallback
 .text.HAL_UART_ErrorCallback
                0x000000000800b7b8       0x14 ./Drivers/STM32F4xx_HAL_Driver/Src/stm32f4xx_hal_uart.o
                0x000000000800b7b8                HAL_UART_ErrorCallback
 .text.HAL_UARTEx_RxEventCallback
                0x000000000800b7cc       0x18 ./Drivers/STM32F4xx_HAL_Driver/Src/stm32f4xx_hal_uart.o
                0x000000000800b7cc                HAL_UARTEx_RxEventCallback
 .text.UART_DMATransmitCplt
                0x000000000800b7e4       0x52 ./Drivers/STM32F4xx_HAL_Driver/Src/stm32f4xx_hal_uart.o
 .text.UART_DMATxHalfCplt
                0x000000000800b836       0x1c ./Drivers/STM32F4xx_HAL_Driver/Src/stm32f4xx_hal_uart.o
 .text.UART_DMAError
                0x000000000800b852       0x94 ./Drivers/STM32F4xx_HAL_Driver/Src/stm32f4xx_hal_uart.o
 .text.UART_WaitOnFlagUntilTimeout
                0x000000000800b8e6       0x94 ./Drivers/STM32F4xx_HAL_Driver/Src/stm32f4xx_hal_uart.o
 .text.UART_Start_Receive_IT
                0x000000000800b97a       0x74 ./Drivers/STM32F4xx_HAL_Driver/Src/stm32f4xx_hal_uart.o
                0x000000000800b97a                UART_Start_Receive_IT
 .text.UART_EndTxTransfer
                0x000000000800b9ee       0x2c ./Drivers/STM32F4xx_HAL_Driver/Src/stm32f4xx_hal_uart.o
 .text.UART_EndRxTransfer
                0x000000000800ba1a       0x5a ./Drivers/STM32F4xx_HAL_Driver/Src/stm32f4xx_hal_uart.o
 .text.UART_DMAAbortOnError
                0x000000000800ba74       0x28 ./Drivers/STM32F4xx_HAL_Driver/Src/stm32f4xx_hal_uart.o
 .text.UART_Transmit_IT
                0x000000000800ba9c       0xa0 ./Drivers/STM32F4xx_HAL_Driver/Src/stm32f4xx_hal_uart.o
 .text.UART_EndTransmit_IT
                0x000000000800bb3c       0x30 ./Drivers/STM32F4xx_HAL_Driver/Src/stm32f4xx_hal_uart.o
 .text.UART_Receive_IT
                0x000000000800bb6c      0x12e ./Drivers/STM32F4xx_HAL_Driver/Src/stm32f4xx_hal_uart.o
 *fill*         0x000000000800bc9a        0x2 
 .text.UART_SetConfig
                0x000000000800bc9c      0x390 ./Drivers/STM32F4xx_HAL_Driver/Src/stm32f4xx_hal_uart.o
 .text.LL_GPIO_SetPinMode
                0x000000000800c02c       0x5e ./Drivers/STM32F4xx_HAL_Driver/Src/stm32f4xx_ll_gpio.o
 .text.LL_GPIO_SetPinOutputType
                0x000000000800c08a       0x30 ./Drivers/STM32F4xx_HAL_Driver/Src/stm32f4xx_ll_gpio.o
 .text.LL_GPIO_SetPinSpeed
                0x000000000800c0ba       0x5e ./Drivers/STM32F4xx_HAL_Driver/Src/stm32f4xx_ll_gpio.o
 .text.LL_GPIO_SetPinPull
                0x000000000800c118       0x5e ./Drivers/STM32F4xx_HAL_Driver/Src/stm32f4xx_ll_gpio.o
 .text.LL_GPIO_SetAFPin_0_7
                0x000000000800c176       0x5e ./Drivers/STM32F4xx_HAL_Driver/Src/stm32f4xx_ll_gpio.o
 .text.LL_GPIO_SetAFPin_8_15
                0x000000000800c1d4       0x62 ./Drivers/STM32F4xx_HAL_Driver/Src/stm32f4xx_ll_gpio.o
 .text.LL_GPIO_Init
                0x000000000800c236       0xe6 ./Drivers/STM32F4xx_HAL_Driver/Src/stm32f4xx_ll_gpio.o
                0x000000000800c236                LL_GPIO_Init
 .text.LL_RCC_GetSysClkSource
                0x000000000800c31c       0x1c ./Drivers/STM32F4xx_HAL_Driver/Src/stm32f4xx_ll_rcc.o
 .text.LL_RCC_GetAHBPrescaler
                0x000000000800c338       0x1c ./Drivers/STM32F4xx_HAL_Driver/Src/stm32f4xx_ll_rcc.o
 .text.LL_RCC_GetAPB1Prescaler
                0x000000000800c354       0x1c ./Drivers/STM32F4xx_HAL_Driver/Src/stm32f4xx_ll_rcc.o
 .text.LL_RCC_GetAPB2Prescaler
                0x000000000800c370       0x1c ./Drivers/STM32F4xx_HAL_Driver/Src/stm32f4xx_ll_rcc.o
 .text.LL_RCC_PLL_GetMainSource
                0x000000000800c38c       0x1c ./Drivers/STM32F4xx_HAL_Driver/Src/stm32f4xx_ll_rcc.o
 .text.LL_RCC_PLL_GetN
                0x000000000800c3a8       0x1c ./Drivers/STM32F4xx_HAL_Driver/Src/stm32f4xx_ll_rcc.o
 .text.LL_RCC_PLL_GetP
                0x000000000800c3c4       0x1c ./Drivers/STM32F4xx_HAL_Driver/Src/stm32f4xx_ll_rcc.o
 .text.LL_RCC_PLL_GetDivider
                0x000000000800c3e0       0x1c ./Drivers/STM32F4xx_HAL_Driver/Src/stm32f4xx_ll_rcc.o
 .text.LL_RCC_GetSystemClocksFreq
                0x000000000800c3fc       0x4a ./Drivers/STM32F4xx_HAL_Driver/Src/stm32f4xx_ll_rcc.o
                0x000000000800c3fc                LL_RCC_GetSystemClocksFreq
 *fill*         0x000000000800c446        0x2 
 .text.RCC_GetSystemClockFreq
                0x000000000800c448       0x50 ./Drivers/STM32F4xx_HAL_Driver/Src/stm32f4xx_ll_rcc.o
                0x000000000800c448                RCC_GetSystemClockFreq
 .text.RCC_GetHCLKClockFreq
                0x000000000800c498       0x2c ./Drivers/STM32F4xx_HAL_Driver/Src/stm32f4xx_ll_rcc.o
                0x000000000800c498                RCC_GetHCLKClockFreq
 .text.RCC_GetPCLK1ClockFreq
                0x000000000800c4c4       0x28 ./Drivers/STM32F4xx_HAL_Driver/Src/stm32f4xx_ll_rcc.o
                0x000000000800c4c4                RCC_GetPCLK1ClockFreq
 .text.RCC_GetPCLK2ClockFreq
                0x000000000800c4ec       0x28 ./Drivers/STM32F4xx_HAL_Driver/Src/stm32f4xx_ll_rcc.o
                0x000000000800c4ec                RCC_GetPCLK2ClockFreq
 .text.RCC_PLL_GetFreqDomain_SYS
                0x000000000800c514       0x7c ./Drivers/STM32F4xx_HAL_Driver/Src/stm32f4xx_ll_rcc.o
                0x000000000800c514                RCC_PLL_GetFreqDomain_SYS
 .text.LL_SPI_IsEnabled
                0x000000000800c590       0x26 ./Drivers/STM32F4xx_HAL_Driver/Src/stm32f4xx_ll_spi.o
 .text.LL_SPI_SetCRCPolynomial
                0x000000000800c5b6       0x20 ./Drivers/STM32F4xx_HAL_Driver/Src/stm32f4xx_ll_spi.o
 .text.LL_SPI_Init
                0x000000000800c5d6       0xa4 ./Drivers/STM32F4xx_HAL_Driver/Src/stm32f4xx_ll_spi.o
                0x000000000800c5d6                LL_SPI_Init
 .text.LL_TIM_SetPrescaler
                0x000000000800c67a       0x1c ./Drivers/STM32F4xx_HAL_Driver/Src/stm32f4xx_ll_tim.o
 .text.LL_TIM_SetAutoReload
                0x000000000800c696       0x1c ./Drivers/STM32F4xx_HAL_Driver/Src/stm32f4xx_ll_tim.o
 .text.LL_TIM_SetRepetitionCounter
                0x000000000800c6b2       0x1c ./Drivers/STM32F4xx_HAL_Driver/Src/stm32f4xx_ll_tim.o
 .text.LL_TIM_OC_SetCompareCH1
                0x000000000800c6ce       0x1c ./Drivers/STM32F4xx_HAL_Driver/Src/stm32f4xx_ll_tim.o
 .text.LL_TIM_OC_SetCompareCH2
                0x000000000800c6ea       0x1c ./Drivers/STM32F4xx_HAL_Driver/Src/stm32f4xx_ll_tim.o
 .text.LL_TIM_OC_SetCompareCH3
                0x000000000800c706       0x1c ./Drivers/STM32F4xx_HAL_Driver/Src/stm32f4xx_ll_tim.o
 .text.LL_TIM_OC_SetCompareCH4
                0x000000000800c722       0x1c ./Drivers/STM32F4xx_HAL_Driver/Src/stm32f4xx_ll_tim.o
 .text.LL_TIM_GenerateEvent_UPDATE
                0x000000000800c73e       0x20 ./Drivers/STM32F4xx_HAL_Driver/Src/stm32f4xx_ll_tim.o
 *fill*         0x000000000800c75e        0x2 
 .text.LL_TIM_Init
                0x000000000800c760      0x134 ./Drivers/STM32F4xx_HAL_Driver/Src/stm32f4xx_ll_tim.o
                0x000000000800c760                LL_TIM_Init
 .text.LL_TIM_OC_Init
                0x000000000800c894       0x82 ./Drivers/STM32F4xx_HAL_Driver/Src/stm32f4xx_ll_tim.o
                0x000000000800c894                LL_TIM_OC_Init
 *fill*         0x000000000800c916        0x2 
 .text.OC1Config
                0x000000000800c918       0xd8 ./Drivers/STM32F4xx_HAL_Driver/Src/stm32f4xx_ll_tim.o
 .text.OC2Config
                0x000000000800c9f0       0xe0 ./Drivers/STM32F4xx_HAL_Driver/Src/stm32f4xx_ll_tim.o
 .text.OC3Config
                0x000000000800cad0       0xe0 ./Drivers/STM32F4xx_HAL_Driver/Src/stm32f4xx_ll_tim.o
 .text.OC4Config
                0x000000000800cbb0       0xb0 ./Drivers/STM32F4xx_HAL_Driver/Src/stm32f4xx_ll_tim.o
 .text.LL_USART_IsEnabled
                0x000000000800cc60       0x28 ./Drivers/STM32F4xx_HAL_Driver/Src/stm32f4xx_ll_usart.o
 .text.LL_USART_SetStopBitsLength
                0x000000000800cc88       0x26 ./Drivers/STM32F4xx_HAL_Driver/Src/stm32f4xx_ll_usart.o
 .text.LL_USART_SetHWFlowCtrl
                0x000000000800ccae       0x26 ./Drivers/STM32F4xx_HAL_Driver/Src/stm32f4xx_ll_usart.o
 .text.LL_USART_SetBaudRate
                0x000000000800ccd4      0x320 ./Drivers/STM32F4xx_HAL_Driver/Src/stm32f4xx_ll_usart.o
 .text.LL_USART_Init
                0x000000000800cff4      0x100 ./Drivers/STM32F4xx_HAL_Driver/Src/stm32f4xx_ll_usart.o
                0x000000000800cff4                LL_USART_Init
 .text.__errno  0x000000000800d0f4        0xc c:/st/stm32cubeide_1.6.0/stm32cubeide/plugins/com.st.stm32cube.ide.mcu.externaltools.gnu-tools-for-stm32.9-2020-q2-update.win32_2.0.0.202105311346/tools/bin/../lib/gcc/arm-none-eabi/9.3.1/../../../../arm-none-eabi/lib/thumb/v7e-m+fp/hard\libc_nano.a(lib_a-errno.o)
                0x000000000800d0f4                __errno
 .text.__libc_init_array
                0x000000000800d100       0x48 c:/st/stm32cubeide_1.6.0/stm32cubeide/plugins/com.st.stm32cube.ide.mcu.externaltools.gnu-tools-for-stm32.9-2020-q2-update.win32_2.0.0.202105311346/tools/bin/../lib/gcc/arm-none-eabi/9.3.1/../../../../arm-none-eabi/lib/thumb/v7e-m+fp/hard\libc_nano.a(lib_a-init.o)
                0x000000000800d100                __libc_init_array
 .text.memset   0x000000000800d148       0x10 c:/st/stm32cubeide_1.6.0/stm32cubeide/plugins/com.st.stm32cube.ide.mcu.externaltools.gnu-tools-for-stm32.9-2020-q2-update.win32_2.0.0.202105311346/tools/bin/../lib/gcc/arm-none-eabi/9.3.1/../../../../arm-none-eabi/lib/thumb/v7e-m+fp/hard\libc_nano.a(lib_a-memset.o)
                0x000000000800d148                memset
 .text.__cvt    0x000000000800d158       0xc4 c:/st/stm32cubeide_1.6.0/stm32cubeide/plugins/com.st.stm32cube.ide.mcu.externaltools.gnu-tools-for-stm32.9-2020-q2-update.win32_2.0.0.202105311346/tools/bin/../lib/gcc/arm-none-eabi/9.3.1/../../../../arm-none-eabi/lib/thumb/v7e-m+fp/hard\libc_nano.a(lib_a-nano-vfprintf_float.o)
                0x000000000800d158                __cvt
 .text.__exponent
                0x000000000800d21c       0x7c c:/st/stm32cubeide_1.6.0/stm32cubeide/plugins/com.st.stm32cube.ide.mcu.externaltools.gnu-tools-for-stm32.9-2020-q2-update.win32_2.0.0.202105311346/tools/bin/../lib/gcc/arm-none-eabi/9.3.1/../../../../arm-none-eabi/lib/thumb/v7e-m+fp/hard\libc_nano.a(lib_a-nano-vfprintf_float.o)
                0x000000000800d21c                __exponent
 .text._printf_float
                0x000000000800d298      0x46c c:/st/stm32cubeide_1.6.0/stm32cubeide/plugins/com.st.stm32cube.ide.mcu.externaltools.gnu-tools-for-stm32.9-2020-q2-update.win32_2.0.0.202105311346/tools/bin/../lib/gcc/arm-none-eabi/9.3.1/../../../../arm-none-eabi/lib/thumb/v7e-m+fp/hard\libc_nano.a(lib_a-nano-vfprintf_float.o)
                0x000000000800d298                _printf_float
 .text._printf_common
                0x000000000800d704       0xda c:/st/stm32cubeide_1.6.0/stm32cubeide/plugins/com.st.stm32cube.ide.mcu.externaltools.gnu-tools-for-stm32.9-2020-q2-update.win32_2.0.0.202105311346/tools/bin/../lib/gcc/arm-none-eabi/9.3.1/../../../../arm-none-eabi/lib/thumb/v7e-m+fp/hard\libc_nano.a(lib_a-nano-vfprintf_i.o)
                0x000000000800d704                _printf_common
 *fill*         0x000000000800d7de        0x2 
 .text._printf_i
                0x000000000800d7e0      0x24c c:/st/stm32cubeide_1.6.0/stm32cubeide/plugins/com.st.stm32cube.ide.mcu.externaltools.gnu-tools-for-stm32.9-2020-q2-update.win32_2.0.0.202105311346/tools/bin/../lib/gcc/arm-none-eabi/9.3.1/../../../../arm-none-eabi/lib/thumb/v7e-m+fp/hard\libc_nano.a(lib_a-nano-vfprintf_i.o)
                0x000000000800d7e0                _printf_i
 .text.printf   0x000000000800da2c       0x30 c:/st/stm32cubeide_1.6.0/stm32cubeide/plugins/com.st.stm32cube.ide.mcu.externaltools.gnu-tools-for-stm32.9-2020-q2-update.win32_2.0.0.202105311346/tools/bin/../lib/gcc/arm-none-eabi/9.3.1/../../../../arm-none-eabi/lib/thumb/v7e-m+fp/hard\libc_nano.a(lib_a-printf.o)
                0x000000000800da2c                iprintf
                0x000000000800da2c                printf
 .text._puts_r  0x000000000800da5c       0xdc c:/st/stm32cubeide_1.6.0/stm32cubeide/plugins/com.st.stm32cube.ide.mcu.externaltools.gnu-tools-for-stm32.9-2020-q2-update.win32_2.0.0.202105311346/tools/bin/../lib/gcc/arm-none-eabi/9.3.1/../../../../arm-none-eabi/lib/thumb/v7e-m+fp/hard\libc_nano.a(lib_a-puts.o)
                0x000000000800da5c                _puts_r
 .text.puts     0x000000000800db38       0x10 c:/st/stm32cubeide_1.6.0/stm32cubeide/plugins/com.st.stm32cube.ide.mcu.externaltools.gnu-tools-for-stm32.9-2020-q2-update.win32_2.0.0.202105311346/tools/bin/../lib/gcc/arm-none-eabi/9.3.1/../../../../arm-none-eabi/lib/thumb/v7e-m+fp/hard\libc_nano.a(lib_a-puts.o)
                0x000000000800db38                puts
 .text.__swbuf_r
                0x000000000800db48       0xa4 c:/st/stm32cubeide_1.6.0/stm32cubeide/plugins/com.st.stm32cube.ide.mcu.externaltools.gnu-tools-for-stm32.9-2020-q2-update.win32_2.0.0.202105311346/tools/bin/../lib/gcc/arm-none-eabi/9.3.1/../../../../arm-none-eabi/lib/thumb/v7e-m+fp/hard\libc_nano.a(lib_a-wbuf.o)
                0x000000000800db48                __swbuf_r
 .text.__swsetup_r
                0x000000000800dbec       0xdc c:/st/stm32cubeide_1.6.0/stm32cubeide/plugins/com.st.stm32cube.ide.mcu.externaltools.gnu-tools-for-stm32.9-2020-q2-update.win32_2.0.0.202105311346/tools/bin/../lib/gcc/arm-none-eabi/9.3.1/../../../../arm-none-eabi/lib/thumb/v7e-m+fp/hard\libc_nano.a(lib_a-wsetup.o)
                0x000000000800dbec                __swsetup_r
 .text.quorem   0x000000000800dcc8      0x116 c:/st/stm32cubeide_1.6.0/stm32cubeide/plugins/com.st.stm32cube.ide.mcu.externaltools.gnu-tools-for-stm32.9-2020-q2-update.win32_2.0.0.202105311346/tools/bin/../lib/gcc/arm-none-eabi/9.3.1/../../../../arm-none-eabi/lib/thumb/v7e-m+fp/hard\libc_nano.a(lib_a-dtoa.o)
 *fill*         0x000000000800ddde        0x2 
 .text._dtoa_r  0x000000000800dde0      0xbd8 c:/st/stm32cubeide_1.6.0/stm32cubeide/plugins/com.st.stm32cube.ide.mcu.externaltools.gnu-tools-for-stm32.9-2020-q2-update.win32_2.0.0.202105311346/tools/bin/../lib/gcc/arm-none-eabi/9.3.1/../../../../arm-none-eabi/lib/thumb/v7e-m+fp/hard\libc_nano.a(lib_a-dtoa.o)
                0x000000000800dde0                _dtoa_r
 .text.__sflush_r
                0x000000000800e9b8      0x10c c:/st/stm32cubeide_1.6.0/stm32cubeide/plugins/com.st.stm32cube.ide.mcu.externaltools.gnu-tools-for-stm32.9-2020-q2-update.win32_2.0.0.202105311346/tools/bin/../lib/gcc/arm-none-eabi/9.3.1/../../../../arm-none-eabi/lib/thumb/v7e-m+fp/hard\libc_nano.a(lib_a-fflush.o)
                0x000000000800e9b8                __sflush_r
 .text._fflush_r
                0x000000000800eac4       0x78 c:/st/stm32cubeide_1.6.0/stm32cubeide/plugins/com.st.stm32cube.ide.mcu.externaltools.gnu-tools-for-stm32.9-2020-q2-update.win32_2.0.0.202105311346/tools/bin/../lib/gcc/arm-none-eabi/9.3.1/../../../../arm-none-eabi/lib/thumb/v7e-m+fp/hard\libc_nano.a(lib_a-fflush.o)
                0x000000000800eac4                _fflush_r
 .text.std      0x000000000800eb3c       0x48 c:/st/stm32cubeide_1.6.0/stm32cubeide/plugins/com.st.stm32cube.ide.mcu.externaltools.gnu-tools-for-stm32.9-2020-q2-update.win32_2.0.0.202105311346/tools/bin/../lib/gcc/arm-none-eabi/9.3.1/../../../../arm-none-eabi/lib/thumb/v7e-m+fp/hard\libc_nano.a(lib_a-findfp.o)
 .text._cleanup_r
                0x000000000800eb84        0xc c:/st/stm32cubeide_1.6.0/stm32cubeide/plugins/com.st.stm32cube.ide.mcu.externaltools.gnu-tools-for-stm32.9-2020-q2-update.win32_2.0.0.202105311346/tools/bin/../lib/gcc/arm-none-eabi/9.3.1/../../../../arm-none-eabi/lib/thumb/v7e-m+fp/hard\libc_nano.a(lib_a-findfp.o)
                0x000000000800eb84                _cleanup_r
 .text.__sfmoreglue
                0x000000000800eb90       0x2c c:/st/stm32cubeide_1.6.0/stm32cubeide/plugins/com.st.stm32cube.ide.mcu.externaltools.gnu-tools-for-stm32.9-2020-q2-update.win32_2.0.0.202105311346/tools/bin/../lib/gcc/arm-none-eabi/9.3.1/../../../../arm-none-eabi/lib/thumb/v7e-m+fp/hard\libc_nano.a(lib_a-findfp.o)
                0x000000000800eb90                __sfmoreglue
 .text.__sfp_lock_acquire
                0x000000000800ebbc        0xc c:/st/stm32cubeide_1.6.0/stm32cubeide/plugins/com.st.stm32cube.ide.mcu.externaltools.gnu-tools-for-stm32.9-2020-q2-update.win32_2.0.0.202105311346/tools/bin/../lib/gcc/arm-none-eabi/9.3.1/../../../../arm-none-eabi/lib/thumb/v7e-m+fp/hard\libc_nano.a(lib_a-findfp.o)
                0x000000000800ebbc                __sfp_lock_acquire
 .text.__sfp_lock_release
                0x000000000800ebc8        0xc c:/st/stm32cubeide_1.6.0/stm32cubeide/plugins/com.st.stm32cube.ide.mcu.externaltools.gnu-tools-for-stm32.9-2020-q2-update.win32_2.0.0.202105311346/tools/bin/../lib/gcc/arm-none-eabi/9.3.1/../../../../arm-none-eabi/lib/thumb/v7e-m+fp/hard\libc_nano.a(lib_a-findfp.o)
                0x000000000800ebc8                __sfp_lock_release
 .text.__sinit_lock_acquire
                0x000000000800ebd4        0xc c:/st/stm32cubeide_1.6.0/stm32cubeide/plugins/com.st.stm32cube.ide.mcu.externaltools.gnu-tools-for-stm32.9-2020-q2-update.win32_2.0.0.202105311346/tools/bin/../lib/gcc/arm-none-eabi/9.3.1/../../../../arm-none-eabi/lib/thumb/v7e-m+fp/hard\libc_nano.a(lib_a-findfp.o)
                0x000000000800ebd4                __sinit_lock_acquire
 .text.__sinit_lock_release
                0x000000000800ebe0        0xc c:/st/stm32cubeide_1.6.0/stm32cubeide/plugins/com.st.stm32cube.ide.mcu.externaltools.gnu-tools-for-stm32.9-2020-q2-update.win32_2.0.0.202105311346/tools/bin/../lib/gcc/arm-none-eabi/9.3.1/../../../../arm-none-eabi/lib/thumb/v7e-m+fp/hard\libc_nano.a(lib_a-findfp.o)
                0x000000000800ebe0                __sinit_lock_release
 .text.__sinit  0x000000000800ebec       0x70 c:/st/stm32cubeide_1.6.0/stm32cubeide/plugins/com.st.stm32cube.ide.mcu.externaltools.gnu-tools-for-stm32.9-2020-q2-update.win32_2.0.0.202105311346/tools/bin/../lib/gcc/arm-none-eabi/9.3.1/../../../../arm-none-eabi/lib/thumb/v7e-m+fp/hard\libc_nano.a(lib_a-findfp.o)
                0x000000000800ebec                __sinit
 .text.__sfp    0x000000000800ec5c       0x8c c:/st/stm32cubeide_1.6.0/stm32cubeide/plugins/com.st.stm32cube.ide.mcu.externaltools.gnu-tools-for-stm32.9-2020-q2-update.win32_2.0.0.202105311346/tools/bin/../lib/gcc/arm-none-eabi/9.3.1/../../../../arm-none-eabi/lib/thumb/v7e-m+fp/hard\libc_nano.a(lib_a-findfp.o)
                0x000000000800ec5c                __sfp
 .text._fwalk_reent
                0x000000000800ece8       0x3e c:/st/stm32cubeide_1.6.0/stm32cubeide/plugins/com.st.stm32cube.ide.mcu.externaltools.gnu-tools-for-stm32.9-2020-q2-update.win32_2.0.0.202105311346/tools/bin/../lib/gcc/arm-none-eabi/9.3.1/../../../../arm-none-eabi/lib/thumb/v7e-m+fp/hard\libc_nano.a(lib_a-fwalk.o)
                0x000000000800ece8                _fwalk_reent
 *fill*         0x000000000800ed26        0x2 
 .text._localeconv_r
                0x000000000800ed28        0x8 c:/st/stm32cubeide_1.6.0/stm32cubeide/plugins/com.st.stm32cube.ide.mcu.externaltools.gnu-tools-for-stm32.9-2020-q2-update.win32_2.0.0.202105311346/tools/bin/../lib/gcc/arm-none-eabi/9.3.1/../../../../arm-none-eabi/lib/thumb/v7e-m+fp/hard\libc_nano.a(lib_a-localeconv.o)
                0x000000000800ed28                _localeconv_r
 .text.__retarget_lock_init_recursive
                0x000000000800ed30        0x2 c:/st/stm32cubeide_1.6.0/stm32cubeide/plugins/com.st.stm32cube.ide.mcu.externaltools.gnu-tools-for-stm32.9-2020-q2-update.win32_2.0.0.202105311346/tools/bin/../lib/gcc/arm-none-eabi/9.3.1/../../../../arm-none-eabi/lib/thumb/v7e-m+fp/hard\libc_nano.a(lib_a-lock.o)
                0x000000000800ed30                __retarget_lock_init_recursive
 .text.__retarget_lock_acquire_recursive
                0x000000000800ed32        0x2 c:/st/stm32cubeide_1.6.0/stm32cubeide/plugins/com.st.stm32cube.ide.mcu.externaltools.gnu-tools-for-stm32.9-2020-q2-update.win32_2.0.0.202105311346/tools/bin/../lib/gcc/arm-none-eabi/9.3.1/../../../../arm-none-eabi/lib/thumb/v7e-m+fp/hard\libc_nano.a(lib_a-lock.o)
                0x000000000800ed32                __retarget_lock_acquire_recursive
 .text.__retarget_lock_release_recursive
                0x000000000800ed34        0x2 c:/st/stm32cubeide_1.6.0/stm32cubeide/plugins/com.st.stm32cube.ide.mcu.externaltools.gnu-tools-for-stm32.9-2020-q2-update.win32_2.0.0.202105311346/tools/bin/../lib/gcc/arm-none-eabi/9.3.1/../../../../arm-none-eabi/lib/thumb/v7e-m+fp/hard\libc_nano.a(lib_a-lock.o)
                0x000000000800ed34                __retarget_lock_release_recursive
 .text.__swhatbuf_r
                0x000000000800ed36       0x48 c:/st/stm32cubeide_1.6.0/stm32cubeide/plugins/com.st.stm32cube.ide.mcu.externaltools.gnu-tools-for-stm32.9-2020-q2-update.win32_2.0.0.202105311346/tools/bin/../lib/gcc/arm-none-eabi/9.3.1/../../../../arm-none-eabi/lib/thumb/v7e-m+fp/hard\libc_nano.a(lib_a-makebuf.o)
                0x000000000800ed36                __swhatbuf_r
 *fill*         0x000000000800ed7e        0x2 
 .text.__smakebuf_r
                0x000000000800ed80       0x80 c:/st/stm32cubeide_1.6.0/stm32cubeide/plugins/com.st.stm32cube.ide.mcu.externaltools.gnu-tools-for-stm32.9-2020-q2-update.win32_2.0.0.202105311346/tools/bin/../lib/gcc/arm-none-eabi/9.3.1/../../../../arm-none-eabi/lib/thumb/v7e-m+fp/hard\libc_nano.a(lib_a-makebuf.o)
                0x000000000800ed80                __smakebuf_r
 .text.malloc   0x000000000800ee00       0x10 c:/st/stm32cubeide_1.6.0/stm32cubeide/plugins/com.st.stm32cube.ide.mcu.externaltools.gnu-tools-for-stm32.9-2020-q2-update.win32_2.0.0.202105311346/tools/bin/../lib/gcc/arm-none-eabi/9.3.1/../../../../arm-none-eabi/lib/thumb/v7e-m+fp/hard\libc_nano.a(lib_a-malloc.o)
                0x000000000800ee00                malloc
 .text.memcpy   0x000000000800ee10       0x1c c:/st/stm32cubeide_1.6.0/stm32cubeide/plugins/com.st.stm32cube.ide.mcu.externaltools.gnu-tools-for-stm32.9-2020-q2-update.win32_2.0.0.202105311346/tools/bin/../lib/gcc/arm-none-eabi/9.3.1/../../../../arm-none-eabi/lib/thumb/v7e-m+fp/hard\libc_nano.a(lib_a-memcpy-stub.o)
                0x000000000800ee10                memcpy
 .text._Balloc  0x000000000800ee2c       0x80 c:/st/stm32cubeide_1.6.0/stm32cubeide/plugins/com.st.stm32cube.ide.mcu.externaltools.gnu-tools-for-stm32.9-2020-q2-update.win32_2.0.0.202105311346/tools/bin/../lib/gcc/arm-none-eabi/9.3.1/../../../../arm-none-eabi/lib/thumb/v7e-m+fp/hard\libc_nano.a(lib_a-mprec.o)
                0x000000000800ee2c                _Balloc
 .text._Bfree   0x000000000800eeac       0x44 c:/st/stm32cubeide_1.6.0/stm32cubeide/plugins/com.st.stm32cube.ide.mcu.externaltools.gnu-tools-for-stm32.9-2020-q2-update.win32_2.0.0.202105311346/tools/bin/../lib/gcc/arm-none-eabi/9.3.1/../../../../arm-none-eabi/lib/thumb/v7e-m+fp/hard\libc_nano.a(lib_a-mprec.o)
                0x000000000800eeac                _Bfree
 .text.__multadd
                0x000000000800eef0       0x94 c:/st/stm32cubeide_1.6.0/stm32cubeide/plugins/com.st.stm32cube.ide.mcu.externaltools.gnu-tools-for-stm32.9-2020-q2-update.win32_2.0.0.202105311346/tools/bin/../lib/gcc/arm-none-eabi/9.3.1/../../../../arm-none-eabi/lib/thumb/v7e-m+fp/hard\libc_nano.a(lib_a-mprec.o)
                0x000000000800eef0                __multadd
 .text.__hi0bits
                0x000000000800ef84       0x40 c:/st/stm32cubeide_1.6.0/stm32cubeide/plugins/com.st.stm32cube.ide.mcu.externaltools.gnu-tools-for-stm32.9-2020-q2-update.win32_2.0.0.202105311346/tools/bin/../lib/gcc/arm-none-eabi/9.3.1/../../../../arm-none-eabi/lib/thumb/v7e-m+fp/hard\libc_nano.a(lib_a-mprec.o)
                0x000000000800ef84                __hi0bits
 .text.__lo0bits
                0x000000000800efc4       0x60 c:/st/stm32cubeide_1.6.0/stm32cubeide/plugins/com.st.stm32cube.ide.mcu.externaltools.gnu-tools-for-stm32.9-2020-q2-update.win32_2.0.0.202105311346/tools/bin/../lib/gcc/arm-none-eabi/9.3.1/../../../../arm-none-eabi/lib/thumb/v7e-m+fp/hard\libc_nano.a(lib_a-mprec.o)
                0x000000000800efc4                __lo0bits
 .text.__i2b    0x000000000800f024       0x2c c:/st/stm32cubeide_1.6.0/stm32cubeide/plugins/com.st.stm32cube.ide.mcu.externaltools.gnu-tools-for-stm32.9-2020-q2-update.win32_2.0.0.202105311346/tools/bin/../lib/gcc/arm-none-eabi/9.3.1/../../../../arm-none-eabi/lib/thumb/v7e-m+fp/hard\libc_nano.a(lib_a-mprec.o)
                0x000000000800f024                __i2b
 .text.__multiply
                0x000000000800f050      0x14c c:/st/stm32cubeide_1.6.0/stm32cubeide/plugins/com.st.stm32cube.ide.mcu.externaltools.gnu-tools-for-stm32.9-2020-q2-update.win32_2.0.0.202105311346/tools/bin/../lib/gcc/arm-none-eabi/9.3.1/../../../../arm-none-eabi/lib/thumb/v7e-m+fp/hard\libc_nano.a(lib_a-mprec.o)
                0x000000000800f050                __multiply
 .text.__pow5mult
                0x000000000800f19c       0xb4 c:/st/stm32cubeide_1.6.0/stm32cubeide/plugins/com.st.stm32cube.ide.mcu.externaltools.gnu-tools-for-stm32.9-2020-q2-update.win32_2.0.0.202105311346/tools/bin/../lib/gcc/arm-none-eabi/9.3.1/../../../../arm-none-eabi/lib/thumb/v7e-m+fp/hard\libc_nano.a(lib_a-mprec.o)
                0x000000000800f19c                __pow5mult
 .text.__lshift
                0x000000000800f250       0xd8 c:/st/stm32cubeide_1.6.0/stm32cubeide/plugins/com.st.stm32cube.ide.mcu.externaltools.gnu-tools-for-stm32.9-2020-q2-update.win32_2.0.0.202105311346/tools/bin/../lib/gcc/arm-none-eabi/9.3.1/../../../../arm-none-eabi/lib/thumb/v7e-m+fp/hard\libc_nano.a(lib_a-mprec.o)
                0x000000000800f250                __lshift
 .text.__mcmp   0x000000000800f328       0x38 c:/st/stm32cubeide_1.6.0/stm32cubeide/plugins/com.st.stm32cube.ide.mcu.externaltools.gnu-tools-for-stm32.9-2020-q2-update.win32_2.0.0.202105311346/tools/bin/../lib/gcc/arm-none-eabi/9.3.1/../../../../arm-none-eabi/lib/thumb/v7e-m+fp/hard\libc_nano.a(lib_a-mprec.o)
                0x000000000800f328                __mcmp
 .text.__mdiff  0x000000000800f360      0x110 c:/st/stm32cubeide_1.6.0/stm32cubeide/plugins/com.st.stm32cube.ide.mcu.externaltools.gnu-tools-for-stm32.9-2020-q2-update.win32_2.0.0.202105311346/tools/bin/../lib/gcc/arm-none-eabi/9.3.1/../../../../arm-none-eabi/lib/thumb/v7e-m+fp/hard\libc_nano.a(lib_a-mprec.o)
                0x000000000800f360                __mdiff
 .text.__d2b    0x000000000800f470       0xb8 c:/st/stm32cubeide_1.6.0/stm32cubeide/plugins/com.st.stm32cube.ide.mcu.externaltools.gnu-tools-for-stm32.9-2020-q2-update.win32_2.0.0.202105311346/tools/bin/../lib/gcc/arm-none-eabi/9.3.1/../../../../arm-none-eabi/lib/thumb/v7e-m+fp/hard\libc_nano.a(lib_a-mprec.o)
                0x000000000800f470                __d2b
 .text._calloc_r
                0x000000000800f528       0x1e c:/st/stm32cubeide_1.6.0/stm32cubeide/plugins/com.st.stm32cube.ide.mcu.externaltools.gnu-tools-for-stm32.9-2020-q2-update.win32_2.0.0.202105311346/tools/bin/../lib/gcc/arm-none-eabi/9.3.1/../../../../arm-none-eabi/lib/thumb/v7e-m+fp/hard\libc_nano.a(lib_a-nano-callocr.o)
                0x000000000800f528                _calloc_r
 *fill*         0x000000000800f546        0x2 
 .text._free_r  0x000000000800f548       0xa0 c:/st/stm32cubeide_1.6.0/stm32cubeide/plugins/com.st.stm32cube.ide.mcu.externaltools.gnu-tools-for-stm32.9-2020-q2-update.win32_2.0.0.202105311346/tools/bin/../lib/gcc/arm-none-eabi/9.3.1/../../../../arm-none-eabi/lib/thumb/v7e-m+fp/hard\libc_nano.a(lib_a-nano-freer.o)
                0x000000000800f548                _free_r
 .text._malloc_r
                0x000000000800f5e8       0xb4 c:/st/stm32cubeide_1.6.0/stm32cubeide/plugins/com.st.stm32cube.ide.mcu.externaltools.gnu-tools-for-stm32.9-2020-q2-update.win32_2.0.0.202105311346/tools/bin/../lib/gcc/arm-none-eabi/9.3.1/../../../../arm-none-eabi/lib/thumb/v7e-m+fp/hard\libc_nano.a(lib_a-nano-mallocr.o)
                0x000000000800f5e8                _malloc_r
 .text.__sfputc_r
                0x000000000800f69c       0x2e c:/st/stm32cubeide_1.6.0/stm32cubeide/plugins/com.st.stm32cube.ide.mcu.externaltools.gnu-tools-for-stm32.9-2020-q2-update.win32_2.0.0.202105311346/tools/bin/../lib/gcc/arm-none-eabi/9.3.1/../../../../arm-none-eabi/lib/thumb/v7e-m+fp/hard\libc_nano.a(lib_a-nano-vfprintf.o)
 .text.__sfputs_r
                0x000000000800f6ca       0x24 c:/st/stm32cubeide_1.6.0/stm32cubeide/plugins/com.st.stm32cube.ide.mcu.externaltools.gnu-tools-for-stm32.9-2020-q2-update.win32_2.0.0.202105311346/tools/bin/../lib/gcc/arm-none-eabi/9.3.1/../../../../arm-none-eabi/lib/thumb/v7e-m+fp/hard\libc_nano.a(lib_a-nano-vfprintf.o)
                0x000000000800f6ca                __sfputs_r
 *fill*         0x000000000800f6ee        0x2 
 .text._vfprintf_r
                0x000000000800f6f0      0x260 c:/st/stm32cubeide_1.6.0/stm32cubeide/plugins/com.st.stm32cube.ide.mcu.externaltools.gnu-tools-for-stm32.9-2020-q2-update.win32_2.0.0.202105311346/tools/bin/../lib/gcc/arm-none-eabi/9.3.1/../../../../arm-none-eabi/lib/thumb/v7e-m+fp/hard\libc_nano.a(lib_a-nano-vfprintf.o)
                0x000000000800f6f0                _vfprintf_r
                0x000000000800f6f0                _vfiprintf_r
 .text._sbrk_r  0x000000000800f950       0x20 c:/st/stm32cubeide_1.6.0/stm32cubeide/plugins/com.st.stm32cube.ide.mcu.externaltools.gnu-tools-for-stm32.9-2020-q2-update.win32_2.0.0.202105311346/tools/bin/../lib/gcc/arm-none-eabi/9.3.1/../../../../arm-none-eabi/lib/thumb/v7e-m+fp/hard\libc_nano.a(lib_a-sbrkr.o)
                0x000000000800f950                _sbrk_r
 .text.__sread  0x000000000800f970       0x22 c:/st/stm32cubeide_1.6.0/stm32cubeide/plugins/com.st.stm32cube.ide.mcu.externaltools.gnu-tools-for-stm32.9-2020-q2-update.win32_2.0.0.202105311346/tools/bin/../lib/gcc/arm-none-eabi/9.3.1/../../../../arm-none-eabi/lib/thumb/v7e-m+fp/hard\libc_nano.a(lib_a-stdio.o)
                0x000000000800f970                __sread
 .text.__swrite
                0x000000000800f992       0x38 c:/st/stm32cubeide_1.6.0/stm32cubeide/plugins/com.st.stm32cube.ide.mcu.externaltools.gnu-tools-for-stm32.9-2020-q2-update.win32_2.0.0.202105311346/tools/bin/../lib/gcc/arm-none-eabi/9.3.1/../../../../arm-none-eabi/lib/thumb/v7e-m+fp/hard\libc_nano.a(lib_a-stdio.o)
                0x000000000800f992                __swrite
 .text.__sseek  0x000000000800f9ca       0x24 c:/st/stm32cubeide_1.6.0/stm32cubeide/plugins/com.st.stm32cube.ide.mcu.externaltools.gnu-tools-for-stm32.9-2020-q2-update.win32_2.0.0.202105311346/tools/bin/../lib/gcc/arm-none-eabi/9.3.1/../../../../arm-none-eabi/lib/thumb/v7e-m+fp/hard\libc_nano.a(lib_a-stdio.o)
                0x000000000800f9ca                __sseek
 .text.__sclose
                0x000000000800f9ee        0x8 c:/st/stm32cubeide_1.6.0/stm32cubeide/plugins/com.st.stm32cube.ide.mcu.externaltools.gnu-tools-for-stm32.9-2020-q2-update.win32_2.0.0.202105311346/tools/bin/../lib/gcc/arm-none-eabi/9.3.1/../../../../arm-none-eabi/lib/thumb/v7e-m+fp/hard\libc_nano.a(lib_a-stdio.o)
                0x000000000800f9ee                __sclose
 *fill*         0x000000000800f9f6        0x2 
 .text._write_r
                0x000000000800f9f8       0x24 c:/st/stm32cubeide_1.6.0/stm32cubeide/plugins/com.st.stm32cube.ide.mcu.externaltools.gnu-tools-for-stm32.9-2020-q2-update.win32_2.0.0.202105311346/tools/bin/../lib/gcc/arm-none-eabi/9.3.1/../../../../arm-none-eabi/lib/thumb/v7e-m+fp/hard\libc_nano.a(lib_a-writer.o)
                0x000000000800f9f8                _write_r
 .text.__assert_func
                0x000000000800fa1c       0x3c c:/st/stm32cubeide_1.6.0/stm32cubeide/plugins/com.st.stm32cube.ide.mcu.externaltools.gnu-tools-for-stm32.9-2020-q2-update.win32_2.0.0.202105311346/tools/bin/../lib/gcc/arm-none-eabi/9.3.1/../../../../arm-none-eabi/lib/thumb/v7e-m+fp/hard\libc_nano.a(lib_a-assert.o)
                0x000000000800fa1c                __assert_func
 .text._close_r
                0x000000000800fa58       0x20 c:/st/stm32cubeide_1.6.0/stm32cubeide/plugins/com.st.stm32cube.ide.mcu.externaltools.gnu-tools-for-stm32.9-2020-q2-update.win32_2.0.0.202105311346/tools/bin/../lib/gcc/arm-none-eabi/9.3.1/../../../../arm-none-eabi/lib/thumb/v7e-m+fp/hard\libc_nano.a(lib_a-closer.o)
                0x000000000800fa58                _close_r
 .text.fprintf  0x000000000800fa78       0x24 c:/st/stm32cubeide_1.6.0/stm32cubeide/plugins/com.st.stm32cube.ide.mcu.externaltools.gnu-tools-for-stm32.9-2020-q2-update.win32_2.0.0.202105311346/tools/bin/../lib/gcc/arm-none-eabi/9.3.1/../../../../arm-none-eabi/lib/thumb/v7e-m+fp/hard\libc_nano.a(lib_a-fprintf.o)
                0x000000000800fa78                fiprintf
                0x000000000800fa78                fprintf
 .text._fstat_r
                0x000000000800fa9c       0x24 c:/st/stm32cubeide_1.6.0/stm32cubeide/plugins/com.st.stm32cube.ide.mcu.externaltools.gnu-tools-for-stm32.9-2020-q2-update.win32_2.0.0.202105311346/tools/bin/../lib/gcc/arm-none-eabi/9.3.1/../../../../arm-none-eabi/lib/thumb/v7e-m+fp/hard\libc_nano.a(lib_a-fstatr.o)
                0x000000000800fa9c                _fstat_r
 .text._isatty_r
                0x000000000800fac0       0x20 c:/st/stm32cubeide_1.6.0/stm32cubeide/plugins/com.st.stm32cube.ide.mcu.externaltools.gnu-tools-for-stm32.9-2020-q2-update.win32_2.0.0.202105311346/tools/bin/../lib/gcc/arm-none-eabi/9.3.1/../../../../arm-none-eabi/lib/thumb/v7e-m+fp/hard\libc_nano.a(lib_a-isattyr.o)
                0x000000000800fac0                _isatty_r
 .text._lseek_r
                0x000000000800fae0       0x24 c:/st/stm32cubeide_1.6.0/stm32cubeide/plugins/com.st.stm32cube.ide.mcu.externaltools.gnu-tools-for-stm32.9-2020-q2-update.win32_2.0.0.202105311346/tools/bin/../lib/gcc/arm-none-eabi/9.3.1/../../../../arm-none-eabi/lib/thumb/v7e-m+fp/hard\libc_nano.a(lib_a-lseekr.o)
                0x000000000800fae0                _lseek_r
 .text.__ascii_mbtowc
                0x000000000800fb04       0x24 c:/st/stm32cubeide_1.6.0/stm32cubeide/plugins/com.st.stm32cube.ide.mcu.externaltools.gnu-tools-for-stm32.9-2020-q2-update.win32_2.0.0.202105311346/tools/bin/../lib/gcc/arm-none-eabi/9.3.1/../../../../arm-none-eabi/lib/thumb/v7e-m+fp/hard\libc_nano.a(lib_a-mbtowc_r.o)
                0x000000000800fb04                __ascii_mbtowc
 .text.__malloc_lock
                0x000000000800fb28        0xc c:/st/stm32cubeide_1.6.0/stm32cubeide/plugins/com.st.stm32cube.ide.mcu.externaltools.gnu-tools-for-stm32.9-2020-q2-update.win32_2.0.0.202105311346/tools/bin/../lib/gcc/arm-none-eabi/9.3.1/../../../../arm-none-eabi/lib/thumb/v7e-m+fp/hard\libc_nano.a(lib_a-mlock.o)
                0x000000000800fb28                __malloc_lock
 .text.__malloc_unlock
                0x000000000800fb34        0xc c:/st/stm32cubeide_1.6.0/stm32cubeide/plugins/com.st.stm32cube.ide.mcu.externaltools.gnu-tools-for-stm32.9-2020-q2-update.win32_2.0.0.202105311346/tools/bin/../lib/gcc/arm-none-eabi/9.3.1/../../../../arm-none-eabi/lib/thumb/v7e-m+fp/hard\libc_nano.a(lib_a-mlock.o)
                0x000000000800fb34                __malloc_unlock
 .text._read_r  0x000000000800fb40       0x24 c:/st/stm32cubeide_1.6.0/stm32cubeide/plugins/com.st.stm32cube.ide.mcu.externaltools.gnu-tools-for-stm32.9-2020-q2-update.win32_2.0.0.202105311346/tools/bin/../lib/gcc/arm-none-eabi/9.3.1/../../../../arm-none-eabi/lib/thumb/v7e-m+fp/hard\libc_nano.a(lib_a-readr.o)
                0x000000000800fb40                _read_r
 .text.__ascii_wctomb
                0x000000000800fb64       0x1a c:/st/stm32cubeide_1.6.0/stm32cubeide/plugins/com.st.stm32cube.ide.mcu.externaltools.gnu-tools-for-stm32.9-2020-q2-update.win32_2.0.0.202105311346/tools/bin/../lib/gcc/arm-none-eabi/9.3.1/../../../../arm-none-eabi/lib/thumb/v7e-m+fp/hard\libc_nano.a(lib_a-wctomb_r.o)
                0x000000000800fb64                __ascii_wctomb
 .text.abort    0x000000000800fb7e        0xe c:/st/stm32cubeide_1.6.0/stm32cubeide/plugins/com.st.stm32cube.ide.mcu.externaltools.gnu-tools-for-stm32.9-2020-q2-update.win32_2.0.0.202105311346/tools/bin/../lib/gcc/arm-none-eabi/9.3.1/../../../../arm-none-eabi/lib/thumb/v7e-m+fp/hard\libc_nano.a(lib_a-abort.o)
                0x000000000800fb7e                abort
 .text._raise_r
                0x000000000800fb8c       0x50 c:/st/stm32cubeide_1.6.0/stm32cubeide/plugins/com.st.stm32cube.ide.mcu.externaltools.gnu-tools-for-stm32.9-2020-q2-update.win32_2.0.0.202105311346/tools/bin/../lib/gcc/arm-none-eabi/9.3.1/../../../../arm-none-eabi/lib/thumb/v7e-m+fp/hard\libc_nano.a(lib_a-signal.o)
                0x000000000800fb8c                _raise_r
 .text.raise    0x000000000800fbdc       0x10 c:/st/stm32cubeide_1.6.0/stm32cubeide/plugins/com.st.stm32cube.ide.mcu.externaltools.gnu-tools-for-stm32.9-2020-q2-update.win32_2.0.0.202105311346/tools/bin/../lib/gcc/arm-none-eabi/9.3.1/../../../../arm-none-eabi/lib/thumb/v7e-m+fp/hard\libc_nano.a(lib_a-signal.o)
                0x000000000800fbdc                raise
 .text._kill_r  0x000000000800fbec       0x24 c:/st/stm32cubeide_1.6.0/stm32cubeide/plugins/com.st.stm32cube.ide.mcu.externaltools.gnu-tools-for-stm32.9-2020-q2-update.win32_2.0.0.202105311346/tools/bin/../lib/gcc/arm-none-eabi/9.3.1/../../../../arm-none-eabi/lib/thumb/v7e-m+fp/hard\libc_nano.a(lib_a-signalr.o)
                0x000000000800fbec                _kill_r
 .text._getpid_r
                0x000000000800fc10        0x4 c:/st/stm32cubeide_1.6.0/stm32cubeide/plugins/com.st.stm32cube.ide.mcu.externaltools.gnu-tools-for-stm32.9-2020-q2-update.win32_2.0.0.202105311346/tools/bin/../lib/gcc/arm-none-eabi/9.3.1/../../../../arm-none-eabi/lib/thumb/v7e-m+fp/hard\libc_nano.a(lib_a-signalr.o)
                0x000000000800fc10                _getpid_r
 *fill*         0x000000000800fc14        0x4 
 .text.cos      0x000000000800fc18       0xa0 c:/st/stm32cubeide_1.6.0/stm32cubeide/plugins/com.st.stm32cube.ide.mcu.externaltools.gnu-tools-for-stm32.9-2020-q2-update.win32_2.0.0.202105311346/tools/bin/../lib/gcc/arm-none-eabi/9.3.1/../../../../arm-none-eabi/lib/thumb/v7e-m+fp/hard\libm.a(lib_a-s_cos.o)
                0x000000000800fc18                cos
 .text.sin      0x000000000800fcb8       0xa8 c:/st/stm32cubeide_1.6.0/stm32cubeide/plugins/com.st.stm32cube.ide.mcu.externaltools.gnu-tools-for-stm32.9-2020-q2-update.win32_2.0.0.202105311346/tools/bin/../lib/gcc/arm-none-eabi/9.3.1/../../../../arm-none-eabi/lib/thumb/v7e-m+fp/hard\libm.a(lib_a-s_sin.o)
                0x000000000800fcb8                sin
 .text.asinf    0x000000000800fd60       0x64 c:/st/stm32cubeide_1.6.0/stm32cubeide/plugins/com.st.stm32cube.ide.mcu.externaltools.gnu-tools-for-stm32.9-2020-q2-update.win32_2.0.0.202105311346/tools/bin/../lib/gcc/arm-none-eabi/9.3.1/../../../../arm-none-eabi/lib/thumb/v7e-m+fp/hard\libm.a(lib_a-wf_asin.o)
                0x000000000800fd60                asinf
 .text.atan2f   0x000000000800fdc4        0x4 c:/st/stm32cubeide_1.6.0/stm32cubeide/plugins/com.st.stm32cube.ide.mcu.externaltools.gnu-tools-for-stm32.9-2020-q2-update.win32_2.0.0.202105311346/tools/bin/../lib/gcc/arm-none-eabi/9.3.1/../../../../arm-none-eabi/lib/thumb/v7e-m+fp/hard\libm.a(lib_a-wf_atan2.o)
                0x000000000800fdc4                atan2f